Started with run options --seed 35062


Progress: |[0m[1000D[K[31mERROR[0m["test_post_edit_and_destroy_a_fully_detailed_observation_in_a_new_location", #<Minitest::Reporters::Suite:0x000000000995eee0 @name="PostObservationTest">, 2.0392971390000127]
 test_post_edit_and_destroy_a_fully_detailed_observation_in_a_new_location#PostObservationTest (2.04s)
Minitest::UnexpectedError:         NoMethodError: undefined method `device' for #<Browser::Bot:0x0000000009925cf8>
            app/extensions/browser_extensions.rb:5:in `bot?'
            app/controllers/application_controller.rb:236:in `request_stats'
            app/controllers/application_controller.rb:223:in `catch_errors_and_log_request_stats'
            test/session_extensions.rb:93:in `get'
            test/session_extensions.rb:70:in `process_with_error_checking'
            test/session_extensions.rb:91:in `get'
            test/integration/post_observation_test.rb:35:in `open_create_observation_form'
            test/integration/post_observation_test.rb:20:in `test_post_edit_and_destroy_a_fully_detailed_observation_in_a_new_location'

[0m[1000D[K[31mERROR[0m["test_links_to_observations_of", #<Minitest::Reporters::Suite:0x0000000009c9d598 @name="ShowNameHelperTest">, 2.1529402040000036]
 test_links_to_observations_of#ShowNameHelperTest (2.15s)
Minitest::UnexpectedError:         NoMethodError: undefined method `device' for #<Browser::Bot:0x0000000009c78770>
            app/extensions/browser_extensions.rb:5:in `bot?'
            app/controllers/application_controller.rb:236:in `request_stats'
            app/controllers/application_controller.rb:223:in `catch_errors_and_log_request_stats'
            test/session_extensions.rb:93:in `get'
            test/session_extensions.rb:70:in `process_with_error_checking'
            test/session_extensions.rb:91:in `get'
            test/integration/show_name_helper_test.rb:10:in `test_links_to_observations_of'

[0m[1000D[K[31mERROR[0m["test_poke_around", #<Minitest::Reporters::Suite:0x000000000353f478 @name="CapybarLurkerTest">, 2.211798497000018]
 test_poke_around#CapybarLurkerTest (2.21s)
Minitest::UnexpectedError:         NoMethodError: undefined method `device' for #<Browser::Bot:0x00000000032d47b0>
            app/extensions/browser_extensions.rb:5:in `bot?'
            app/controllers/application_controller.rb:236:in `request_stats'
            app/controllers/application_controller.rb:223:in `catch_errors_and_log_request_stats'
            test/integration/capybara_lurker_test.rb:12:in `test_poke_around'

[32m=[0m[0m[1000D[K[31mERROR[0m["test_show_observation", #<Minitest::Reporters::Suite:0x00000000049a7758 @name="CapybarLurkerTest">, 2.2242194430000097]
 test_show_observation#CapybarLurkerTest (2.22s)
Minitest::UnexpectedError:         NoMethodError: undefined method `device' for #<Browser::Bot:0x0000000003c21cc8>
            app/extensions/browser_extensions.rb:5:in `bot?'
            app/controllers/application_controller.rb:236:in `request_stats'
            app/controllers/application_controller.rb:223:in `catch_errors_and_log_request_stats'
            test/integration/capybara_lurker_test.rb:94:in `test_show_observation'

[0m[1000D[K[31mERROR[0m["test_list_interests", #<Minitest::Reporters::Suite:0x000000000732c0b0 @name="InterestControllerTest">, 3.012896423000001]
 test_list_interests#InterestControllerTest (3.01s)
Minitest::UnexpectedError:         ActionView::Template::Error: undefined method `safe_join' for "":ActiveSupport::SafeBuffer
        Did you mean?  safe_concat
            app/helpers/pagination_helper.rb:118:in `block (2 levels) in pagination_numbers'
            app/helpers/pagination_helper.rb:117:in `block in pagination_numbers'
            app/helpers/pagination_helper.rb:116:in `pagination_numbers'
            app/helpers/pagination_helper.rb:15:in `paginate_block'
            app/views/interests/list_interests.html.erb:5:in `_app_views_interest_list_interests_html_erb__853313189323765781_59674980'
            app/controllers/application_controller.rb:224:in `catch_errors_and_log_request_stats'
            test/functional_test_case.rb:24:in `get'
            test/controller_extensions.rb:112:in `get_with_dump'
            test/controllers/interest_controller_test.rb:12:in `test_list_interests'

[0m[1000D[K[31mERROR[0m["test_add_comment", #<Minitest::Reporters::Suite:0x000000000bb9f590 @name="CommentControllerTest">, 24.374674435000003]
 test_add_comment#CommentControllerTest (24.37s)
Minitest::UnexpectedError:         ActionView::Template::Error: wrong number of arguments (given 1, expected 0)
            app/views/layouts/application.html.erb:66:in `_app_views_layouts_application_html_erb__39940670809711777_59906580'
            app/controllers/application_controller.rb:224:in `catch_errors_and_log_request_stats'
            test/functional_test_case.rb:24:in `get'
            test/controller_extensions.rb:112:in `get_with_dump'
            test/controller_extensions.rb:469:in `assert_request'
            test/controller_extensions.rb:213:in `either_requires_either'
            test/controller_extensions.rb:135:in `requires_login'
            test/controllers/comment_controller_test.rb:29:in `test_add_comment'

[0m[1000D[K[31mERROR[0m["test_edit_comment", #<Minitest::Reporters::Suite:0x000000000e57eb40 @name="CommentControllerTest">, 25.28683148800002]
 test_edit_comment#CommentControllerTest (25.29s)
Minitest::UnexpectedError:         ActionView::Template::Error: wrong number of arguments (given 1, expected 0)
            app/views/layouts/application.html.erb:66:in `_app_views_layouts_application_html_erb__39940670809711777_59906580'
            app/controllers/application_controller.rb:224:in `catch_errors_and_log_request_stats'
            test/functional_test_case.rb:24:in `get'
            test/controller_extensions.rb:112:in `get_with_dump'
            test/controller_extensions.rb:469:in `assert_request'
            test/controller_extensions.rb:213:in `either_requires_either'
            test/controller_extensions.rb:155:in `requires_user'
            test/controllers/comment_controller_test.rb:53:in `test_edit_comment'

[0m[1000D[K[31mERROR[0m["test_add_comment_to_name_with_synonyms", #<Minitest::Reporters::Suite:0x000000000cbec948 @name="CommentControllerTest">, 25.35532501100002]
 test_add_comment_to_name_with_synonyms#CommentControllerTest (25.36s)
Minitest::UnexpectedError:         ActionView::Template::Error: wrong number of arguments (given 1, expected 0)
            app/views/layouts/application.html.erb:66:in `_app_views_layouts_application_html_erb__39940670809711777_59906580'
            app/controllers/application_controller.rb:224:in `catch_errors_and_log_request_stats'
            test/functional_test_case.rb:24:in `get'
            test/controller_extensions.rb:112:in `get_with_dump'
            test/controller_extensions.rb:469:in `assert_request'
            test/controller_extensions.rb:213:in `either_requires_either'
            test/controller_extensions.rb:135:in `requires_login'
            test/controllers/comment_controller_test.rb:35:in `test_add_comment_to_name_with_synonyms'

[0m[1000D[K[31mERROR[0m["test_show_comment", #<Minitest::Reporters::Suite:0x000000000e587240 @name="CommentControllerTest">, 25.39938712]
 test_show_comment#CommentControllerTest (25.40s)
Minitest::UnexpectedError:         ActionView::Template::Error: wrong number of arguments (given 1, expected 0)
            app/views/layouts/application.html.erb:66:in `_app_views_layouts_application_html_erb__39940670809711777_59906580'
            app/controllers/application_controller.rb:224:in `catch_errors_and_log_request_stats'
            test/functional_test_case.rb:24:in `get'
            test/controller_extensions.rb:112:in `get_with_dump'
            test/controllers/comment_controller_test.rb:10:in `test_show_comment'

[32m=[0m[0m[1000D[K[31mERROR[0m["test_show_comments_for_user", #<Minitest::Reporters::Suite:0x000000000e43eff0 @name="CommentControllerTest">, 25.457525952000026]
 test_show_comments_for_user#CommentControllerTest (25.46s)
Minitest::UnexpectedError:         ActionView::Template::Error: undefined method `safe_join' for "":ActiveSupport::SafeBuffer
        Did you mean?  safe_concat
            app/helpers/pagination_helper.rb:118:in `block (2 levels) in pagination_numbers'
            app/helpers/pagination_helper.rb:117:in `block in pagination_numbers'
            app/helpers/pagination_helper.rb:116:in `pagination_numbers'
            app/helpers/pagination_helper.rb:15:in `paginate_block'
            app/views/comments/list_comments.html.erb:11:in `_app_views_comment_list_comments_html_erb___1706258874505913910_111179380'
            app/controllers/application_controller.rb:1498:in `show_index_of_objects'
            app/controllers/comment_controller.rb:145:in `show_selected_comments'
            app/controllers/comment_controller.rb:80:in `show_comments_for_user'
            app/controllers/application_controller.rb:224:in `catch_errors_and_log_request_stats'
            test/functional_test_case.rb:24:in `get'
            test/controller_extensions.rb:112:in `get_with_dump'
            test/controllers/comment_controller_test.rb:16:in `test_show_comments_for_user'

[0m[1000D[K[31mERROR[0m["test_list_comments", #<Minitest::Reporters::Suite:0x000000000b8717d8 @name="CommentControllerTest">, 25.49871221800001]
 test_list_comments#CommentControllerTest (25.50s)
Minitest::UnexpectedError:         ActionView::Template::Error: undefined method `safe_join' for "":ActiveSupport::SafeBuffer
        Did you mean?  safe_concat
            app/helpers/pagination_helper.rb:118:in `block (2 levels) in pagination_numbers'
            app/helpers/pagination_helper.rb:117:in `block in pagination_numbers'
            app/helpers/pagination_helper.rb:116:in `pagination_numbers'
            app/helpers/pagination_helper.rb:15:in `paginate_block'
            app/views/comments/list_comments.html.erb:11:in `_app_views_comment_list_comments_html_erb___1706258874505913910_111179380'
            app/controllers/application_controller.rb:1498:in `show_index_of_objects'
            app/controllers/comment_controller.rb:145:in `show_selected_comments'
            app/controllers/comment_controller.rb:65:in `list_comments'
            app/controllers/application_controller.rb:224:in `catch_errors_and_log_request_stats'
            test/functional_test_case.rb:24:in `get'
            test/controller_extensions.rb:112:in `get_with_dump'
            test/controllers/comment_controller_test.rb:5:in `test_list_comments'

[32m=[0m[32m=[0m[32m=[0m[0m[1000D[K[31mERROR[0m["test_obs_at_location", #<Minitest::Reporters::Suite:0x000000000c0ea040 @name="LurkerTest">, 26.733348867000018]
 test_obs_at_location#LurkerTest (26.73s)
Minitest::UnexpectedError:         NoMethodError: undefined method `device' for #<Browser::Bot:0x000000000da19d18>
            app/extensions/browser_extensions.rb:5:in `bot?'
            app/controllers/application_controller.rb:236:in `request_stats'
            app/controllers/application_controller.rb:223:in `catch_errors_and_log_request_stats'
            test/session_extensions.rb:93:in `get'
            test/session_extensions.rb:70:in `process_with_error_checking'
            test/session_extensions.rb:91:in `get'
            test/integration/lurker_test.rb:154:in `test_obs_at_location'

[0m[1000D[K[31mERROR[0m["test_poke_around", #<Minitest::Reporters::Suite:0x000000000c2d38e8 @name="LurkerTest">, 26.74179602800001]
 test_poke_around#LurkerTest (26.74s)
Minitest::UnexpectedError:         NoMethodError: undefined method `device' for #<Browser::Bot:0x000000000c31d650>
            app/extensions/browser_extensions.rb:5:in `bot?'
            app/controllers/application_controller.rb:236:in `request_stats'
            app/controllers/application_controller.rb:223:in `catch_errors_and_log_request_stats'
            test/session_extensions.rb:93:in `get'
            test/session_extensions.rb:70:in `process_with_error_checking'
            test/session_extensions.rb:91:in `get'
            test/integration/lurker_test.rb:7:in `test_poke_around'

[0m[1000D[K[31mERROR[0m["test_search", #<Minitest::Reporters::Suite:0x000000000cbeae40 @name="LurkerTest">, 26.74658183600002]
 test_search#LurkerTest (26.75s)
Minitest::UnexpectedError:         NoMethodError: undefined method `device' for #<Browser::Bot:0x000000000d275e40>
            app/extensions/browser_extensions.rb:5:in `bot?'
            app/controllers/application_controller.rb:236:in `request_stats'
            app/controllers/application_controller.rb:223:in `catch_errors_and_log_request_stats'
            test/session_extensions.rb:93:in `get'
            test/session_extensions.rb:70:in `process_with_error_checking'
            test/session_extensions.rb:91:in `get'
            test/integration/lurker_test.rb:92:in `test_search'

[0m[1000D[K[31mERROR[0m["test_search_next", #<Minitest::Reporters::Suite:0x0000000009d91cb0 @name="LurkerTest">, 26.755013323000014]
 test_search_next#LurkerTest (26.76s)
Minitest::UnexpectedError:         NoMethodError: undefined method `device' for #<Browser::Bot:0x000000000cadbab8>
            app/extensions/browser_extensions.rb:5:in `bot?'
            app/controllers/application_controller.rb:236:in `request_stats'
            app/controllers/application_controller.rb:223:in `catch_errors_and_log_request_stats'
            test/session_extensions.rb:93:in `get'
            test/session_extensions.rb:70:in `process_with_error_checking'
            test/session_extensions.rb:91:in `get'
            test/integration/lurker_test.rb:139:in `test_search_next'

[0m[1000D[K[31mERROR[0m["test_show_observation", #<Minitest::Reporters::Suite:0x000000000e45e058 @name="LurkerTest">, 26.791133600000023]
 test_show_observation#LurkerTest (26.79s)
Minitest::UnexpectedError:         NoMethodError: undefined method `device' for #<Browser::Bot:0x000000000dc09678>
            app/extensions/browser_extensions.rb:5:in `bot?'
            app/controllers/application_controller.rb:236:in `request_stats'
            app/controllers/application_controller.rb:223:in `catch_errors_and_log_request_stats'
            test/session_extensions.rb:93:in `get'
            test/session_extensions.rb:70:in `process_with_error_checking'
            test/session_extensions.rb:91:in `get'
            test/integration_extensions.rb:15:in `login'
            test/integration/lurker_test.rb:44:in `test_show_observation'

[0m[1000D[K[31mERROR[0m["test_review_authors_name", #<Minitest::Reporters::Suite:0x000000000ccb9e48 @name="ObserverControllerTest">, 27.049340098000016]
 test_review_authors_name#ObserverControllerTest (27.05s)
Minitest::UnexpectedError:         ActionView::Template::Error: wrong number of arguments (given 1, expected 0)
            app/views/layouts/application.html.erb:66:in `_app_views_layouts_application_html_erb__39940670809711777_59906580'
            app/controllers/application_controller.rb:224:in `catch_errors_and_log_request_stats'
            test/functional_test_case.rb:24:in `get'
            test/controller_extensions.rb:112:in `get_with_dump'
            test/controller_extensions.rb:469:in `assert_request'
            test/controller_extensions.rb:213:in `either_requires_either'
            test/controller_extensions.rb:135:in `requires_login'
            test/controllers/observer_controller_test.rb:1582:in `test_review_authors_name'

[32m=[0m[32m=[0m[0m[1000D[K[31mERROR[0m["test_list_checkboxes_in_edit_observation", #<Minitest::Reporters::Suite:0x000000000d8d4638 @name="ObserverControllerTest">, 27.427705780000025]
 test_list_checkboxes_in_edit_observation#ObserverControllerTest (27.43s)
Minitest::UnexpectedError:         ActionView::Template::Error: wrong number of arguments (given 1, expected 0)
            app/views/layouts/application.html.erb:66:in `_app_views_layouts_application_html_erb__39940670809711777_59906580'
            app/controllers/application_controller.rb:224:in `catch_errors_and_log_request_stats'
            test/functional_test_case.rb:24:in `get'
            test/controllers/observer_controller_test.rb:3282:in `test_list_checkboxes_in_edit_observation'

[0m[1000D[K[31mERROR[0m["test_suggestions", #<Minitest::Reporters::Suite:0x000000000b0da498 @name="ObserverControllerTest">, 27.660633092000012]
 test_suggestions#ObserverControllerTest (27.66s)
Minitest::UnexpectedError:         ActionView::Template::Error: wrong number of arguments (given 1, expected 0)
            app/views/layouts/application.html.erb:66:in `_app_views_layouts_application_html_erb__39940670809711777_59906580'
            app/controllers/application_controller.rb:224:in `catch_errors_and_log_request_stats'
            test/functional_test_case.rb:24:in `get'
            test/controller_extensions.rb:112:in `get_with_dump'
            test/controller_extensions.rb:469:in `assert_request'
            test/controller_extensions.rb:213:in `either_requires_either'
            test/controller_extensions.rb:135:in `requires_login'
            test/controllers/observer_controller_test.rb:4035:in `test_suggestions'

[0m[1000D[K[31mERROR[0m["test_page_load_user_by_contribution", #<Minitest::Reporters::Suite:0x000000000b34d950 @name="ObserverControllerTest">, 27.739208950000005]
 test_page_load_user_by_contribution#ObserverControllerTest (27.74s)
Minitest::UnexpectedError:         ActionView::Template::Error: undefined method `width' for nil:NilClass
            app/views/image/_image_thumbnail.html.erb:19:in `_app_views_image__image_thumbnail_html_erb__3738331365730208577_93895200'
            app/helpers/thumbnail_helper.rb:26:in `thumbnail'
            app/views/observer/users_by_contribution.html.erb:39:in `block in _app_views_observer_users_by_contribution_html_erb___410801840887917952_93188600'
            app/views/observer/users_by_contribution.html.erb:13:in `each'
            app/views/observer/users_by_contribution.html.erb:13:in `each_with_index'
            app/views/observer/users_by_contribution.html.erb:13:in `_app_views_observer_users_by_contribution_html_erb___410801840887917952_93188600'
            app/controllers/application_controller.rb:224:in `catch_errors_and_log_request_stats'
            test/functional_test_case.rb:24:in `get'
            test/controller_extensions.rb:112:in `get_with_dump'
            test/controllers/observer_controller_test.rb:232:in `test_page_load_user_by_contribution'

[0m[1000D[K[31mERROR[0m["test_checklist_for_user", #<Minitest::Reporters::Suite:0x000000000b491c08 @name="ObserverControllerTest">, 27.775598523000014]
 test_checklist_for_user#ObserverControllerTest (27.78s)
Minitest::UnexpectedError:         ActionView::Template::Error: wrong number of arguments (given 1, expected 0)
            app/views/layouts/application.html.erb:66:in `_app_views_layouts_application_html_erb__39940670809711777_59906580'
            app/controllers/application_controller.rb:224:in `catch_errors_and_log_request_stats'
            test/functional_test_case.rb:24:in `get'
            test/controllers/observer_controller_test.rb:3902:in `test_checklist_for_user'

[0m[1000D[K[31mERROR[0m["test_edit_observation_with_non_image", #<Minitest::Reporters::Suite:0x000000000c6b04c0 @name="ObserverControllerTest">, 27.878085330000005]
 test_edit_observation_with_non_image#ObserverControllerTest (27.88s)
Minitest::UnexpectedError:         Errno::ENOENT: No such file or directory @ rb_sysopen - | /usr/bin/file --mime /tmp/RackMultipart20200412-3142-dpocji.yml
            app/models/image.rb:567:in `read'
            app/models/image.rb:567:in `validate_image_type'
            app/models/image.rb:538:in `validate_upload'
            app/models/image.rb:972:in `check_requirements'
            app/controllers/observer_controller/create_and_edit_observation.rb:650:in `create_image_objects'
            app/controllers/observer_controller/create_and_edit_observation.rb:349:in `edit_observation'
            app/controllers/application_controller.rb:224:in `catch_errors_and_log_request_stats'
            test/functional_test_case.rb:30:in `post'
            test/controllers/observer_controller_test.rb:2756:in `test_edit_observation_with_non_image'

[0m[1000D[K[31mERROR[0m["test_show_observation_noteless_image", #<Minitest::Reporters::Suite:0x000000000c9ed778 @name="ObserverControllerTest">, 28.048071590000006]
 test_show_observation_noteless_image#ObserverControllerTest (28.05s)
Minitest::UnexpectedError:         ActionView::Template::Error: wrong number of arguments (given 1, expected 0)
            app/views/layouts/application.html.erb:66:in `_app_views_layouts_application_html_erb__39940670809711777_59906580'
            app/controllers/application_controller.rb:224:in `catch_errors_and_log_request_stats'
            test/functional_test_case.rb:24:in `get'
            test/controller_extensions.rb:112:in `get_with_dump'
            test/controllers/observer_controller_test.rb:108:in `test_show_observation_noteless_image'

[0m[1000D[K[31mERROR[0m["test_index_user", #<Minitest::Reporters::Suite:0x000000000cc399c8 @name="ObserverControllerTest">, 28.179000659000025]
 test_index_user#ObserverControllerTest (28.18s)
Minitest::UnexpectedError:         ActionView::Template::Error: undefined method `safe_join' for "":ActiveSupport::SafeBuffer
        Did you mean?  safe_concat
            app/helpers/pagination_helper.rb:118:in `block (2 levels) in pagination_numbers'
            app/helpers/pagination_helper.rb:117:in `block in pagination_numbers'
            app/helpers/pagination_helper.rb:116:in `pagination_numbers'
            app/helpers/pagination_helper.rb:15:in `paginate_block'
            app/views/observer/list_users.html.erb:17:in `_app_views_observer_list_users_html_erb___1965372195135625870_121077000'
            app/controllers/application_controller.rb:1498:in `show_index_of_objects'
            app/controllers/observer_controller/user_controller.rb:78:in `show_selected_users'
            app/controllers/observer_controller/user_controller.rb:7:in `index_user'
            app/controllers/application_controller.rb:224:in `catch_errors_and_log_request_stats'
            test/functional_test_case.rb:24:in `get'
            test/controllers/observer_controller_test.rb:3988:in `test_index_user'

[32m=[0m[0m[1000D[K[31mERROR[0m["test_get_index_rss_log", #<Minitest::Reporters::Suite:0x000000000d1bfdc0 @name="ObserverControllerTest">, 28.826926879000013]
 test_get_index_rss_log#ObserverControllerTest (28.83s)
Minitest::UnexpectedError:         ActionView::Template::Error: undefined method `safe_join' for "":ActiveSupport::SafeBuffer
        Did you mean?  safe_concat
            app/helpers/pagination_helper.rb:118:in `block (2 levels) in pagination_numbers'
            app/helpers/pagination_helper.rb:117:in `block in pagination_numbers'
            app/helpers/pagination_helper.rb:116:in `pagination_numbers'
            app/views/observer/list_rss_logs.html.erb:24:in `_app_views_observer_list_rss_logs_html_erb___1662875161446509514_110589180'
            app/controllers/application_controller.rb:1498:in `show_index_of_objects'
            app/controllers/observer_controller/rss_log_controller.rb:66:in `show_selected_rss_logs'
            app/controllers/observer_controller/rss_log_controller.rb:25:in `index_rss_log'
            app/controllers/application_controller.rb:224:in `catch_errors_and_log_request_stats'
            test/functional_test_case.rb:24:in `get'
            test/controllers/observer_controller_test.rb:261:in `test_get_index_rss_log'

[0m[1000D[K[31mERROR[0m["test_create_with_image_upload", #<Minitest::Reporters::Suite:0x000000000d21fb80 @name="ObserverControllerTest">, 29.017010567]
 test_create_with_image_upload#ObserverControllerTest (29.02s)
Minitest::UnexpectedError:         Errno::ENOENT: No such file or directory @ rb_sysopen - | /usr/bin/file --mime /tmp/Coprinus_comatus20200412-3142-47o9vj.jpg
            app/models/image.rb:567:in `read'
            app/models/image.rb:567:in `validate_image_type'
            app/models/image.rb:538:in `validate_upload'
            app/models/image.rb:972:in `check_requirements'
            test/controllers/observer_controller_test.rb:2989:in `test_create_with_image_upload'

[0m[1000D[K[31mERROR[0m["test_observation_search_with_spelling_correction", #<Minitest::Reporters::Suite:0x000000000d0fc168 @name="ObserverControllerTest">, 29.123686933000016]
 test_observation_search_with_spelling_correction#ObserverControllerTest (29.12s)
Minitest::UnexpectedError:         ActionView::Template::Error: undefined method `safe_join' for "":ActiveSupport::SafeBuffer
        Did you mean?  safe_concat
            app/helpers/pagination_helper.rb:118:in `block (2 levels) in pagination_numbers'
            app/helpers/pagination_helper.rb:117:in `block in pagination_numbers'
            app/helpers/pagination_helper.rb:116:in `pagination_numbers'
            app/views/observer/list_observations.html.erb:38:in `_app_views_observer_list_observations_html_erb__2374324093013958817_100931700'
            app/controllers/application_controller.rb:1498:in `show_index_of_objects'
            app/controllers/observer_controller/indexes.rb:160:in `show_selected_observations'
            app/controllers/observer_controller/indexes.rb:79:in `observation_search'
            app/controllers/application_controller.rb:224:in `catch_errors_and_log_request_stats'
            test/functional_test_case.rb:24:in `get'
            test/controllers/observer_controller_test.rb:697:in `test_observation_search_with_spelling_correction'

[0m[1000D[K[31mERROR[0m["test_page_loads", #<Minitest::Reporters::Suite:0x000000000cdd9008 @name="ObserverControllerTest">, 29.17352556100002]
 test_page_loads#ObserverControllerTest (29.17s)
Minitest::UnexpectedError:         ActionView::Template::Error: undefined method `safe_join' for "":ActiveSupport::SafeBuffer
        Did you mean?  safe_concat
            app/helpers/pagination_helper.rb:118:in `block (2 levels) in pagination_numbers'
            app/helpers/pagination_helper.rb:117:in `block in pagination_numbers'
            app/helpers/pagination_helper.rb:116:in `pagination_numbers'
            app/views/observer/list_rss_logs.html.erb:24:in `_app_views_observer_list_rss_logs_html_erb___1662875161446509514_110589180'
            app/controllers/application_controller.rb:1498:in `show_index_of_objects'
            app/controllers/observer_controller/rss_log_controller.rb:66:in `show_selected_rss_logs'
            app/controllers/observer_controller/rss_log_controller.rb:32:in `list_rss_logs'
            app/controllers/observer_controller/rss_log_controller.rb:6:in `index'
            app/controllers/application_controller.rb:224:in `catch_errors_and_log_request_stats'
            test/functional_test_case.rb:24:in `get'
            test/controller_extensions.rb:112:in `get_with_dump'
            test/controllers/observer_controller_test.rb:148:in `test_page_loads'

[0m[1000D[K[31mERROR[0m["test_show_observation_edit_links", #<Minitest::Reporters::Suite:0x000000000b110908 @name="ObserverControllerTest">, 29.376365002]
 test_show_observation_edit_links#ObserverControllerTest (29.38s)
Minitest::UnexpectedError:         ActionView::Template::Error: wrong number of arguments (given 1, expected 0)
            app/views/layouts/application.html.erb:66:in `_app_views_layouts_application_html_erb__39940670809711777_59906580'
            app/controllers/application_controller.rb:224:in `catch_errors_and_log_request_stats'
            test/functional_test_case.rb:24:in `get'
            test/controllers/observer_controller_test.rb:934:in `test_show_observation_edit_links'

[0m[1000D[K[31mERROR[0m["test_change_banner", #<Minitest::Reporters::Suite:0x000000000b4a5b40 @name="ObserverControllerTest">, 29.480183677000014]
 test_change_banner#ObserverControllerTest (29.48s)
Minitest::UnexpectedError:         ActionView::Template::Error: wrong number of arguments (given 1, expected 0)
            app/views/layouts/application.html.erb:66:in `_app_views_layouts_application_html_erb__39940670809711777_59906580'
            app/controllers/application_controller.rb:224:in `catch_errors_and_log_request_stats'
            test/functional_test_case.rb:24:in `get'
            test/controllers/observer_controller_test.rb:3589:in `block in test_change_banner'
            app/models/language_exporter.rb:51:in `alt_locales_path'
            test/general_extensions.rb:84:in `use_test_locales'
            test/controllers/observer_controller_test.rb:3560:in `test_change_banner'

[0m[1000D[K[31mERROR[0m["test_create_observation_strip_images", #<Minitest::Reporters::Suite:0x000000000bb8d4a8 @name="ObserverControllerTest">, 29.631070303]
 test_create_observation_strip_images#ObserverControllerTest (29.63s)
Minitest::UnexpectedError:         Errno::ENOENT: No such file or directory @ rb_sysopen - | /usr/bin/file --mime /tmp/RackMultipart20200412-3142-122cpz.jpg
            app/models/image.rb:567:in `read'
            app/models/image.rb:567:in `validate_image_type'
            app/models/image.rb:538:in `validate_upload'
            app/models/image.rb:972:in `check_requirements'
            app/controllers/observer_controller/create_and_edit_observation.rb:650:in `create_image_objects'
            app/controllers/observer_controller/create_and_edit_observation.rb:113:in `rough_cut'
            app/controllers/observer_controller/create_and_edit_observation.rb:83:in `create_observation_post'
            app/controllers/observer_controller/create_and_edit_observation.rb:39:in `create_observation'
            app/controllers/application_controller.rb:224:in `catch_errors_and_log_request_stats'
            test/functional_test_case.rb:30:in `post'
            test/controllers/observer_controller_test.rb:2520:in `test_create_observation_strip_images'

[0m[1000D[K[31m FAIL[0m["test_advanced_search_2", #<Minitest::Reporters::Suite:0x000000000c9a5518 @name="ObserverControllerTest">, 29.910563689000014]
 test_advanced_search_2#ObserverControllerTest (29.91s)
        test/controller_extensions.rb:505:in `assert_response'
        test/controllers/observer_controller_test.rb:432:in `test_advanced_search_2'

[0m[1000D[K[31mERROR[0m["test_author_request", #<Minitest::Reporters::Suite:0x000000000c3a3340 @name="ObserverControllerTest">, 29.963096984000003]
 test_author_request#ObserverControllerTest (29.96s)
Minitest::UnexpectedError:         ActionView::Template::Error: wrong number of arguments (given 1, expected 0)
            app/views/layouts/application.html.erb:66:in `_app_views_layouts_application_html_erb__39940670809711777_59906580'
            app/controllers/application_controller.rb:224:in `catch_errors_and_log_request_stats'
            test/functional_test_case.rb:24:in `get'
            test/controller_extensions.rb:112:in `get_with_dump'
            test/controller_extensions.rb:469:in `assert_request'
            test/controller_extensions.rb:213:in `either_requires_either'
            test/controller_extensions.rb:135:in `requires_login'
            test/controllers/observer_controller_test.rb:1485:in `test_author_request'

[32m=[0m[0m[1000D[K[31mERROR[0m["test_send_webmaster_question_antispam", #<Minitest::Reporters::Suite:0x000000000bfc1fb0 @name="ObserverControllerTest">, 30.229902469000024]
 test_send_webmaster_question_antispam#ObserverControllerTest (30.23s)
Minitest::UnexpectedError:         ActionView::Template::Error: wrong number of arguments (given 1, expected 0)
            app/views/layouts/application.html.erb:66:in `_app_views_layouts_application_html_erb__39940670809711777_59906580'
            app/controllers/application_controller.rb:224:in `catch_errors_and_log_request_stats'
            test/functional_test_case.rb:30:in `post'
            test/controllers/observer_controller_test.rb:783:in `ask_webmaster_test'
            test/controllers/observer_controller_test.rb:772:in `test_send_webmaster_question_antispam'

[0m[1000D[K[31mERROR[0m["test_where_search_pattern", #<Minitest::Reporters::Suite:0x000000000d8c5f70 @name="ObserverControllerTest">, 30.589797054]
 test_where_search_pattern#ObserverControllerTest (30.59s)
Minitest::UnexpectedError:         ActionView::Template::Error: wrong number of arguments (given 1, expected 0)
            app/views/layouts/application.html.erb:66:in `_app_views_layouts_application_html_erb__39940670809711777_59906580'
            app/controllers/application_controller.rb:1498:in `show_index_of_objects'
            app/controllers/observer_controller/indexes.rb:160:in `show_selected_observations'
            app/controllers/observer_controller/indexes.rb:54:in `observations_at_where'
            app/controllers/application_controller.rb:224:in `catch_errors_and_log_request_stats'
            test/functional_test_case.rb:24:in `get'
            test/controller_extensions.rb:112:in `get_with_dump'
            test/controllers/observer_controller_test.rb:718:in `test_where_search_pattern'

[0m[1000D[K[31mERROR[0m["test_edit_observation_get", #<Minitest::Reporters::Suite:0x000000000c5039b0 @name="ObserverControllerTest">, 30.83011502300002]
 test_edit_observation_get#ObserverControllerTest (30.83s)
Minitest::UnexpectedError:         ActionView::Template::Error: wrong number of arguments (given 1, expected 0)
            app/views/layouts/application.html.erb:66:in `_app_views_layouts_application_html_erb__39940670809711777_59906580'
            app/controllers/application_controller.rb:224:in `catch_errors_and_log_request_stats'
            test/functional_test_case.rb:24:in `get'
            test/controller_extensions.rb:112:in `get_with_dump'
            test/controller_extensions.rb:469:in `assert_request'
            test/controller_extensions.rb:213:in `either_requires_either'
            test/controller_extensions.rb:155:in `requires_user'
            test/controllers/observer_controller_test.rb:2570:in `test_edit_observation_get'

[0m[1000D[K[31mERROR[0m["test_send_webmaster_question_need_content", #<Minitest::Reporters::Suite:0x000000000d359898 @name="ObserverControllerTest">, 31.41128563000001]
 test_send_webmaster_question_need_content#ObserverControllerTest (31.41s)
Minitest::UnexpectedError:         ActionView::Template::Error: wrong number of arguments (given 1, expected 0)
            app/views/layouts/application.html.erb:66:in `_app_views_layouts_application_html_erb__39940670809711777_59906580'
            app/controllers/application_controller.rb:224:in `catch_errors_and_log_request_stats'
            test/functional_test_case.rb:30:in `post'
            test/controllers/observer_controller_test.rb:783:in `ask_webmaster_test'
            test/controllers/observer_controller_test.rb:765:in `test_send_webmaster_question_need_content'

[0m[1000D[K[31mERROR[0m["test_image_upload_when_process_image_fails", #<Minitest::Reporters::Suite:0x000000000c253cd8 @name="ObserverControllerTest">, 31.65486604]
 test_image_upload_when_process_image_fails#ObserverControllerTest (31.65s)
Minitest::UnexpectedError:         Errno::ENOENT: No such file or directory @ rb_sysopen - | /usr/bin/file --mime /tmp/RackMultipart20200412-3142-aaqk8x.jpg
            app/models/image.rb:567:in `read'
            app/models/image.rb:567:in `validate_image_type'
            app/models/image.rb:538:in `validate_upload'
            app/models/image.rb:972:in `check_requirements'
            app/controllers/observer_controller/create_and_edit_observation.rb:650:in `create_image_objects'
            app/controllers/observer_controller/create_and_edit_observation.rb:113:in `rough_cut'
            app/controllers/observer_controller/create_and_edit_observation.rb:83:in `create_observation_post'
            app/controllers/observer_controller/create_and_edit_observation.rb:39:in `create_observation'
            app/controllers/application_controller.rb:224:in `catch_errors_and_log_request_stats'
            test/functional_test_case.rb:30:in `post'
            test/controllers/observer_controller_test.rb:3107:in `test_image_upload_when_process_image_fails'

[0m[1000D[K[31mERROR[0m["test_rss_log_with_content_filter", #<Minitest::Reporters::Suite:0x000000000d0e75d8 @name="ObserverControllerTest">, 31.713424070000002]
 test_rss_log_with_content_filter#ObserverControllerTest (31.71s)
Minitest::UnexpectedError:         ActionView::Template::Error: undefined method `safe_join' for "":ActiveSupport::SafeBuffer
        Did you mean?  safe_concat
            app/helpers/pagination_helper.rb:118:in `block (2 levels) in pagination_numbers'
            app/helpers/pagination_helper.rb:117:in `block in pagination_numbers'
            app/helpers/pagination_helper.rb:116:in `pagination_numbers'
            app/views/observer/list_rss_logs.html.erb:24:in `_app_views_observer_list_rss_logs_html_erb___1662875161446509514_110589180'
            app/controllers/application_controller.rb:1498:in `show_index_of_objects'
            app/controllers/observer_controller/rss_log_controller.rb:66:in `show_selected_rss_logs'
            app/controllers/observer_controller/rss_log_controller.rb:25:in `index_rss_log'
            app/controllers/application_controller.rb:224:in `catch_errors_and_log_request_stats'
            test/functional_test_case.rb:24:in `get'
            test/controllers/observer_controller_test.rb:289:in `test_rss_log_with_content_filter'

[0m[1000D[K[31mERROR[0m["test_observations_with_lichen_filter", #<Minitest::Reporters::Suite:0x0000000008c85fe8 @name="ObserverControllerTest">, 31.926055163]
 test_observations_with_lichen_filter#ObserverControllerTest (31.93s)
Minitest::UnexpectedError:         ActionView::Template::Error: undefined method `safe_join' for "":ActiveSupport::SafeBuffer
        Did you mean?  safe_concat
            app/helpers/pagination_helper.rb:118:in `block (2 levels) in pagination_numbers'
            app/helpers/pagination_helper.rb:117:in `block in pagination_numbers'
            app/helpers/pagination_helper.rb:116:in `pagination_numbers'
            app/views/observer/list_observations.html.erb:38:in `_app_views_observer_list_observations_html_erb__2374324093013958817_100931700'
            app/controllers/application_controller.rb:1498:in `show_index_of_objects'
            app/controllers/observer_controller/indexes.rb:160:in `show_selected_observations'
            app/controllers/observer_controller/indexes.rb:14:in `list_observations'
            app/controllers/application_controller.rb:224:in `catch_errors_and_log_request_stats'
            test/functional_test_case.rb:24:in `get'
            test/controller_extensions.rb:112:in `get_with_dump'
            test/controllers/observer_controller_test.rb:734:in `test_observations_with_lichen_filter'

[0m[1000D[K[31mERROR[0m["test_show_owner_id_noone_logged_in", #<Minitest::Reporters::Suite:0x000000000c8205f8 @name="ObserverControllerTest">, 32.046273251]
 test_show_owner_id_noone_logged_in#ObserverControllerTest (32.05s)
Minitest::UnexpectedError:         ActionView::Template::Error: wrong number of arguments (given 1, expected 0)
            app/views/layouts/application.html.erb:66:in `_app_views_layouts_application_html_erb__39940670809711777_59906580'
            app/controllers/application_controller.rb:224:in `catch_errors_and_log_request_stats'
            test/functional_test_case.rb:24:in `get'
            test/controller_extensions.rb:112:in `get_with_dump'
            test/controllers/observer_controller_test.rb:897:in `test_show_owner_id_noone_logged_in'

[32m=[0m[32m=[0m[0m[1000D[K[31mERROR[0m["test_interest_in_show_observation", #<Minitest::Reporters::Suite:0x000000000e61b170 @name="ObserverControllerTest">, 32.135632896000004]
 test_interest_in_show_observation#ObserverControllerTest (32.14s)
Minitest::UnexpectedError:         ActionView::Template::Error: wrong number of arguments (given 1, expected 0)
            app/views/layouts/application.html.erb:66:in `_app_views_layouts_application_html_erb__39940670809711777_59906580'
            app/controllers/application_controller.rb:224:in `catch_errors_and_log_request_stats'
            test/functional_test_case.rb:24:in `get'
            test/controllers/observer_controller_test.rb:3352:in `test_interest_in_show_observation'

[0m[1000D[K[31mERROR[0m["test_change_user_bonuses", #<Minitest::Reporters::Suite:0x000000000cc39860 @name="ObserverControllerTest">, 32.21429596200002]
 test_change_user_bonuses#ObserverControllerTest (32.21s)
Minitest::UnexpectedError:         ActionView::Template::Error: wrong number of arguments (given 1, expected 0)
            app/views/layouts/application.html.erb:66:in `_app_views_layouts_application_html_erb__39940670809711777_59906580'
            app/controllers/application_controller.rb:224:in `catch_errors_and_log_request_stats'
            test/functional_test_case.rb:30:in `post'
            test/controllers/observer_controller_test.rb:4006:in `test_change_user_bonuses'

[0m[1000D[K[31mERROR[0m["test_create_observation_with_notes_template_get", #<Minitest::Reporters::Suite:0x000000000e6a42b8 @name="ObserverControllerTest">, 32.390700952]
 test_create_observation_with_notes_template_get#ObserverControllerTest (32.39s)
Minitest::UnexpectedError:         ActionView::Template::Error: wrong number of arguments (given 1, expected 0)
            app/views/layouts/application.html.erb:66:in `_app_views_layouts_application_html_erb__39940670809711777_59906580'
            app/controllers/application_controller.rb:224:in `catch_errors_and_log_request_stats'
            test/functional_test_case.rb:24:in `get'
            test/controllers/observer_controller_test.rb:2831:in `test_create_observation_with_notes_template_get'

[0m[1000D[K[31mERROR[0m["test_original_filename_visibility", #<Minitest::Reporters::Suite:0x000000000d1497d8 @name="ObserverControllerTest">, 32.54195047800002]
 test_original_filename_visibility#ObserverControllerTest (32.54s)
Minitest::UnexpectedError:         ActionView::Template::Error: wrong number of arguments (given 1, expected 0)
            app/views/layouts/application.html.erb:66:in `_app_views_layouts_application_html_erb__39940670809711777_59906580'
            app/controllers/application_controller.rb:224:in `catch_errors_and_log_request_stats'
            test/functional_test_case.rb:24:in `get'
            test/controllers/observer_controller_test.rb:1660:in `test_original_filename_visibility'

[0m[1000D[K[31mERROR[0m["test_show_observation_num_views", #<Minitest::Reporters::Suite:0x000000000c6078e8 @name="ObserverControllerTest">, 32.70668263100001]
 test_show_observation_num_views#ObserverControllerTest (32.71s)
Minitest::UnexpectedError:         ActionView::Template::Error: wrong number of arguments (given 1, expected 0)
            app/views/layouts/application.html.erb:66:in `_app_views_layouts_application_html_erb__39940670809711777_59906580'
            app/controllers/application_controller.rb:224:in `catch_errors_and_log_request_stats'
            test/functional_test_case.rb:24:in `get'
            test/controller_extensions.rb:112:in `get_with_dump'
            test/controllers/observer_controller_test.rb:798:in `test_show_observation_num_views'

[0m[1000D[K[31mERROR[0m["test_show_owner_id_view_owner_id_false", #<Minitest::Reporters::Suite:0x000000000c1c3958 @name="ObserverControllerTest">, 32.81394536200003]
 test_show_owner_id_view_owner_id_false#ObserverControllerTest (32.81s)
Minitest::UnexpectedError:         ActionView::Template::Error: wrong number of arguments (given 1, expected 0)
            app/views/layouts/application.html.erb:66:in `_app_views_layouts_application_html_erb__39940670809711777_59906580'
            app/controllers/application_controller.rb:224:in `catch_errors_and_log_request_stats'
            test/functional_test_case.rb:24:in `get'
            test/controller_extensions.rb:112:in `get_with_dump'
            test/controllers/observer_controller_test.rb:889:in `test_show_owner_id_view_owner_id_false'

[0m[1000D[K[31mERROR[0m["test_send_webmaster_question_need_address", #<Minitest::Reporters::Suite:0x000000000b70dd10 @name="ObserverControllerTest">, 32.95170506900001]
 test_send_webmaster_question_need_address#ObserverControllerTest (32.95s)
Minitest::UnexpectedError:         ActionView::Template::Error: wrong number of arguments (given 1, expected 0)
            app/views/layouts/application.html.erb:66:in `_app_views_layouts_application_html_erb__39940670809711777_59906580'
            app/controllers/application_controller.rb:224:in `catch_errors_and_log_request_stats'
            test/functional_test_case.rb:30:in `post'
            test/controllers/observer_controller_test.rb:783:in `ask_webmaster_test'
            test/controllers/observer_controller_test.rb:757:in `test_send_webmaster_question_need_address'

[0m[1000D[K[31mERROR[0m["test_user_search_unmatched", #<Minitest::Reporters::Suite:0x000000000d50bd80 @name="ObserverControllerTest">, 32.98041526200001]
 test_user_search_unmatched#ObserverControllerTest (32.98s)
Minitest::UnexpectedError:         ActionView::Template::Error: undefined method `safe_join' for "":ActiveSupport::SafeBuffer
        Did you mean?  safe_concat
            app/helpers/pagination_helper.rb:118:in `block (2 levels) in pagination_numbers'
            app/helpers/pagination_helper.rb:117:in `block in pagination_numbers'
            app/helpers/pagination_helper.rb:116:in `pagination_numbers'
            app/helpers/pagination_helper.rb:15:in `paginate_block'
            app/views/observer/list_users.html.erb:54:in `_app_views_observer_list_users_html_erb___1965372195135625870_121077000'
            app/controllers/application_controller.rb:1498:in `show_index_of_objects'
            app/controllers/observer_controller/user_controller.rb:78:in `show_selected_users'
            app/controllers/observer_controller/user_controller.rb:37:in `user_search'
            app/controllers/application_controller.rb:224:in `catch_errors_and_log_request_stats'
            test/functional_test_case.rb:24:in `get'
            test/controller_extensions.rb:67:in `get_without_clearing_flash'
            test/controllers/observer_controller_test.rb:3866:in `test_user_search_unmatched'

[0m[1000D[K[31mERROR[0m["test_show_notifications", #<Minitest::Reporters::Suite:0x000000000dd65fd0 @name="ObserverControllerTest">, 33.101684431000024]
 test_show_notifications#ObserverControllerTest (33.10s)
Minitest::UnexpectedError:         ActionView::Template::Error: wrong number of arguments (given 1, expected 0)
            app/views/layouts/application.html.erb:66:in `_app_views_layouts_application_html_erb__39940670809711777_59906580'
            app/controllers/application_controller.rb:224:in `catch_errors_and_log_request_stats'
            test/functional_test_case.rb:24:in `get'
            test/controller_extensions.rb:112:in `get_with_dump'
            test/controller_extensions.rb:469:in `assert_request'
            test/controller_extensions.rb:213:in `either_requires_either'
            test/controller_extensions.rb:135:in `requires_login'
            test/controllers/observer_controller_test.rb:1477:in `test_show_notifications'

[0m[1000D[K[31mERROR[0m["test_email_merge_request", #<Minitest::Reporters::Suite:0x000000000d1e4760 @name="ObserverControllerTest">, 33.231994146000005]
 test_email_merge_request#ObserverControllerTest (33.23s)
Minitest::UnexpectedError:         ActionView::Template::Error: wrong number of arguments (given 1, expected 0)
            app/views/layouts/application.html.erb:66:in `_app_views_layouts_application_html_erb__39940670809711777_59906580'
            app/controllers/application_controller.rb:224:in `catch_errors_and_log_request_stats'
            test/functional_test_case.rb:24:in `get'
            test/controller_extensions.rb:112:in `get_with_dump'
            test/controllers/observer_controller_test.rb:1432:in `test_email_merge_request'

[0m[1000D[K[31mERROR[0m["test_observation_search_bad_pattern", #<Minitest::Reporters::Suite:0x000000000bfea898 @name="ObserverControllerTest">, 33.25501583600001]
 test_observation_search_bad_pattern#ObserverControllerTest (33.26s)
Minitest::UnexpectedError:         ActionView::Template::Error: undefined method `safe_join' for "":ActiveSupport::SafeBuffer
        Did you mean?  safe_concat
            app/helpers/pagination_helper.rb:118:in `block (2 levels) in pagination_numbers'
            app/helpers/pagination_helper.rb:117:in `block in pagination_numbers'
            app/helpers/pagination_helper.rb:116:in `pagination_numbers'
            app/views/observer/list_observations.html.erb:38:in `_app_views_observer_list_observations_html_erb__2374324093013958817_100931700'
            app/controllers/observer_controller/indexes.rb:76:in `observation_search'
            app/controllers/application_controller.rb:224:in `catch_errors_and_log_request_stats'
            test/functional_test_case.rb:24:in `get'
            test/controllers/observer_controller_test.rb:646:in `test_observation_search_bad_pattern'

[32m=[0m[0m[1000D[K[31mERROR[0m["test_list_checkboxes_in_create_observation", #<Minitest::Reporters::Suite:0x000000000c5fb2a0 @name="ObserverControllerTest">, 33.534515140000025]
 test_list_checkboxes_in_create_observation#ObserverControllerTest (33.53s)
Minitest::UnexpectedError:         ActionView::Template::Error: wrong number of arguments (given 1, expected 0)
            app/views/layouts/application.html.erb:66:in `_app_views_layouts_application_html_erb__39940670809711777_59906580'
            app/controllers/application_controller.rb:224:in `catch_errors_and_log_request_stats'
            test/functional_test_case.rb:24:in `get'
            test/controllers/observer_controller_test.rb:3245:in `test_list_checkboxes_in_create_observation'

[0m[1000D[K[31mERROR[0m["test_where_search_next_page", #<Minitest::Reporters::Suite:0x000000000e5e7a78 @name="ObserverControllerTest">, 33.597966024000016]
 test_where_search_next_page#ObserverControllerTest (33.60s)
Minitest::UnexpectedError:         ActionView::Template::Error: wrong number of arguments (given 1, expected 0)
            app/views/layouts/application.html.erb:66:in `_app_views_layouts_application_html_erb__39940670809711777_59906580'
            app/controllers/application_controller.rb:1498:in `show_index_of_objects'
            app/controllers/observer_controller/indexes.rb:160:in `show_selected_observations'
            app/controllers/observer_controller/indexes.rb:54:in `observations_at_where'
            app/controllers/application_controller.rb:224:in `catch_errors_and_log_request_stats'
            test/functional_test_case.rb:24:in `get'
            test/controller_extensions.rb:112:in `get_with_dump'
            test/controllers/observer_controller_test.rb:711:in `test_where_search_next_page'

[0m[1000D[K[31mERROR[0m["test_project_checkboxes_in_create_observation", #<Minitest::Reporters::Suite:0x000000000cc38ac8 @name="ObserverControllerTest">, 33.73325992400001]
 test_project_checkboxes_in_create_observation#ObserverControllerTest (33.73s)
Minitest::UnexpectedError:         ActionView::Template::Error: wrong number of arguments (given 1, expected 0)
            app/views/layouts/application.html.erb:66:in `_app_views_layouts_application_html_erb__39940670809711777_59906580'
            app/controllers/application_controller.rb:224:in `catch_errors_and_log_request_stats'
            test/functional_test_case.rb:24:in `get'
            test/controllers/observer_controller_test.rb:3138:in `test_project_checkboxes_in_create_observation'

[0m[1000D[K[31mERROR[0m["test_robot_permissions", #<Minitest::Reporters::Suite:0x000000000d5ffcf0 @name="ObserverControllerTest">, 33.74011746000002]
 test_robot_permissions#ObserverControllerTest (33.74s)
Minitest::UnexpectedError:         NoMethodError: undefined method `device' for #<Browser::Bot:0x000000000c96d6b8>
            app/extensions/browser_extensions.rb:5:in `bot?'
            app/controllers/application_controller.rb:236:in `request_stats'
            app/controllers/application_controller.rb:223:in `catch_errors_and_log_request_stats'
            test/functional_test_case.rb:24:in `get'
            test/controllers/observer_controller_test.rb:3800:in `test_robot_permissions'

[0m[1000D[K[31mERROR[0m["test_show_owner_id", #<Minitest::Reporters::Suite:0x000000000d38a100 @name="ObserverControllerTest">, 33.847791505000004]
 test_show_owner_id#ObserverControllerTest (33.85s)
Minitest::UnexpectedError:         ActionView::Template::Error: wrong number of arguments (given 1, expected 0)
            app/views/layouts/application.html.erb:66:in `_app_views_layouts_application_html_erb__39940670809711777_59906580'
            app/controllers/application_controller.rb:224:in `catch_errors_and_log_request_stats'
            test/functional_test_case.rb:24:in `get'
            test/controller_extensions.rb:112:in `get_with_dump'
            test/controllers/observer_controller_test.rb:873:in `test_show_owner_id'

[0m[1000D[K[31mERROR[0m["test_show_observation_hidden_gps", #<Minitest::Reporters::Suite:0x000000000bf95028 @name="ObserverControllerTest">, 33.90534992400001]
 test_show_observation_hidden_gps#ObserverControllerTest (33.91s)
Minitest::UnexpectedError:         ActionView::Template::Error: wrong number of arguments (given 1, expected 0)
            app/views/layouts/application.html.erb:66:in `_app_views_layouts_application_html_erb__39940670809711777_59906580'
            app/controllers/application_controller.rb:224:in `catch_errors_and_log_request_stats'
            test/functional_test_case.rb:24:in `get'
            test/controllers/observer_controller_test.rb:127:in `test_show_observation_hidden_gps'

[0m[1000D[K[31mERROR[0m["test_create_observation_with_deprecated_name", #<Minitest::Reporters::Suite:0x000000000d151780 @name="ObserverControllerTest">, 33.98446142400002]
 test_create_observation_with_deprecated_name#ObserverControllerTest (33.98s)
Minitest::UnexpectedError:         ActionView::Template::Error: wrong number of arguments (given 1, expected 0)
            app/views/layouts/application.html.erb:66:in `_app_views_layouts_application_html_erb__39940670809711777_59906580'
            app/controllers/application_controller.rb:224:in `catch_errors_and_log_request_stats'
            test/functional_test_case.rb:30:in `post'
            test/controller_extensions.rb:125:in `post_with_dump'
            test/controller_extensions.rb:469:in `assert_request'
            test/controller_extensions.rb:213:in `either_requires_either'
            test/controller_extensions.rb:144:in `post_requires_login'
            test/controllers/observer_controller_test.rb:51:in `generic_construct_observation'
            test/controllers/observer_controller_test.rb:1973:in `test_create_observation_with_deprecated_name'

[0m[1000D[K[31mERROR[0m["test_show_observation_noteful_image", #<Minitest::Reporters::Suite:0x000000000b4bb288 @name="ObserverControllerTest">, 34.09203153500002]
 test_show_observation_noteful_image#ObserverControllerTest (34.09s)
Minitest::UnexpectedError:         ActionView::Template::Error: wrong number of arguments (given 1, expected 0)
            app/views/layouts/application.html.erb:66:in `_app_views_layouts_application_html_erb__39940670809711777_59906580'
            app/controllers/application_controller.rb:224:in `catch_errors_and_log_request_stats'
            test/functional_test_case.rb:24:in `get'
            test/controller_extensions.rb:112:in `get_with_dump'
            test/controllers/observer_controller_test.rb:113:in `test_show_observation_noteful_image'

[0m[1000D[K[31mERROR[0m["test_normal_permissions", #<Minitest::Reporters::Suite:0x000000000d62b1c0 @name="ObserverControllerTest">, 34.233992744000005]
 test_normal_permissions#ObserverControllerTest (34.23s)
Minitest::UnexpectedError:         ActionView::Template::Error: wrong number of arguments (given 1, expected 0)
            app/views/layouts/application.html.erb:66:in `_app_views_layouts_application_html_erb__39940670809711777_59906580'
            app/controllers/application_controller.rb:224:in `catch_errors_and_log_request_stats'
            test/functional_test_case.rb:24:in `get'
            test/controllers/observer_controller_test.rb:3792:in `test_normal_permissions'

[0m[1000D[K[31mERROR[0m["test_ask_questions", #<Minitest::Reporters::Suite:0x000000000c303c78 @name="ObserverControllerTest">, 34.29238705]
 test_ask_questions#ObserverControllerTest (34.29s)
Minitest::UnexpectedError:         ActionView::Template::Error: wrong number of arguments (given 1, expected 0)
            app/views/layouts/application.html.erb:66:in `_app_views_layouts_application_html_erb__39940670809711777_59906580'
            app/controllers/application_controller.rb:224:in `catch_errors_and_log_request_stats'
            test/functional_test_case.rb:24:in `get'
            test/controller_extensions.rb:112:in `get_with_dump'
            test/controller_extensions.rb:469:in `assert_request'
            test/controller_extensions.rb:213:in `either_requires_either'
            test/controller_extensions.rb:135:in `requires_login'
            test/controllers/observer_controller_test.rb:1278:in `test_ask_questions'

[0m[1000D[K[31mERROR[0m["test_prevent_creation_of_species_under_deprecated_genus", #<Minitest::Reporters::Suite:0x000000000c17ded0 @name="ObserverControllerTest">, 34.423898148000006]
 test_prevent_creation_of_species_under_deprecated_genus#ObserverControllerTest (34.42s)
Minitest::UnexpectedError:         ActionView::Template::Error: wrong number of arguments (given 1, expected 0)
            app/views/layouts/application.html.erb:66:in `_app_views_layouts_application_html_erb__39940670809711777_59906580'
            app/controllers/application_controller.rb:224:in `catch_errors_and_log_request_stats'
            test/functional_test_case.rb:30:in `post'
            test/controller_extensions.rb:125:in `post_with_dump'
            test/controller_extensions.rb:469:in `assert_request'
            test/controller_extensions.rb:213:in `either_requires_either'
            test/controller_extensions.rb:144:in `post_requires_login'
            test/controllers/observer_controller_test.rb:51:in `generic_construct_observation'
            test/controllers/observer_controller_test.rb:2182:in `test_prevent_creation_of_species_under_deprecated_genus'

[0m[1000D[K[31mERROR[0m["test_observation_external_links_exist", #<Minitest::Reporters::Suite:0x000000000c299530 @name="ObserverControllerTest">, 34.67562347200001]
 test_observation_external_links_exist#ObserverControllerTest (34.68s)
Minitest::UnexpectedError:         ActionView::Template::Error: wrong number of arguments (given 1, expected 0)
            app/views/layouts/application.html.erb:66:in `_app_views_layouts_application_html_erb__39940670809711777_59906580'
            app/controllers/application_controller.rb:224:in `catch_errors_and_log_request_stats'
            test/functional_test_case.rb:24:in `get'
            test/controller_extensions.rb:112:in `get_with_dump'
            test/controllers/observer_controller_test.rb:913:in `test_observation_external_links_exist'

[32m=[0m[32m=[0m[0m[1000D[K[31mERROR[0m["test_map_observation_hidden_gps", #<Minitest::Reporters::Suite:0x000000000c048600 @name="ObserverControllerTest">, 34.72798739700002]
 test_map_observation_hidden_gps#ObserverControllerTest (34.73s)
Minitest::UnexpectedError:         ActionView::Template::Error: wrong number of arguments (given 1, expected 0)
            app/views/layouts/application.html.erb:66:in `_app_views_layouts_application_html_erb__39940670809711777_59906580'
            app/controllers/observer_controller/show_observation.rb:103:in `map_observation'
            app/controllers/application_controller.rb:224:in `catch_errors_and_log_request_stats'
            test/functional_test_case.rb:24:in `get'
            test/controllers/observer_controller_test.rb:657:in `test_map_observation_hidden_gps'

[0m[1000D[K[31mERROR[0m["test_user_default_rss_log", #<Minitest::Reporters::Suite:0x000000000daee798 @name="ObserverControllerTest">, 34.796668452000006]
 test_user_default_rss_log#ObserverControllerTest (34.80s)
Minitest::UnexpectedError:         ActionView::Template::Error: undefined method `safe_join' for "":ActiveSupport::SafeBuffer
        Did you mean?  safe_concat
            app/helpers/pagination_helper.rb:118:in `block (2 levels) in pagination_numbers'
            app/helpers/pagination_helper.rb:117:in `block in pagination_numbers'
            app/helpers/pagination_helper.rb:116:in `pagination_numbers'
            app/views/observer/list_rss_logs.html.erb:24:in `_app_views_observer_list_rss_logs_html_erb___1662875161446509514_110589180'
            app/controllers/application_controller.rb:1498:in `show_index_of_objects'
            app/controllers/observer_controller/rss_log_controller.rb:66:in `show_selected_rss_logs'
            app/controllers/observer_controller/rss_log_controller.rb:25:in `index_rss_log'
            app/controllers/application_controller.rb:224:in `catch_errors_and_log_request_stats'
            test/functional_test_case.rb:24:in `get'
            test/controllers/observer_controller_test.rb:277:in `test_user_default_rss_log'

[0m[1000D[K[31mERROR[0m["test_create_observation_with_empty_geolocation_and_location", #<Minitest::Reporters::Suite:0x000000000b4bbad0 @name="ObserverControllerTest">, 34.88698291200001]
 test_create_observation_with_empty_geolocation_and_location#ObserverControllerTest (34.89s)
Minitest::UnexpectedError:         ActionView::Template::Error: wrong number of arguments (given 1, expected 0)
            app/views/layouts/application.html.erb:66:in `_app_views_layouts_application_html_erb__39940670809711777_59906580'
            app/controllers/application_controller.rb:224:in `catch_errors_and_log_request_stats'
            test/functional_test_case.rb:30:in `post'
            test/controller_extensions.rb:125:in `post_with_dump'
            test/controller_extensions.rb:469:in `assert_request'
            test/controller_extensions.rb:213:in `either_requires_either'
            test/controller_extensions.rb:144:in `post_requires_login'
            test/controllers/observer_controller_test.rb:51:in `generic_construct_observation'
            test/controllers/observer_controller_test.rb:2070:in `test_create_observation_with_empty_geolocation_and_location'

[0m[1000D[K[31mERROR[0m["test_checklist_for_species_list", #<Minitest::Reporters::Suite:0x000000000c68cbb0 @name="ObserverControllerTest">, 34.965140703]
 test_checklist_for_species_list#ObserverControllerTest (34.97s)
Minitest::UnexpectedError:         ActionView::Template::Error: wrong number of arguments (given 1, expected 0)
            app/views/layouts/application.html.erb:66:in `_app_views_layouts_application_html_erb__39940670809711777_59906580'
            app/controllers/application_controller.rb:224:in `catch_errors_and_log_request_stats'
            test/functional_test_case.rb:24:in `get'
            test/controllers/observer_controller_test.rb:3917:in `test_checklist_for_species_list'

[0m[1000D[K[31mERROR[0m["test_some_admin_pages", #<Minitest::Reporters::Suite:0x000000000c8c3500 @name="ObserverControllerTest">, 35.03320375200002]
 test_some_admin_pages#ObserverControllerTest (35.03s)
Minitest::UnexpectedError:         ActionView::Template::Error: undefined method `safe_join' for "":ActiveSupport::SafeBuffer
        Did you mean?  safe_concat
            app/helpers/pagination_helper.rb:118:in `block (2 levels) in pagination_numbers'
            app/helpers/pagination_helper.rb:117:in `block in pagination_numbers'
            app/helpers/pagination_helper.rb:116:in `pagination_numbers'
            app/helpers/pagination_helper.rb:15:in `paginate_block'
            app/views/observer/list_users.html.erb:17:in `_app_views_observer_list_users_html_erb___1965372195135625870_121077000'
            app/controllers/application_controller.rb:1498:in `show_index_of_objects'
            app/controllers/observer_controller/user_controller.rb:78:in `show_selected_users'
            app/controllers/observer_controller/user_controller.rb:22:in `users_by_name'
            app/controllers/application_controller.rb:224:in `catch_errors_and_log_request_stats'
            test/functional_test_case.rb:24:in `get'
            test/controller_extensions.rb:112:in `get_with_dump'
            test/controllers/observer_controller_test.rb:1344:in `block in test_some_admin_pages'
            test/controllers/observer_controller_test.rb:1333:in `each'
            test/controllers/observer_controller_test.rb:1333:in `test_some_admin_pages'

[0m[1000D[K[31mERROR[0m["test_send_webmaster_question_spammer", #<Minitest::Reporters::Suite:0x000000000b94c748 @name="ObserverControllerTest">, 35.166719024]
 test_send_webmaster_question_spammer#ObserverControllerTest (35.17s)
Minitest::UnexpectedError:         ActionView::Template::Error: wrong number of arguments (given 1, expected 0)
            app/views/layouts/application.html.erb:66:in `_app_views_layouts_application_html_erb__39940670809711777_59906580'
            app/controllers/application_controller.rb:224:in `catch_errors_and_log_request_stats'
            test/functional_test_case.rb:30:in `post'
            test/controllers/observer_controller_test.rb:783:in `ask_webmaster_test'
            test/controllers/observer_controller_test.rb:761:in `test_send_webmaster_question_spammer'

[0m[1000D[K[31m FAIL[0m["test_advanced_search_3", #<Minitest::Reporters::Suite:0x000000000e6ed828 @name="ObserverControllerTest">, 35.195122278000014]
 test_advanced_search_3#ObserverControllerTest (35.20s)
        test/controller_extensions.rb:505:in `assert_response'
        test/controllers/observer_controller_test.rb:444:in `test_advanced_search_3'

[0m[1000D[K[31mERROR[0m["test_create_observation_with_herbarium_duplicate_label", #<Minitest::Reporters::Suite:0x000000000b8e23e8 @name="ObserverControllerTest">, 35.26769408400003]
 test_create_observation_with_herbarium_duplicate_label#ObserverControllerTest (35.27s)
Minitest::UnexpectedError:         ActionView::Template::Error: wrong number of arguments (given 1, expected 0)
            app/views/layouts/application.html.erb:66:in `_app_views_layouts_application_html_erb__39940670809711777_59906580'
            app/controllers/application_controller.rb:224:in `catch_errors_and_log_request_stats'
            test/functional_test_case.rb:30:in `post'
            test/controller_extensions.rb:125:in `post_with_dump'
            test/controller_extensions.rb:469:in `assert_request'
            test/controller_extensions.rb:213:in `either_requires_either'
            test/controller_extensions.rb:144:in `post_requires_login'
            test/controllers/observer_controller_test.rb:51:in `generic_construct_observation'
            test/controllers/observer_controller_test.rb:1802:in `test_create_observation_with_herbarium_duplicate_label'

[0m[1000D[K[31mERROR[0m["test_download_observation_index", #<Minitest::Reporters::Suite:0x000000000e6a4498 @name="ObserverControllerTest">, 35.35175729000002]
 test_download_observation_index#ObserverControllerTest (35.35s)
Minitest::UnexpectedError:         ActionView::Template::Error: wrong number of arguments (given 1, expected 0)
            app/views/layouts/application.html.erb:66:in `_app_views_layouts_application_html_erb__39940670809711777_59906580'
            app/controllers/application_controller.rb:224:in `catch_errors_and_log_request_stats'
            test/functional_test_case.rb:24:in `get'
            test/controllers/observer_controller_test.rb:3651:in `test_download_observation_index'

[0m[1000D[K[31mERROR[0m["test_altering_types_shown_by_rss_log_index", #<Minitest::Reporters::Suite:0x000000000bfcd7e8 @name="ObserverControllerTest">, 35.44482773200002]
 test_altering_types_shown_by_rss_log_index#ObserverControllerTest (35.44s)
Minitest::UnexpectedError:         ActionView::Template::Error: undefined method `safe_join' for "":ActiveSupport::SafeBuffer
        Did you mean?  safe_concat
            app/helpers/pagination_helper.rb:118:in `block (2 levels) in pagination_numbers'
            app/helpers/pagination_helper.rb:117:in `block in pagination_numbers'
            app/helpers/pagination_helper.rb:116:in `pagination_numbers'
            app/views/observer/list_rss_logs.html.erb:24:in `_app_views_observer_list_rss_logs_html_erb___1662875161446509514_110589180'
            app/controllers/application_controller.rb:1498:in `show_index_of_objects'
            app/controllers/observer_controller/rss_log_controller.rb:66:in `show_selected_rss_logs'
            app/controllers/observer_controller/rss_log_controller.rb:25:in `index_rss_log'
            app/controllers/application_controller.rb:224:in `catch_errors_and_log_request_stats'
            test/functional_test_case.rb:30:in `post'
            test/controllers/observer_controller_test.rb:243:in `test_altering_types_shown_by_rss_log_index'

[0m[1000D[K[31mERROR[0m["test_create_observation_with_multiple_name_matches", #<Minitest::Reporters::Suite:0x000000000dae48b0 @name="ObserverControllerTest">, 35.53111105800002]
 test_create_observation_with_multiple_name_matches#ObserverControllerTest (35.53s)
Minitest::UnexpectedError:         ActionView::Template::Error: wrong number of arguments (given 1, expected 0)
            app/views/layouts/application.html.erb:66:in `_app_views_layouts_application_html_erb__39940670809711777_59906580'
            app/controllers/application_controller.rb:224:in `catch_errors_and_log_request_stats'
            test/functional_test_case.rb:30:in `post'
            test/controller_extensions.rb:125:in `post_with_dump'
            test/controller_extensions.rb:469:in `assert_request'
            test/controller_extensions.rb:213:in `either_requires_either'
            test/controller_extensions.rb:144:in `post_requires_login'
            test/controllers/observer_controller_test.rb:51:in `generic_construct_observation'
            test/controllers/observer_controller_test.rb:1950:in `test_create_observation_with_multiple_name_matches'

[32m=[0m[0m[1000D[K[31mERROR[0m["test_construct_observation_dubious_place_names", #<Minitest::Reporters::Suite:0x000000000e6e28b0 @name="ObserverControllerTest">, 35.890573676]
 test_construct_observation_dubious_place_names#ObserverControllerTest (35.89s)
Minitest::UnexpectedError:         ActionView::Template::Error: wrong number of arguments (given 1, expected 0)
            app/views/layouts/application.html.erb:66:in `_app_views_layouts_application_html_erb__39940670809711777_59906580'
            app/controllers/application_controller.rb:224:in `catch_errors_and_log_request_stats'
            test/functional_test_case.rb:30:in `post'
            test/controller_extensions.rb:125:in `post_with_dump'
            test/controller_extensions.rb:469:in `assert_request'
            test/controller_extensions.rb:213:in `either_requires_either'
            test/controller_extensions.rb:144:in `post_requires_login'
            test/controllers/observer_controller_test.rb:51:in `generic_construct_observation'
            test/controllers/observer_controller_test.rb:2210:in `test_construct_observation_dubious_place_names'

[0m[1000D[K[31mERROR[0m["test_image_upload_when_create_fails", #<Minitest::Reporters::Suite:0x000000000e4be1b0 @name="ObserverControllerTest">, 36.146051497]
 test_image_upload_when_create_fails#ObserverControllerTest (36.15s)
Minitest::UnexpectedError:         Errno::ENOENT: No such file or directory @ rb_sysopen - | /usr/bin/file --mime /tmp/RackMultipart20200412-3142-1n1auog.jpg
            app/models/image.rb:567:in `read'
            app/models/image.rb:567:in `validate_image_type'
            app/models/image.rb:538:in `validate_upload'
            app/models/image.rb:972:in `check_requirements'
            app/controllers/observer_controller/create_and_edit_observation.rb:650:in `create_image_objects'
            app/controllers/observer_controller/create_and_edit_observation.rb:113:in `rough_cut'
            app/controllers/observer_controller/create_and_edit_observation.rb:83:in `create_observation_post'
            app/controllers/observer_controller/create_and_edit_observation.rb:39:in `create_observation'
            app/controllers/application_controller.rb:224:in `catch_errors_and_log_request_stats'
            test/functional_test_case.rb:30:in `post'
            test/controllers/observer_controller_test.rb:3074:in `block in test_image_upload_when_create_fails'
            test/controllers/observer_controller_test.rb:3073:in `test_image_upload_when_create_fails'

[0m[1000D[K[31mERROR[0m["test_create_observation_with_unrecognized_name", #<Minitest::Reporters::Suite:0x000000000e55d9e0 @name="ObserverControllerTest">, 38.44312451900001]
 test_create_observation_with_unrecognized_name#ObserverControllerTest (38.44s)
Minitest::UnexpectedError:         ActionView::Template::Error: wrong number of arguments (given 1, expected 0)
            app/views/layouts/application.html.erb:66:in `_app_views_layouts_application_html_erb__39940670809711777_59906580'
            app/controllers/application_controller.rb:224:in `catch_errors_and_log_request_stats'
            test/functional_test_case.rb:30:in `post'
            test/controller_extensions.rb:125:in `post_with_dump'
            test/controller_extensions.rb:469:in `assert_request'
            test/controller_extensions.rb:213:in `either_requires_either'
            test/controller_extensions.rb:144:in `post_requires_login'
            test/controllers/observer_controller_test.rb:91:in `test_create_observation_with_unrecognized_name'

[0m[1000D[K[31mERROR[0m["test_map_observations", #<Minitest::Reporters::Suite:0x000000000d3b2b50 @name="ObserverControllerTest">, 38.63591831800002]
 test_map_observations#ObserverControllerTest (38.64s)
Minitest::UnexpectedError:         ActionView::Template::Error: wrong number of arguments (given 1, expected 0)
            app/views/layouts/application.html.erb:66:in `_app_views_layouts_application_html_erb__39940670809711777_59906580'
            app/controllers/application_controller.rb:224:in `catch_errors_and_log_request_stats'
            test/functional_test_case.rb:24:in `get'
            test/controllers/observer_controller_test.rb:651:in `test_map_observations'

[0m[1000D[K[31mERROR[0m["test_show_observation", #<Minitest::Reporters::Suite:0x000000000da3aae0 @name="ObserverControllerTest">, 38.694056042]
 test_show_observation#ObserverControllerTest (38.69s)
Minitest::UnexpectedError:         ActionView::Template::Error: wrong number of arguments (given 1, expected 0)
            app/views/layouts/application.html.erb:66:in `_app_views_layouts_application_html_erb__39940670809711777_59906580'
            app/controllers/application_controller.rb:224:in `catch_errors_and_log_request_stats'
            test/functional_test_case.rb:24:in `get'
            test/controller_extensions.rb:112:in `get_with_dump'
            test/controllers/observer_controller_test.rb:821:in `test_show_observation'

[0m[1000D[K[31mERROR[0m["test_advanced_search_content_filters", #<Minitest::Reporters::Suite:0x000000000d822820 @name="ObserverControllerTest">, 38.79713817200002]
 test_advanced_search_content_filters#ObserverControllerTest (38.80s)
Minitest::UnexpectedError:         ActionView::Template::Error: wrong number of arguments (given 1, expected 0)
            app/views/layouts/application.html.erb:66:in `_app_views_layouts_application_html_erb__39940670809711777_59906580'
            app/controllers/application_controller.rb:224:in `catch_errors_and_log_request_stats'
            test/functional_test_case.rb:24:in `get'
            test/controllers/observer_controller_test.rb:494:in `test_advanced_search_content_filters'

[32m=[0m[32m=[0m[0m[1000D[K[31mERROR[0m["test_create_observation_with_approved_junk_name", #<Minitest::Reporters::Suite:0x000000000f55f028 @name="ObserverControllerTest">, 39.189368718000026]
 test_create_observation_with_approved_junk_name#ObserverControllerTest (39.19s)
Minitest::UnexpectedError:         ActionView::Template::Error: wrong number of arguments (given 1, expected 0)
            app/views/layouts/application.html.erb:66:in `_app_views_layouts_application_html_erb__39940670809711777_59906580'
            app/controllers/application_controller.rb:224:in `catch_errors_and_log_request_stats'
            test/functional_test_case.rb:30:in `post'
            test/controller_extensions.rb:125:in `post_with_dump'
            test/controller_extensions.rb:469:in `assert_request'
            test/controller_extensions.rb:213:in `either_requires_either'
            test/controller_extensions.rb:144:in `post_requires_login'
            test/controllers/observer_controller_test.rb:51:in `generic_construct_observation'
            test/controllers/observer_controller_test.rb:1941:in `test_create_observation_with_approved_junk_name'

[0m[1000D[K[31mERROR[0m["test_edit_observation_bad_place_name", #<Minitest::Reporters::Suite:0x00000000102b94f8 @name="ObserverControllerTest">, 39.65416427700001]
 test_edit_observation_bad_place_name#ObserverControllerTest (39.65s)
Minitest::UnexpectedError:         ActionView::Template::Error: wrong number of arguments (given 1, expected 0)
            app/views/layouts/application.html.erb:66:in `_app_views_layouts_application_html_erb__39940670809711777_59906580'
            app/controllers/application_controller.rb:224:in `catch_errors_and_log_request_stats'
            test/functional_test_case.rb:30:in `post'
            test/controller_extensions.rb:125:in `post_with_dump'
            test/controller_extensions.rb:469:in `assert_request'
            test/controller_extensions.rb:213:in `either_requires_either'
            test/controller_extensions.rb:167:in `post_requires_user'
            test/controllers/observer_controller_test.rb:2680:in `test_edit_observation_bad_place_name'

[0m[1000D[K[31mERROR[0m["test_project_checkboxes_in_edit_observation", #<Minitest::Reporters::Suite:0x00000000105201b0 @name="ObserverControllerTest">, 39.74107388600001]
 test_project_checkboxes_in_edit_observation#ObserverControllerTest (39.74s)
Minitest::UnexpectedError:         ActionView::Template::Error: wrong number of arguments (given 1, expected 0)
            app/views/layouts/application.html.erb:66:in `_app_views_layouts_application_html_erb__39940670809711777_59906580'
            app/controllers/application_controller.rb:224:in `catch_errors_and_log_request_stats'
            test/functional_test_case.rb:24:in `get'
            test/controllers/observer_controller_test.rb:3167:in `test_project_checkboxes_in_edit_observation'

[0m[1000D[K[31mERROR[0m["test_checklist_for_site", #<Minitest::Reporters::Suite:0x00000000106cfc90 @name="ObserverControllerTest">, 39.993979575000026]
 test_checklist_for_site#ObserverControllerTest (39.99s)
Minitest::UnexpectedError:         ActionView::Template::Error: wrong number of arguments (given 1, expected 0)
            app/views/layouts/application.html.erb:66:in `_app_views_layouts_application_html_erb__39940670809711777_59906580'
            app/controllers/application_controller.rb:224:in `catch_errors_and_log_request_stats'
            test/functional_test_case.rb:24:in `get'
            test/controllers/observer_controller_test.rb:3943:in `test_checklist_for_site'

[0m[1000D[K[31mERROR[0m["test_show_observation_change_vote_anonymity", #<Minitest::Reporters::Suite:0x000000000ba4e8f8 @name="ObserverControllerTest">, 40.19817735700002]
 test_show_observation_change_vote_anonymity#ObserverControllerTest (40.20s)
Minitest::UnexpectedError:         ActionView::Template::Error: wrong number of arguments (given 1, expected 0)
            app/views/layouts/application.html.erb:66:in `_app_views_layouts_application_html_erb__39940670809711777_59906580'
            app/controllers/application_controller.rb:224:in `catch_errors_and_log_request_stats'
            test/functional_test_case.rb:24:in `get'
            test/controller_extensions.rb:112:in `get_with_dump'
            test/controllers/observer_controller_test.rb:861:in `test_show_observation_change_vote_anonymity'

[0m[1000D[K[31mERROR[0m["test_observation_search", #<Minitest::Reporters::Suite:0x000000000b86c580 @name="ObserverControllerTest">, 40.381992948000004]
 test_observation_search#ObserverControllerTest (40.38s)
Minitest::UnexpectedError:         ActionView::Template::Error: wrong number of arguments (given 1, expected 0)
            app/views/layouts/application.html.erb:66:in `_app_views_layouts_application_html_erb__39940670809711777_59906580'
            app/controllers/application_controller.rb:1498:in `show_index_of_objects'
            app/controllers/observer_controller/indexes.rb:160:in `show_selected_observations'
            app/controllers/observer_controller/indexes.rb:79:in `observation_search'
            app/controllers/application_controller.rb:224:in `catch_errors_and_log_request_stats'
            test/functional_test_case.rb:24:in `get'
            test/controller_extensions.rb:112:in `get_with_dump'
            test/controllers/observer_controller_test.rb:602:in `test_observation_search'

[0m[1000D[K[31mERROR[0m["test_checklist_for_project", #<Minitest::Reporters::Suite:0x000000000c9b5238 @name="ObserverControllerTest">, 40.40606187200001]
 test_checklist_for_project#ObserverControllerTest (40.41s)
Minitest::UnexpectedError:         ActionView::Template::Error: wrong number of arguments (given 1, expected 0)
            app/views/layouts/application.html.erb:66:in `_app_views_layouts_application_html_erb__39940670809711777_59906580'
            app/controllers/application_controller.rb:224:in `catch_errors_and_log_request_stats'
            test/functional_test_case.rb:24:in `get'
            test/controllers/observer_controller_test.rb:3931:in `test_checklist_for_project'

[0m[1000D[K[31mERROR[0m["test_edit_observation_with_notes_template_get", #<Minitest::Reporters::Suite:0x000000000ba33698 @name="ObserverControllerTest">, 40.46354333300002]
 test_edit_observation_with_notes_template_get#ObserverControllerTest (40.46s)
Minitest::UnexpectedError:         ActionView::Template::Error: wrong number of arguments (given 1, expected 0)
            app/views/layouts/application.html.erb:66:in `_app_views_layouts_application_html_erb__39940670809711777_59906580'
            app/controllers/application_controller.rb:224:in `catch_errors_and_log_request_stats'
            test/functional_test_case.rb:24:in `get'
            test/controllers/observer_controller_test.rb:2893:in `test_edit_observation_with_notes_template_get'

[32m=[0m[0m[1000D[K[31mERROR[0m["test_create_observation", #<Minitest::Reporters::Suite:0x000000000c0ff850 @name="ObserverControllerTest">, 40.6590487]
 test_create_observation#ObserverControllerTest (40.66s)
Minitest::UnexpectedError:         ActionView::Template::Error: wrong number of arguments (given 1, expected 0)
            app/views/layouts/application.html.erb:66:in `_app_views_layouts_application_html_erb__39940670809711777_59906580'
            app/controllers/application_controller.rb:224:in `catch_errors_and_log_request_stats'
            test/functional_test_case.rb:24:in `get'
            test/controller_extensions.rb:112:in `get_with_dump'
            test/controller_extensions.rb:469:in `assert_request'
            test/controller_extensions.rb:213:in `either_requires_either'
            test/controller_extensions.rb:135:in `requires_login'
            test/controllers/observer_controller_test.rb:1697:in `test_create_observation'

[0m[1000D[K[31mERROR[0m["test_review_authors_locations", #<Minitest::Reporters::Suite:0x000000000ce66d68 @name="ObserverControllerTest">, 40.73185650900001]
 test_review_authors_locations#ObserverControllerTest (40.73s)
Minitest::UnexpectedError:         ActionView::Template::Error: wrong number of arguments (given 1, expected 0)
            app/views/layouts/application.html.erb:66:in `_app_views_layouts_application_html_erb__39940670809711777_59906580'
            app/controllers/application_controller.rb:224:in `catch_errors_and_log_request_stats'
            test/functional_test_case.rb:24:in `get'
            test/controller_extensions.rb:112:in `get_with_dump'
            test/controller_extensions.rb:469:in `assert_request'
            test/controller_extensions.rb:213:in `either_requires_either'
            test/controller_extensions.rb:155:in `requires_user'
            test/controllers/observer_controller_test.rb:1534:in `test_review_authors_locations'

[0m[1000D[K[31mERROR[0m["test_observation_search_help", #<Minitest::Reporters::Suite:0x000000000e9622c0 @name="ObserverControllerTest">, 40.90486291600001]
 test_observation_search_help#ObserverControllerTest (40.90s)
Minitest::UnexpectedError:         ActionView::Template::Error: undefined method `safe_join' for "":ActiveSupport::SafeBuffer
        Did you mean?  safe_concat
            app/helpers/pagination_helper.rb:118:in `block (2 levels) in pagination_numbers'
            app/helpers/pagination_helper.rb:117:in `block in pagination_numbers'
            app/helpers/pagination_helper.rb:116:in `pagination_numbers'
            app/views/observer/list_observations.html.erb:38:in `_app_views_observer_list_observations_html_erb__2374324093013958817_100931700'
            app/controllers/observer_controller/indexes.rb:76:in `observation_search'
            app/controllers/application_controller.rb:224:in `catch_errors_and_log_request_stats'
            test/functional_test_case.rb:24:in `get'
            test/controller_extensions.rb:112:in `get_with_dump'
            test/controllers/observer_controller_test.rb:596:in `test_observation_search_help'

[0m[1000D[K[31mERROR[0m["test_index_observation_by_past_by", #<Minitest::Reporters::Suite:0x000000000f4477d0 @name="ObserverControllerTest">, 41.145665178]
 test_index_observation_by_past_by#ObserverControllerTest (41.15s)
Minitest::UnexpectedError:         ActionView::Template::Error: wrong number of arguments (given 1, expected 0)
            app/views/layouts/application.html.erb:66:in `_app_views_layouts_application_html_erb__39940670809711777_59906580'
            app/controllers/application_controller.rb:1498:in `show_index_of_objects'
            app/controllers/observer_controller/indexes.rb:160:in `show_selected_observations'
            app/controllers/observer_controller/indexes.rb:8:in `index_observation'
            app/controllers/application_controller.rb:224:in `catch_errors_and_log_request_stats'
            test/functional_test_case.rb:24:in `get'
            test/controllers/observer_controller_test.rb:3630:in `test_index_observation_by_past_by'

[0m[1000D[K[31mERROR[0m["test_map_observations_hidden_gps", #<Minitest::Reporters::Suite:0x000000000f52e6d0 @name="ObserverControllerTest">, 41.18439442600001]
 test_map_observations_hidden_gps#ObserverControllerTest (41.18s)
Minitest::UnexpectedError:         ActionView::Template::Error: wrong number of arguments (given 1, expected 0)
            app/views/layouts/application.html.erb:66:in `_app_views_layouts_application_html_erb__39940670809711777_59906580'
            app/controllers/application_controller.rb:224:in `catch_errors_and_log_request_stats'
            test/functional_test_case.rb:24:in `get'
            test/controllers/observer_controller_test.rb:676:in `test_map_observations_hidden_gps'

[0m[1000D[K[31mERROR[0m["test_observations_of_name", #<Minitest::Reporters::Suite:0x000000000f619720 @name="ObserverControllerTest">, 41.224039876000006]
 test_observations_of_name#ObserverControllerTest (41.22s)
Minitest::UnexpectedError:         ActionView::Template::Error: undefined method `safe_join' for "":ActiveSupport::SafeBuffer
        Did you mean?  safe_concat
            app/helpers/pagination_helper.rb:118:in `block (2 levels) in pagination_numbers'
            app/helpers/pagination_helper.rb:117:in `block in pagination_numbers'
            app/helpers/pagination_helper.rb:116:in `pagination_numbers'
            app/views/observer/list_observations.html.erb:38:in `_app_views_observer_list_observations_html_erb__2374324093013958817_100931700'
            app/controllers/application_controller.rb:1498:in `show_index_of_objects'
            app/controllers/observer_controller/indexes.rb:160:in `show_selected_observations'
            app/controllers/observer_controller/indexes.rb:27:in `observations_of_name'
            app/controllers/application_controller.rb:224:in `catch_errors_and_log_request_stats'
            test/functional_test_case.rb:24:in `get'
            test/controller_extensions.rb:112:in `get_with_dump'
            test/controllers/observer_controller_test.rb:725:in `test_observations_of_name'

[0m[1000D[K[31mERROR[0m["test_create_observation_with_new_name", #<Minitest::Reporters::Suite:0x000000000fb44bc8 @name="ObserverControllerTest">, 41.35662683800001]
 test_create_observation_with_new_name#ObserverControllerTest (41.36s)
Minitest::UnexpectedError:         ActionView::Template::Error: wrong number of arguments (given 1, expected 0)
            app/views/layouts/application.html.erb:66:in `_app_views_layouts_application_html_erb__39940670809711777_59906580'
            app/controllers/application_controller.rb:224:in `catch_errors_and_log_request_stats'
            test/functional_test_case.rb:30:in `post'
            test/controller_extensions.rb:125:in `post_with_dump'
            test/controller_extensions.rb:469:in `assert_request'
            test/controller_extensions.rb:213:in `either_requires_either'
            test/controller_extensions.rb:144:in `post_requires_login'
            test/controllers/observer_controller_test.rb:51:in `generic_construct_observation'
            test/controllers/observer_controller_test.rb:1908:in `test_create_observation_with_new_name'

[0m[1000D[K[31mERROR[0m["test_edit_observation_strip_images", #<Minitest::Reporters::Suite:0x000000000fc56598 @name="ObserverControllerTest">, 43.13689547600001]
 test_edit_observation_strip_images#ObserverControllerTest (43.14s)
Minitest::UnexpectedError:         Errno::ENOENT: No such file or directory @ rb_sysopen - | /usr/bin/file --mime /tmp/RackMultipart20200412-3142-11h4dtg.jpg
            app/models/image.rb:567:in `read'
            app/models/image.rb:567:in `validate_image_type'
            app/models/image.rb:538:in `validate_upload'
            app/models/image.rb:972:in `check_requirements'
            app/controllers/observer_controller/create_and_edit_observation.rb:650:in `create_image_objects'
            app/controllers/observer_controller/create_and_edit_observation.rb:349:in `edit_observation'
            app/controllers/application_controller.rb:224:in `catch_errors_and_log_request_stats'
            test/functional_test_case.rb:30:in `post'
            test/controllers/observer_controller_test.rb:2784:in `test_edit_observation_strip_images'

[0m[1000D[K[31mERROR[0m["test_user_search_multiple_hits", #<Minitest::Reporters::Suite:0x000000000fcdef38 @name="ObserverControllerTest">, 43.16616978500002]
 test_user_search_multiple_hits#ObserverControllerTest (43.17s)
Minitest::UnexpectedError:         ActionView::Template::Error: undefined method `safe_join' for "":ActiveSupport::SafeBuffer
        Did you mean?  safe_concat
            app/helpers/pagination_helper.rb:118:in `block (2 levels) in pagination_numbers'
            app/helpers/pagination_helper.rb:117:in `block in pagination_numbers'
            app/helpers/pagination_helper.rb:116:in `pagination_numbers'
            app/helpers/pagination_helper.rb:15:in `paginate_block'
            app/views/observer/list_users.html.erb:54:in `_app_views_observer_list_users_html_erb___1965372195135625870_121077000'
            app/controllers/application_controller.rb:1498:in `show_index_of_objects'
            app/controllers/observer_controller/user_controller.rb:78:in `show_selected_users'
            app/controllers/observer_controller/user_controller.rb:37:in `user_search'
            app/controllers/application_controller.rb:224:in `catch_errors_and_log_request_stats'
            test/functional_test_case.rb:24:in `get'
            test/controllers/observer_controller_test.rb:3854:in `test_user_search_multiple_hits'

[0m[1000D[K[31mERROR[0m["test_show_observation_specimen_stuff", #<Minitest::Reporters::Suite:0x00000000102d4ca8 @name="ObserverControllerTest">, 43.332875844]
 test_show_observation_specimen_stuff#ObserverControllerTest (43.33s)
Minitest::UnexpectedError:         ActionView::Template::Error: wrong number of arguments (given 1, expected 0)
            app/views/layouts/application.html.erb:66:in `_app_views_layouts_application_html_erb__39940670809711777_59906580'
            app/controllers/application_controller.rb:224:in `catch_errors_and_log_request_stats'
            test/functional_test_case.rb:24:in `get'
            test/controllers/observer_controller_test.rb:1012:in `test_show_observation_specimen_stuff'

[32m=[0m[32m=[0m[32m=[0m[0m[1000D[K[31mERROR[0m["test_upload_image", #<Minitest::Reporters::Suite:0x0000000010678760 @name="AjaxControllerTest">, 46.88404822800001]
 test_upload_image#AjaxControllerTest (46.88s)
Minitest::UnexpectedError:         JSON::ParserError: 783: unexpected token at 'No such file or directory @ rb_sysopen - | /usr/bin/file --mime /tmp/RackMultipart20200412-3142-qiqd1q.jpg
        Had problems uploading image &#8217;&#8217;.'
            test/controllers/ajax_controller_test.rb:363:in `test_upload_image'

[32m=[0m[0m[1000D[K[31mERROR[0m["test_creating_public_description", #<Minitest::Reporters::Suite:0x000000000ddbd0a0 @name="NameDescriptionIntegrationTest">, 47.35331767600002]
 test_creating_public_description#NameDescriptionIntegrationTest (47.35s)
Minitest::UnexpectedError:         NoMethodError: undefined method `device' for #<Browser::Bot:0x000000000e5e7500>
            app/extensions/browser_extensions.rb:5:in `bot?'
            app/controllers/application_controller.rb:236:in `request_stats'
            app/controllers/application_controller.rb:223:in `catch_errors_and_log_request_stats'
            test/session_extensions.rb:93:in `get'
            test/session_extensions.rb:70:in `process_with_error_checking'
            test/session_extensions.rb:91:in `get'
            test/integration_extensions.rb:15:in `login'
            test/integration_extensions.rb:26:in `login!'
            test/integration/name_description_integration_test.rb:102:in `open_admin_session'
            test/integration/name_description_integration_test.rb:24:in `test_creating_public_description'

[0m[1000D[K[31mERROR[0m["test_creating_user_description", #<Minitest::Reporters::Suite:0x000000000d534690 @name="NameDescriptionIntegrationTest">, 47.372615704000026]
 test_creating_user_description#NameDescriptionIntegrationTest (47.37s)
Minitest::UnexpectedError:         NoMethodError: undefined method `device' for #<Browser::Bot:0x000000000dd452a8>
            app/extensions/browser_extensions.rb:5:in `bot?'
            app/controllers/application_controller.rb:236:in `request_stats'
            app/controllers/application_controller.rb:223:in `catch_errors_and_log_request_stats'
            test/session_extensions.rb:93:in `get'
            test/session_extensions.rb:70:in `process_with_error_checking'
            test/session_extensions.rb:91:in `get'
            test/integration_extensions.rb:15:in `login'
            test/integration_extensions.rb:26:in `login!'
            test/integration/name_description_integration_test.rb:102:in `open_admin_session'
            test/integration/name_description_integration_test.rb:72:in `test_creating_user_description'

[0m[1000D[K[31mERROR[0m["test_pivotal_tracker", #<Minitest::Reporters::Suite:0x000000000d518850 @name="RandomTest">, 47.38240664200001]
 test_pivotal_tracker#RandomTest (47.38s)
Minitest::UnexpectedError:         NoMethodError: undefined method `device' for #<Browser::Bot:0x000000000c31ebb8>
            app/extensions/browser_extensions.rb:5:in `bot?'
            app/controllers/application_controller.rb:236:in `request_stats'
            app/controllers/application_controller.rb:223:in `catch_errors_and_log_request_stats'
            test/session_extensions.rb:93:in `get'
            test/session_extensions.rb:70:in `process_with_error_checking'
            test/session_extensions.rb:91:in `get'
            test/integration/random_test.rb:5:in `block in <class:RandomTest>'

[0m[1000D[K[31mERROR[0m["test_login_and_logout", #<Minitest::Reporters::Suite:0x000000000cbf12e0 @name="RandomTest">, 47.38905480700001]
 test_login_and_logout#RandomTest (47.39s)
Minitest::UnexpectedError:         NoMethodError: undefined method `device' for #<Browser::Bot:0x000000000d0c4290>
            app/extensions/browser_extensions.rb:5:in `bot?'
            app/controllers/application_controller.rb:236:in `request_stats'
            app/controllers/application_controller.rb:223:in `catch_errors_and_log_request_stats'
            test/session_extensions.rb:93:in `get'
            test/session_extensions.rb:70:in `process_with_error_checking'
            test/session_extensions.rb:91:in `get'
            test/integration_extensions.rb:15:in `login'
            test/integration_extensions.rb:26:in `login!'
            test/integration/random_test.rb:27:in `block in <class:RandomTest>'

[0m[1000D[K[31mERROR[0m["test_sessions", #<Minitest::Reporters::Suite:0x000000000c9c7078 @name="RandomTest">, 47.399352917000016]
 test_sessions#RandomTest (47.40s)
Minitest::UnexpectedError:         NoMethodError: undefined method `device' for #<Browser::Bot:0x000000000c9bea40>
            app/extensions/browser_extensions.rb:5:in `bot?'
            app/controllers/application_controller.rb:236:in `request_stats'
            app/controllers/application_controller.rb:223:in `catch_errors_and_log_request_stats'
            test/session_extensions.rb:93:in `get'
            test/session_extensions.rb:70:in `process_with_error_checking'
            test/session_extensions.rb:91:in `get'
            test/integration_extensions.rb:15:in `login'
            test/integration/random_test.rb:51:in `block in <class:RandomTest>'

[0m[1000D[K[31mERROR[0m["test_the_homepage", #<Minitest::Reporters::Suite:0x000000000dd52728 @name="RandomTest">, 47.40414168100003]
 test_the_homepage#RandomTest (47.40s)
Minitest::UnexpectedError:         NoMethodError: undefined method `device' for #<Browser::Bot:0x000000000cd78b40>
            app/extensions/browser_extensions.rb:5:in `bot?'
            app/controllers/application_controller.rb:236:in `request_stats'
            app/controllers/application_controller.rb:223:in `catch_errors_and_log_request_stats'
            test/session_extensions.rb:93:in `get'
            test/session_extensions.rb:70:in `process_with_error_checking'
            test/session_extensions.rb:91:in `get'
            test/integration/random_test.rb:21:in `block in <class:RandomTest>'

[32m=[0m[32m=[0m[0m[1000D[K[31mERROR[0m["test_ajax_router", #<Minitest::Reporters::Suite:0x000000000d61a500 @name="RandomTest">, 47.414291827]
 test_ajax_router#RandomTest (47.41s)
Minitest::UnexpectedError:         NoMethodError: undefined method `device' for #<Browser::Bot:0x000000000ce90cf8>
            app/extensions/browser_extensions.rb:5:in `bot?'
            app/controllers/application_controller.rb:236:in `request_stats'
            app/controllers/application_controller.rb:223:in `catch_errors_and_log_request_stats'
            test/session_extensions.rb:93:in `get'
            test/session_extensions.rb:70:in `process_with_error_checking'
            test/session_extensions.rb:91:in `get'
            test/integration/random_test.rb:12:in `block in <class:RandomTest>'

[0m[1000D[K[31mERROR[0m["test_deserialize", #<Minitest::Reporters::Suite:0x000000000e641898 @name="QuerySupplementalTest">, 47.423163414000015]
 test_deserialize#QuerySupplementalTest (47.42s)
Minitest::UnexpectedError:         NoMethodError: undefined method `device' for #<Browser::Bot:0x000000000d40e6f8>
            app/extensions/browser_extensions.rb:5:in `bot?'
            app/controllers/application_controller.rb:236:in `request_stats'
            app/controllers/application_controller.rb:223:in `catch_errors_and_log_request_stats'
            test/integration/query_supplemental_test.rb:14:in `test_deserialize'

[0m[1000D[K[31mERROR[0m["test_upload_species_list", #<Minitest::Reporters::Suite:0x000000000b6810e0 @name="SpeciesListControllerTest">, 47.54023374100001]
 test_upload_species_list#SpeciesListControllerTest (47.54s)
Minitest::UnexpectedError:         ActionView::Template::Error: wrong number of arguments (given 1, expected 0)
            app/views/layouts/application.html.erb:66:in `_app_views_layouts_application_html_erb__39940670809711777_59906580'
            app/controllers/application_controller.rb:224:in `catch_errors_and_log_request_stats'
            test/functional_test_case.rb:24:in `get'
            test/controller_extensions.rb:112:in `get_with_dump'
            test/controller_extensions.rb:469:in `assert_request'
            test/controller_extensions.rb:213:in `either_requires_either'
            test/controller_extensions.rb:155:in `requires_user'
            test/controllers/species_list_controller_test.rb:1023:in `test_upload_species_list'

[0m[1000D[K[31mERROR[0m["test_construct_species_list_junk", #<Minitest::Reporters::Suite:0x000000000b8f3a08 @name="SpeciesListControllerTest">, 47.62833773800003]
 test_construct_species_list_junk#SpeciesListControllerTest (47.63s)
Minitest::UnexpectedError:         ActionView::Template::Error: wrong number of arguments (given 1, expected 0)
            app/views/layouts/application.html.erb:66:in `_app_views_layouts_application_html_erb__39940670809711777_59906580'
            app/controllers/application_controller.rb:224:in `catch_errors_and_log_request_stats'
            test/functional_test_case.rb:30:in `post'
            test/controllers/species_list_controller_test.rb:492:in `test_construct_species_list_junk'

[0m[1000D[K[31mERROR[0m["test_manage_projects_obs_and_img", #<Minitest::Reporters::Suite:0x000000000dd9eb78 @name="SpeciesListControllerTest">, 47.68140668700002]
 test_manage_projects_obs_and_img#SpeciesListControllerTest (47.68s)
Minitest::UnexpectedError:         ActionView::Template::Error: wrong number of arguments (given 1, expected 0)
            app/views/layouts/application.html.erb:66:in `_app_views_layouts_application_html_erb__39940670809711777_59906580'
            app/controllers/application_controller.rb:224:in `catch_errors_and_log_request_stats'
            test/functional_test_case.rb:30:in `post'
            test/controllers/species_list_controller_test.rb:1699:in `test_manage_projects_obs_and_img'

[0m[1000D[K[31mERROR[0m["test_bulk_editor", #<Minitest::Reporters::Suite:0x000000000bfea190 @name="SpeciesListControllerTest">, 47.78499886]
 test_bulk_editor#SpeciesListControllerTest (47.79s)
Minitest::UnexpectedError:         ActionView::Template::Error: undefined method `safe_join' for "":ActiveSupport::SafeBuffer
        Did you mean?  safe_concat
            app/helpers/pagination_helper.rb:118:in `block (2 levels) in pagination_numbers'
            app/helpers/pagination_helper.rb:117:in `block in pagination_numbers'
            app/helpers/pagination_helper.rb:116:in `pagination_numbers'
            app/helpers/pagination_helper.rb:15:in `paginate_block'
            app/views/species_list/bulk_editor.html.erb:20:in `block in _app_views_species_list_bulk_editor_html_erb__4454596471408196602_109915840'
            app/views/species_list/bulk_editor.html.erb:17:in `_app_views_species_list_bulk_editor_html_erb__4454596471408196602_109915840'
            app/controllers/application_controller.rb:224:in `catch_errors_and_log_request_stats'
            test/functional_test_case.rb:24:in `get'
            test/controllers/species_list_controller_test.rb:1290:in `test_bulk_editor'

[0m[1000D[K[31mERROR[0m["test_construct_species_list_synonym", #<Minitest::Reporters::Suite:0x000000000d0ff7a0 @name="SpeciesListControllerTest">, 47.83769356600001]
 test_construct_species_list_synonym#SpeciesListControllerTest (47.84s)
Minitest::UnexpectedError:         ActionView::Template::Error: wrong number of arguments (given 1, expected 0)
            app/views/layouts/application.html.erb:66:in `_app_views_layouts_application_html_erb__39940670809711777_59906580'
            app/controllers/application_controller.rb:224:in `catch_errors_and_log_request_stats'
            test/functional_test_case.rb:30:in `post'
            test/controllers/species_list_controller_test.rb:466:in `test_construct_species_list_synonym'

[0m[1000D[K[31mERROR[0m["test_show_species_list", #<Minitest::Reporters::Suite:0x000000000cdf7620 @name="SpeciesListControllerTest">, 47.89361655000002]
 test_show_species_list#SpeciesListControllerTest (47.89s)
Minitest::UnexpectedError:         ActionView::Template::Error: wrong number of arguments (given 1, expected 0)
            app/views/layouts/application.html.erb:66:in `_app_views_layouts_application_html_erb__39940670809711777_59906580'
            app/controllers/application_controller.rb:224:in `catch_errors_and_log_request_stats'
            test/functional_test_case.rb:24:in `get'
            test/controller_extensions.rb:112:in `get_with_dump'
            test/controllers/species_list_controller_test.rb:110:in `test_show_species_list'

[0m[1000D[K[31mERROR[0m["test_show_species_list_edit_links", #<Minitest::Reporters::Suite:0x000000000eb178b8 @name="SpeciesListControllerTest">, 48.129036557000006]
 test_show_species_list_edit_links#SpeciesListControllerTest (48.13s)
Minitest::UnexpectedError:         ActionView::Template::Error: undefined method `safe_join' for "":ActiveSupport::SafeBuffer
        Did you mean?  safe_concat
            app/helpers/pagination_helper.rb:118:in `block (2 levels) in pagination_numbers'
            app/helpers/pagination_helper.rb:117:in `block in pagination_numbers'
            app/helpers/pagination_helper.rb:116:in `pagination_numbers'
            app/helpers/pagination_helper.rb:15:in `paginate_block'
            app/views/species_list/show_species_list.html.erb:71:in `_app_views_species_list_show_species_list_html_erb__2935755181746548024_109774020'
            app/controllers/application_controller.rb:224:in `catch_errors_and_log_request_stats'
            test/functional_test_case.rb:24:in `get'
            test/controllers/species_list_controller_test.rb:154:in `test_show_species_list_edit_links'

[0m[1000D[K[31mERROR[0m["test_edit_species_list", #<Minitest::Reporters::Suite:0x000000000f1371a8 @name="SpeciesListControllerTest">, 48.21479335400002]
 test_edit_species_list#SpeciesListControllerTest (48.21s)
Minitest::UnexpectedError:         ActionView::Template::Error: wrong number of arguments (given 1, expected 0)
            app/views/layouts/application.html.erb:66:in `_app_views_layouts_application_html_erb__39940670809711777_59906580'
            app/controllers/application_controller.rb:224:in `catch_errors_and_log_request_stats'
            test/functional_test_case.rb:24:in `get'
            test/controller_extensions.rb:112:in `get_with_dump'
            test/controller_extensions.rb:469:in `assert_request'
            test/controller_extensions.rb:213:in `either_requires_either'
            test/controller_extensions.rb:155:in `requires_user'
            test/controllers/species_list_controller_test.rb:737:in `test_edit_species_list'

[0m[1000D[K[31mERROR[0m["test_read_species_list", #<Minitest::Reporters::Suite:0x000000000faa34f8 @name="SpeciesListControllerTest">, 48.51946612400002]
 test_read_species_list#SpeciesListControllerTest (48.52s)
Minitest::UnexpectedError:         ActionView::Template::Error: wrong number of arguments (given 1, expected 0)
            app/views/layouts/application.html.erb:66:in `_app_views_layouts_application_html_erb__39940670809711777_59906580'
            app/controllers/species_list_controller.rb:365:in `upload_species_list'
            app/controllers/application_controller.rb:224:in `catch_errors_and_log_request_stats'
            test/functional_test_case.rb:30:in `post'
            test/controller_extensions.rb:125:in `post_with_dump'
            test/controllers/species_list_controller_test.rb:1043:in `test_read_species_list'

[32m=[0m[0m[1000D[K[31mERROR[0m["test_species_lists_by_title", #<Minitest::Reporters::Suite:0x000000000fba4b40 @name="SpeciesListControllerTest">, 48.57389176000001]
 test_species_lists_by_title#SpeciesListControllerTest (48.57s)
Minitest::UnexpectedError:         ActionView::Template::Error: undefined method `safe_join' for "":ActiveSupport::SafeBuffer
        Did you mean?  safe_concat
            app/helpers/pagination_helper.rb:118:in `block (2 levels) in pagination_numbers'
            app/helpers/pagination_helper.rb:117:in `block in pagination_numbers'
            app/helpers/pagination_helper.rb:116:in `pagination_numbers'
            app/helpers/pagination_helper.rb:15:in `paginate_block'
            app/views/species_list/list_species_lists.html.erb:10:in `_app_views_species_list_list_species_lists_html_erb___3782497897999730643_131771220'
            app/controllers/application_controller.rb:1498:in `show_index_of_objects'
            app/controllers/species_list_controller.rb:153:in `show_selected_species_lists'
            app/controllers/species_list_controller.rb:107:in `species_lists_by_title'
            app/controllers/application_controller.rb:224:in `catch_errors_and_log_request_stats'
            test/functional_test_case.rb:24:in `get'
            test/controller_extensions.rb:112:in `get_with_dump'
            test/controllers/species_list_controller_test.rb:180:in `test_species_lists_by_title'

[0m[1000D[K[31mERROR[0m["test_update_species_list_deprecated", #<Minitest::Reporters::Suite:0x000000001007d5b8 @name="SpeciesListControllerTest">, 48.755515508]
 test_update_species_list_deprecated#SpeciesListControllerTest (48.76s)
Minitest::UnexpectedError:         ActionView::Template::Error: wrong number of arguments (given 1, expected 0)
            app/views/layouts/application.html.erb:66:in `_app_views_layouts_application_html_erb__39940670809711777_59906580'
            app/controllers/application_controller.rb:224:in `catch_errors_and_log_request_stats'
            test/functional_test_case.rb:30:in `post'
            test/controllers/species_list_controller_test.rb:904:in `test_update_species_list_deprecated'

[0m[1000D[K[31mERROR[0m["test_update_species_list_deprecated_checklist", #<Minitest::Reporters::Suite:0x0000000010244950 @name="SpeciesListControllerTest">, 48.828586040000005]
 test_update_species_list_deprecated_checklist#SpeciesListControllerTest (48.83s)
Minitest::UnexpectedError:         ActionView::Template::Error: wrong number of arguments (given 1, expected 0)
            app/views/layouts/application.html.erb:66:in `_app_views_layouts_application_html_erb__39940670809711777_59906580'
            app/controllers/application_controller.rb:224:in `catch_errors_and_log_request_stats'
            test/functional_test_case.rb:30:in `post'
            test/controllers/species_list_controller_test.rb:950:in `test_update_species_list_deprecated_checklist'

[0m[1000D[K[31mERROR[0m["test_project_checkboxes_in_create_species_list_form", #<Minitest::Reporters::Suite:0x00000000105de520 @name="SpeciesListControllerTest">, 48.987047587000006]
 test_project_checkboxes_in_create_species_list_form#SpeciesListControllerTest (48.99s)
Minitest::UnexpectedError:         ActionView::Template::Error: wrong number of arguments (given 1, expected 0)
            app/views/layouts/application.html.erb:66:in `_app_views_layouts_application_html_erb__39940670809711777_59906580'
            app/controllers/application_controller.rb:224:in `catch_errors_and_log_request_stats'
            test/functional_test_case.rb:24:in `get'
            test/controllers/species_list_controller_test.rb:1472:in `test_project_checkboxes_in_create_species_list_form'

[0m[1000D[K[31mERROR[0m["test_manage_projects_list", #<Minitest::Reporters::Suite:0x00000000106d6db0 @name="SpeciesListControllerTest">, 49.044418955000026]
 test_manage_projects_list#SpeciesListControllerTest (49.04s)
Minitest::UnexpectedError:         ActionView::Template::Error: wrong number of arguments (given 1, expected 0)
            app/views/layouts/application.html.erb:66:in `_app_views_layouts_application_html_erb__39940670809711777_59906580'
            app/controllers/application_controller.rb:224:in `catch_errors_and_log_request_stats'
            test/functional_test_case.rb:24:in `get'
            test/controllers/species_list_controller_test.rb:1569:in `test_manage_projects_list'

[0m[1000D[K[31mERROR[0m["test_show_species_lists_attached_to_projects", #<Minitest::Reporters::Suite:0x0000000010bea658 @name="SpeciesListControllerTest">, 49.20604541]
 test_show_species_lists_attached_to_projects#SpeciesListControllerTest (49.21s)
Minitest::UnexpectedError:         ActionView::Template::Error: wrong number of arguments (given 1, expected 0)
            app/views/layouts/application.html.erb:66:in `_app_views_layouts_application_html_erb__39940670809711777_59906580'
            app/controllers/application_controller.rb:224:in `catch_errors_and_log_request_stats'
            test/functional_test_case.rb:24:in `get'
            test/controllers/species_list_controller_test.rb:130:in `test_show_species_lists_attached_to_projects'

[0m[1000D[K[31mERROR[0m["test_species_lists_by_user", #<Minitest::Reporters::Suite:0x0000000008c6cb60 @name="SpeciesListControllerTest">, 49.28443724900001]
 test_species_lists_by_user#SpeciesListControllerTest (49.28s)
Minitest::UnexpectedError:         ActionView::Template::Error: undefined method `safe_join' for "":ActiveSupport::SafeBuffer
        Did you mean?  safe_concat
            app/helpers/pagination_helper.rb:118:in `block (2 levels) in pagination_numbers'
            app/helpers/pagination_helper.rb:117:in `block in pagination_numbers'
            app/helpers/pagination_helper.rb:116:in `pagination_numbers'
            app/helpers/pagination_helper.rb:15:in `paginate_block'
            app/views/species_list/list_species_lists.html.erb:10:in `_app_views_species_list_list_species_lists_html_erb___3782497897999730643_131771220'
            app/controllers/application_controller.rb:1498:in `show_index_of_objects'
            app/controllers/species_list_controller.rb:153:in `show_selected_species_lists'
            app/controllers/species_list_controller.rb:92:in `species_lists_by_user'
            app/controllers/application_controller.rb:224:in `catch_errors_and_log_request_stats'
            test/functional_test_case.rb:24:in `get'
            test/controller_extensions.rb:112:in `get_with_dump'
            test/controllers/species_list_controller_test.rb:185:in `test_species_lists_by_user'

[0m[1000D[K[31mERROR[0m["test_species_lists_for_project", #<Minitest::Reporters::Suite:0x000000000c31fe28 @name="SpeciesListControllerTest">, 49.51557069100002]
 test_species_lists_for_project#SpeciesListControllerTest (49.52s)
Minitest::UnexpectedError:         ActionView::Template::Error: undefined method `safe_join' for "":ActiveSupport::SafeBuffer
        Did you mean?  safe_concat
            app/helpers/pagination_helper.rb:118:in `block (2 levels) in pagination_numbers'
            app/helpers/pagination_helper.rb:117:in `block in pagination_numbers'
            app/helpers/pagination_helper.rb:116:in `pagination_numbers'
            app/helpers/pagination_helper.rb:15:in `paginate_block'
            app/views/species_list/list_species_lists.html.erb:10:in `_app_views_species_list_list_species_lists_html_erb___3782497897999730643_131771220'
            app/controllers/application_controller.rb:1498:in `show_index_of_objects'
            app/controllers/species_list_controller.rb:153:in `show_selected_species_lists'
            app/controllers/species_list_controller.rb:101:in `species_lists_for_project'
            app/controllers/application_controller.rb:224:in `catch_errors_and_log_request_stats'
            test/functional_test_case.rb:24:in `get'
            test/controller_extensions.rb:112:in `get_with_dump'
            test/controllers/species_list_controller_test.rb:190:in `test_species_lists_for_project'

[0m[1000D[K[31mERROR[0m["test_update_species_list_multiple_match", #<Minitest::Reporters::Suite:0x000000000cbfe3f0 @name="SpeciesListControllerTest">, 49.73781797500001]
 test_update_species_list_multiple_match#SpeciesListControllerTest (49.74s)
Minitest::UnexpectedError:         ActionView::Template::Error: wrong number of arguments (given 1, expected 0)
            app/views/layouts/application.html.erb:66:in `_app_views_layouts_application_html_erb__39940670809711777_59906580'
            app/controllers/application_controller.rb:224:in `catch_errors_and_log_request_stats'
            test/functional_test_case.rb:30:in `post'
            test/controllers/species_list_controller_test.rb:873:in `test_update_species_list_multiple_match'

[0m[1000D[K[31mERROR[0m["test_create_species_list", #<Minitest::Reporters::Suite:0x000000000d445db0 @name="SpeciesListControllerTest">, 49.79239800200003]
 test_create_species_list#SpeciesListControllerTest (49.79s)
Minitest::UnexpectedError:         ActionView::Template::Error: wrong number of arguments (given 1, expected 0)
            app/views/layouts/application.html.erb:66:in `_app_views_layouts_application_html_erb__39940670809711777_59906580'
            app/controllers/application_controller.rb:224:in `catch_errors_and_log_request_stats'
            test/functional_test_case.rb:24:in `get'
            test/controller_extensions.rb:112:in `get_with_dump'
            test/controller_extensions.rb:469:in `assert_request'
            test/controller_extensions.rb:213:in `either_requires_either'
            test/controller_extensions.rb:135:in `requires_login'
            test/controllers/species_list_controller_test.rb:298:in `test_create_species_list'

[32m=[0m[0m[1000D[K[31mERROR[0m["test_index_species_list_by_past_bys", #<Minitest::Reporters::Suite:0x000000000e8dabe0 @name="SpeciesListControllerTest">, 50.109682745000015]
 test_index_species_list_by_past_bys#SpeciesListControllerTest (50.11s)
Minitest::UnexpectedError:         ActionView::Template::Error: undefined method `safe_join' for "":ActiveSupport::SafeBuffer
        Did you mean?  safe_concat
            app/helpers/pagination_helper.rb:118:in `block (2 levels) in pagination_numbers'
            app/helpers/pagination_helper.rb:117:in `block in pagination_numbers'
            app/helpers/pagination_helper.rb:116:in `pagination_numbers'
            app/helpers/pagination_helper.rb:15:in `paginate_block'
            app/views/species_list/list_species_lists.html.erb:10:in `_app_views_species_list_list_species_lists_html_erb___3782497897999730643_131771220'
            app/controllers/application_controller.rb:1498:in `show_index_of_objects'
            app/controllers/species_list_controller.rb:153:in `show_selected_species_lists'
            app/controllers/species_list_controller.rb:76:in `index_species_list'
            app/controllers/application_controller.rb:224:in `catch_errors_and_log_request_stats'
            test/functional_test_case.rb:24:in `get'
            test/controllers/species_list_controller_test.rb:95:in `test_index_species_list_by_past_bys'

[0m[1000D[K[31mERROR[0m["test_add_remove_observations", #<Minitest::Reporters::Suite:0x000000000f20b2c8 @name="SpeciesListControllerTest">, 50.28431411700001]
 test_add_remove_observations#SpeciesListControllerTest (50.28s)
Minitest::UnexpectedError:         ActionView::Template::Error: wrong number of arguments (given 1, expected 0)
            app/views/layouts/application.html.erb:66:in `_app_views_layouts_application_html_erb__39940670809711777_59906580'
            app/controllers/application_controller.rb:224:in `catch_errors_and_log_request_stats'
            test/functional_test_case.rb:24:in `get'
            test/controllers/species_list_controller_test.rb:1863:in `test_add_remove_observations'

[0m[1000D[K[31mERROR[0m["test_read_species_list_two", #<Minitest::Reporters::Suite:0x000000000fc712a8 @name="SpeciesListControllerTest">, 50.605710750000014]
 test_read_species_list_two#SpeciesListControllerTest (50.61s)
Minitest::UnexpectedError:         ActionView::Template::Error: wrong number of arguments (given 1, expected 0)
            app/views/layouts/application.html.erb:66:in `_app_views_layouts_application_html_erb__39940670809711777_59906580'
            app/controllers/species_list_controller.rb:365:in `upload_species_list'
            app/controllers/application_controller.rb:224:in `catch_errors_and_log_request_stats'
            test/functional_test_case.rb:30:in `post'
            test/controller_extensions.rb:125:in `post_with_dump'
            test/controllers/species_list_controller_test.rb:1064:in `test_read_species_list_two'

[0m[1000D[K[31mERROR[0m["test_update_species_list_add_unknown", #<Minitest::Reporters::Suite:0x000000000fea44f8 @name="SpeciesListControllerTest">, 50.68535977200003]
 test_update_species_list_add_unknown#SpeciesListControllerTest (50.69s)
Minitest::UnexpectedError:         ActionView::Template::Error: wrong number of arguments (given 1, expected 0)
            app/views/layouts/application.html.erb:66:in `_app_views_layouts_application_html_erb__39940670809711777_59906580'
            app/controllers/application_controller.rb:224:in `catch_errors_and_log_request_stats'
            test/functional_test_case.rb:30:in `post'
            test/controllers/species_list_controller_test.rb:787:in `test_update_species_list_add_unknown'

[0m[1000D[K[31mERROR[0m["test_update_species_list_new_name", #<Minitest::Reporters::Suite:0x0000000010085420 @name="SpeciesListControllerTest">, 50.73371932800001]
 test_update_species_list_new_name#SpeciesListControllerTest (50.73s)
Minitest::UnexpectedError:         ActionView::Template::Error: wrong number of arguments (given 1, expected 0)
            app/views/layouts/application.html.erb:66:in `_app_views_layouts_application_html_erb__39940670809711777_59906580'
            app/controllers/application_controller.rb:224:in `catch_errors_and_log_request_stats'
            test/functional_test_case.rb:30:in `post'
            test/controllers/species_list_controller_test.rb:845:in `test_update_species_list_new_name'

[0m[1000D[K[31mERROR[0m["test_create_species_list_member_notes_areas", #<Minitest::Reporters::Suite:0x000000001094c360 @name="SpeciesListControllerTest">, 51.08510607100001]
 test_create_species_list_member_notes_areas#SpeciesListControllerTest (51.09s)
Minitest::UnexpectedError:         ActionView::Template::Error: wrong number of arguments (given 1, expected 0)
            app/views/layouts/application.html.erb:66:in `_app_views_layouts_application_html_erb__39940670809711777_59906580'
            app/controllers/application_controller.rb:224:in `catch_errors_and_log_request_stats'
            test/functional_test_case.rb:24:in `get'
            test/controllers/species_list_controller_test.rb:307:in `test_create_species_list_member_notes_areas'

[0m[1000D[K[31mERROR[0m["test_name_lister", #<Minitest::Reporters::Suite:0x0000000010b099c8 @name="SpeciesListControllerTest">, 51.128597791000004]
 test_name_lister#SpeciesListControllerTest (51.13s)
Minitest::UnexpectedError:         ActionView::Template::Error: wrong number of arguments (given 1, expected 0)
            app/views/layouts/application.html.erb:66:in `_app_views_layouts_application_html_erb__39940670809711777_59906580'
            app/controllers/application_controller.rb:224:in `catch_errors_and_log_request_stats'
            test/functional_test_case.rb:24:in `get'
            test/controllers/species_list_controller_test.rb:1124:in `test_name_lister'

[32m=[0m[32m=[0m[0m[1000D[K[31mERROR[0m["test_manage_projects_permission", #<Minitest::Reporters::Suite:0x000000000c17f4d8 @name="SpeciesListControllerTest">, 51.52669615000002]
 test_manage_projects_permission#SpeciesListControllerTest (51.53s)
Minitest::UnexpectedError:         ActionView::Template::Error: wrong number of arguments (given 1, expected 0)
            app/views/layouts/application.html.erb:66:in `_app_views_layouts_application_html_erb__39940670809711777_59906580'
            app/controllers/application_controller.rb:224:in `catch_errors_and_log_request_stats'
            test/functional_test_case.rb:24:in `get'
            test/controllers/species_list_controller_test.rb:1554:in `test_manage_projects_permission'

[0m[1000D[K[31mERROR[0m["test_edit_species_list_member_parameters_initialization", #<Minitest::Reporters::Suite:0x000000000d0aa840 @name="SpeciesListControllerTest">, 51.673635475000026]
 test_edit_species_list_member_parameters_initialization#SpeciesListControllerTest (51.67s)
Minitest::UnexpectedError:         ActionView::Template::Error: wrong number of arguments (given 1, expected 0)
            app/views/layouts/application.html.erb:66:in `_app_views_layouts_application_html_erb__39940670809711777_59906580'
            app/controllers/application_controller.rb:224:in `catch_errors_and_log_request_stats'
            test/functional_test_case.rb:24:in `get'
            test/controllers/species_list_controller_test.rb:1818:in `test_edit_species_list_member_parameters_initialization'

[0m[1000D[K[31mERROR[0m["test_manage_species_lists", #<Minitest::Reporters::Suite:0x000000000fd40fd0 @name="SpeciesListControllerTest">, 52.45608704200001]
 test_manage_species_lists#SpeciesListControllerTest (52.46s)
Minitest::UnexpectedError:         ActionView::Template::Error: wrong number of arguments (given 1, expected 0)
            app/views/layouts/application.html.erb:66:in `_app_views_layouts_application_html_erb__39940670809711777_59906580'
            app/controllers/application_controller.rb:224:in `catch_errors_and_log_request_stats'
            test/functional_test_case.rb:24:in `get'
            test/controller_extensions.rb:112:in `get_with_dump'
            test/controller_extensions.rb:469:in `assert_request'
            test/controller_extensions.rb:213:in `either_requires_either'
            test/controller_extensions.rb:135:in `requires_login'
            test/controllers/species_list_controller_test.rb:211:in `test_manage_species_lists'

[0m[1000D[K[31mERROR[0m["test_project_checkboxes_in_edit_species_list_form", #<Minitest::Reporters::Suite:0x000000000ff61cb0 @name="SpeciesListControllerTest">, 52.51281420000001]
 test_project_checkboxes_in_edit_species_list_form#SpeciesListControllerTest (52.51s)
Minitest::UnexpectedError:         ActionView::Template::Error: wrong number of arguments (given 1, expected 0)
            app/views/layouts/application.html.erb:66:in `_app_views_layouts_application_html_erb__39940670809711777_59906580'
            app/controllers/application_controller.rb:224:in `catch_errors_and_log_request_stats'
            test/functional_test_case.rb:24:in `get'
            test/controllers/species_list_controller_test.rb:1500:in `test_project_checkboxes_in_edit_species_list_form'

[0m[1000D[K[31mERROR[0m["test_list_species_lists", #<Minitest::Reporters::Suite:0x00000000100221b8 @name="SpeciesListControllerTest">, 52.541966806000005]
 test_list_species_lists#SpeciesListControllerTest (52.54s)
Minitest::UnexpectedError:         ActionView::Template::Error: undefined method `safe_join' for "":ActiveSupport::SafeBuffer
        Did you mean?  safe_concat
            app/helpers/pagination_helper.rb:118:in `block (2 levels) in pagination_numbers'
            app/helpers/pagination_helper.rb:117:in `block in pagination_numbers'
            app/helpers/pagination_helper.rb:116:in `pagination_numbers'
            app/helpers/pagination_helper.rb:15:in `paginate_block'
            app/views/species_list/list_species_lists.html.erb:10:in `_app_views_species_list_list_species_lists_html_erb___3782497897999730643_131771220'
            app/controllers/application_controller.rb:1498:in `show_index_of_objects'
            app/controllers/species_list_controller.rb:153:in `show_selected_species_lists'
            app/controllers/species_list_controller.rb:83:in `list_species_lists'
            app/controllers/application_controller.rb:224:in `catch_errors_and_log_request_stats'
            test/functional_test_case.rb:24:in `get'
            test/controller_extensions.rb:112:in `get_with_dump'
            test/controllers/species_list_controller_test.rb:102:in `test_list_species_lists'

[0m[1000D[K[31mERROR[0m["test_manage_species_list_with_projects", #<Minitest::Reporters::Suite:0x00000000101cc928 @name="SpeciesListControllerTest">, 52.60230162900001]
 test_manage_species_list_with_projects#SpeciesListControllerTest (52.60s)
Minitest::UnexpectedError:         ActionView::Template::Error: wrong number of arguments (given 1, expected 0)
            app/views/layouts/application.html.erb:66:in `_app_views_layouts_application_html_erb__39940670809711777_59906580'
            app/controllers/application_controller.rb:224:in `catch_errors_and_log_request_stats'
            test/functional_test_case.rb:24:in `get'
            test/controllers/species_list_controller_test.rb:269:in `test_manage_species_list_with_projects'

[0m[1000D[K[31mERROR[0m["test_construct_species_list_nonalpha_multiple", #<Minitest::Reporters::Suite:0x000000001051d848 @name="SpeciesListControllerTest">, 52.72666725100001]
 test_construct_species_list_nonalpha_multiple#SpeciesListControllerTest (52.73s)
Minitest::UnexpectedError:         ActionView::Template::Error: wrong number of arguments (given 1, expected 0)
            app/views/layouts/application.html.erb:66:in `_app_views_layouts_application_html_erb__39940670809711777_59906580'
            app/controllers/application_controller.rb:224:in `catch_errors_and_log_request_stats'
            test/functional_test_case.rb:30:in `post'
            test/controllers/species_list_controller_test.rb:655:in `test_construct_species_list_nonalpha_multiple'

[0m[1000D[K[31mERROR[0m["test_bulk_editor_bad_when", #<Minitest::Reporters::Suite:0x00000000106437e0 @name="SpeciesListControllerTest">, 52.77273220800001]
 test_bulk_editor_bad_when#SpeciesListControllerTest (52.77s)
Minitest::UnexpectedError:         ActionView::Template::Error: undefined method `safe_join' for "":ActiveSupport::SafeBuffer
        Did you mean?  safe_concat
            app/helpers/pagination_helper.rb:118:in `block (2 levels) in pagination_numbers'
            app/helpers/pagination_helper.rb:117:in `block in pagination_numbers'
            app/helpers/pagination_helper.rb:116:in `pagination_numbers'
            app/helpers/pagination_helper.rb:15:in `paginate_block'
            app/views/species_list/bulk_editor.html.erb:20:in `block in _app_views_species_list_bulk_editor_html_erb__4454596471408196602_109915840'
            app/views/species_list/bulk_editor.html.erb:17:in `_app_views_species_list_bulk_editor_html_erb__4454596471408196602_109915840'
            app/controllers/application_controller.rb:224:in `catch_errors_and_log_request_stats'
            test/functional_test_case.rb:30:in `post'
            test/controllers/species_list_controller_test.rb:1464:in `test_bulk_editor_bad_when'

[0m[1000D[K[31mERROR[0m["test_index_disabled", #<Minitest::Reporters::Suite:0x0000000010a23bf8 @name="PivotalControllerTest">, 52.90774436200002]
 test_index_disabled#PivotalControllerTest (52.91s)
Minitest::UnexpectedError:         ActionView::Template::Error: wrong number of arguments (given 1, expected 0)
            app/views/layouts/application.html.erb:66:in `_app_views_layouts_application_html_erb__39940670809711777_59906580'
            app/controllers/application_controller.rb:224:in `catch_errors_and_log_request_stats'
            test/functional_test_case.rb:24:in `get'
            test/controller_extensions.rb:112:in `get_with_dump'
            test/controllers/pivotal_controller_test.rb:8:in `test_index_disabled'

[32m=[0m[0m[1000D[K[31mERROR[0m["test_index_enabled", #<Minitest::Reporters::Suite:0x0000000010c30428 @name="PivotalControllerTest">, 52.94113608700002]
 test_index_enabled#PivotalControllerTest (52.94s)
Minitest::UnexpectedError:         ActionView::Template::Error: wrong number of arguments (given 1, expected 0)
            app/views/layouts/application.html.erb:66:in `_app_views_layouts_application_html_erb__39940670809711777_59906580'
            app/controllers/application_controller.rb:224:in `catch_errors_and_log_request_stats'
            test/functional_test_case.rb:24:in `get'
            test/controller_extensions.rb:112:in `get_with_dump'
            test/controllers/pivotal_controller_test.rb:48:in `test_index_enabled'

[0m[1000D[K[31mERROR[0m["test_process_image", #<Minitest::Reporters::Suite:0x000000000b77c2d8 @name="ScriptTest">, 62.984152299000016]
 test_process_image#ScriptTest (62.98s)
Minitest::UnexpectedError:         Errno::ENOENT: No such file or directory @ rb_sysopen - | /vagrant/mushroom-observer/script/jpegsize -f /tmp/test20200412-3142-15psujs
            test/models/image_script_test.rb:115:in `readlines'
            test/models/image_script_test.rb:115:in `block in <class:ScriptTest>'

/vagrant/mushroom-observer/script/rotate_image: line 50: test: -ne: unary operator expected
[32m=[0m[32m=[0m[0m[1000D[K[31mERROR[0m["test_get_story", #<Minitest::Reporters::Suite:0x000000000c4bf3f0 @name="PivotalTest">, 66.31957817600002]
 test_get_story#PivotalTest (66.32s)
Minitest::UnexpectedError:         WebMock::NetConnectNotAllowedError: Real HTTP connections are disabled. Unregistered request: GET https://www.pivotaltracker.com/services/v5/projects/224629/stories/77165602?fields=story_type,estimate,current_state,name,description,updated_at,labels(name),comments(created_at,text) with headers {'Accept'=>'*/*', 'Accept-Encoding'=>'gzip;q=1.0,deflate;q=0.6,identity;q=0.3', 'User-Agent'=>'Ruby', 'X-Trackertoken'=>'xxx'}
        
        You can stub this request with the following snippet:
        
        stub_request(:get, "https://www.pivotaltracker.com/services/v5/projects/224629/stories/77165602?fields=story_type,estimate,current_state,name,description,updated_at,labels(name),comments(created_at,text)").
          with(
            headers: {
        	  'Accept'=>'*/*',
        	  'Accept-Encoding'=>'gzip;q=1.0,deflate;q=0.6,identity;q=0.3',
        	  'User-Agent'=>'Ruby',
        	  'X-Trackertoken'=>'xxx'
            }).
          to_return(status: 200, body: "", headers: {})
        
        registered request stubs:
        
        stub_request(:get, "https://www.pivotaltracker.com/services/v5/projects/224629/stories?fields=story_type,estimate,current_state,name,description,updated_at,labels(name),comments(created_at,text)&filter=state:unscheduled,started,unstarted&limit=500").
          with(
            headers: {
        	  'Accept'=>'*/*',
        	  'Accept-Encoding'=>'gzip;q=1.0,deflate;q=0.6,identity;q=0.3',
        	  'User-Agent'=>'Ruby',
        	  'X-Trackertoken'=>'xxx'
            })
        stub_request(:any, "/google.com/")
        
        ============================================================
            app/classes/pivotal/http.rb:113:in `do_request'
            app/classes/pivotal/http.rb:117:in `get_request'
            app/classes/pivotal/http.rb:33:in `get_story'
            test/models/pivotal_test.rb:31:in `test_get_story'

[0m[1000D[K[31m FAIL[0m["test_get_stories", #<Minitest::Reporters::Suite:0x000000000c65b2b8 @name="PivotalTest">, 66.32333981400001]
 test_get_stories#PivotalTest (66.32s)
        Expected false to be truthy.
        test/models/pivotal_test.rb:9:in `test_get_stories'

[32m=[0m[32m=[0m[32m=[0m[32m=[0m[0m[1000D[K[31mERROR[0m["test_add_images_strip_gps", #<Minitest::Reporters::Suite:0x000000000dd78720 @name="ImageControllerTest">, 69.07733952400002]
 test_add_images_strip_gps#ImageControllerTest (69.08s)
Minitest::UnexpectedError:         Errno::ENOENT: No such file or directory @ rb_sysopen - | /usr/bin/file --mime /tmp/RackMultipart20200412-3142-bba1vn.jpg
            app/models/image.rb:567:in `read'
            app/models/image.rb:567:in `validate_image_type'
            app/models/image.rb:538:in `validate_upload'
            app/models/image.rb:972:in `check_requirements'
            app/controllers/image_controller.rb:331:in `process_image'
            app/controllers/image_controller.rb:315:in `add_image'
            app/controllers/application_controller.rb:224:in `catch_errors_and_log_request_stats'
            test/functional_test_case.rb:30:in `post'
            test/controllers/image_controller_test.rb:625:in `test_add_images_strip_gps'

[0m[1000D[K[31mERROR[0m["test_bulk_image_vote_anonymity_thingy", #<Minitest::Reporters::Suite:0x000000000d18d9d8 @name="ImageControllerTest">, 69.16209031900001]
 test_bulk_image_vote_anonymity_thingy#ImageControllerTest (69.16s)
Minitest::UnexpectedError:         ActionView::Template::Error: wrong number of arguments (given 1, expected 0)
            app/views/layouts/application.html.erb:66:in `_app_views_layouts_application_html_erb__39940670809711777_59906580'
            app/controllers/application_controller.rb:224:in `catch_errors_and_log_request_stats'
            test/functional_test_case.rb:24:in `get'
            test/controller_extensions.rb:112:in `get_with_dump'
            test/controller_extensions.rb:469:in `assert_request'
            test/controller_extensions.rb:213:in `either_requires_either'
            test/controller_extensions.rb:135:in `requires_login'
            test/controllers/image_controller_test.rb:720:in `test_bulk_image_vote_anonymity_thingy'

[0m[1000D[K[31mERROR[0m["test_show_image_edit_links", #<Minitest::Reporters::Suite:0x000000000d170ce8 @name="ImageControllerTest">, 69.28195725800003]
 test_show_image_edit_links#ImageControllerTest (69.28s)
Minitest::UnexpectedError:         ActionView::Template::Error: wrong number of arguments (given 1, expected 0)
            app/views/layouts/application.html.erb:66:in `_app_views_layouts_application_html_erb__39940670809711777_59906580'
            app/controllers/application_controller.rb:224:in `catch_errors_and_log_request_stats'
            test/functional_test_case.rb:24:in `get'
            test/controllers/image_controller_test.rb:211:in `test_show_image_edit_links'

[0m[1000D[K[31mERROR[0m["test_show_image", #<Minitest::Reporters::Suite:0x000000000d843cc8 @name="ImageControllerTest">, 69.32675370100003]
 test_show_image#ImageControllerTest (69.33s)
Minitest::UnexpectedError:         ActionView::Template::Error: wrong number of arguments (given 1, expected 0)
            app/views/layouts/application.html.erb:66:in `_app_views_layouts_application_html_erb__39940670809711777_59906580'
            app/controllers/application_controller.rb:224:in `catch_errors_and_log_request_stats'
            test/functional_test_case.rb:24:in `get'
            test/controller_extensions.rb:112:in `get_with_dump'
            test/controllers/image_controller_test.rb:192:in `test_show_image'

[0m[1000D[K[31mERROR[0m["test_project_checkboxes", #<Minitest::Reporters::Suite:0x000000000ecf4a78 @name="ImageControllerTest">, 69.480554536]
 test_project_checkboxes#ImageControllerTest (69.48s)
Minitest::UnexpectedError:         ActionView::Template::Error: wrong number of arguments (given 1, expected 0)
            app/views/layouts/application.html.erb:66:in `_app_views_layouts_application_html_erb__39940670809711777_59906580'
            app/controllers/application_controller.rb:224:in `catch_errors_and_log_request_stats'
            test/functional_test_case.rb:24:in `get'
            test/controllers/image_controller_test.rb:818:in `test_project_checkboxes'

[0m[1000D[K[31mERROR[0m["test_reuse_image_for_glossary_term", #<Minitest::Reporters::Suite:0x000000000ea44738 @name="ImageControllerTest">, 69.56676903200002]
 test_reuse_image_for_glossary_term#ImageControllerTest (69.57s)
Minitest::UnexpectedError:         ActionView::Template::Error: undefined method `safe_join' for "":ActiveSupport::SafeBuffer
        Did you mean?  safe_concat
            app/helpers/pagination_helper.rb:118:in `block (2 levels) in pagination_numbers'
            app/helpers/pagination_helper.rb:117:in `block in pagination_numbers'
            app/helpers/pagination_helper.rb:116:in `pagination_numbers'
            app/helpers/pagination_helper.rb:15:in `paginate_block'
            app/views/image/_reuse_image.html.erb:22:in `block in _app_views_image__reuse_image_html_erb___4359977261997184461_122623140'
            app/views/image/_reuse_image.html.erb:2:in `_app_views_image__reuse_image_html_erb___4359977261997184461_122623140'
            app/views/image/reuse_image_for_glossary_term.html.erb:16:in `_app_views_image_reuse_image_for_glossary_term_html_erb__4151143478666188843_122542460'
            app/controllers/application_controller.rb:224:in `catch_errors_and_log_request_stats'
            test/functional_test_case.rb:24:in `get'
            test/controller_extensions.rb:112:in `get_with_dump'
            test/controller_extensions.rb:469:in `assert_request'
            test/controller_extensions.rb:213:in `either_requires_either'
            test/controller_extensions.rb:135:in `requires_login'
            test/controllers/image_controller_test.rb:510:in `test_reuse_image_for_glossary_term'

[0m[1000D[K[31mERROR[0m["test_image_search", #<Minitest::Reporters::Suite:0x000000000eec5de8 @name="ImageControllerTest">, 69.62051525999999]
 test_image_search#ImageControllerTest (69.62s)
Minitest::UnexpectedError:         ActionView::Template::Error: undefined method `safe_join' for "":ActiveSupport::SafeBuffer
        Did you mean?  safe_concat
            app/helpers/pagination_helper.rb:118:in `block (2 levels) in pagination_numbers'
            app/helpers/pagination_helper.rb:117:in `block in pagination_numbers'
            app/helpers/pagination_helper.rb:116:in `pagination_numbers'
            app/helpers/pagination_helper.rb:15:in `paginate_block'
            app/views/image/list_images.html.erb:11:in `_app_views_image_list_images_html_erb___2175577227252613501_125071660'
            app/controllers/application_controller.rb:1498:in `show_index_of_objects'
            app/controllers/image_controller.rb:164:in `show_selected_images'
            app/controllers/image_controller.rb:103:in `image_search'
            app/controllers/application_controller.rb:224:in `catch_errors_and_log_request_stats'
            test/functional_test_case.rb:24:in `get'
            test/controller_extensions.rb:112:in `get_with_dump'
            test/controllers/image_controller_test.rb:237:in `test_image_search'

[0m[1000D[K[31mERROR[0m["test_remove_images_for_glossary_term", #<Minitest::Reporters::Suite:0x000000000f3548f0 @name="ImageControllerTest">, 69.78205180100002]
 test_remove_images_for_glossary_term#ImageControllerTest (69.78s)
Minitest::UnexpectedError:         ActionView::Template::Error: wrong number of arguments (given 1, expected 0)
            app/views/layouts/application.html.erb:66:in `_app_views_layouts_application_html_erb__39940670809711777_59906580'
            app/controllers/application_controller.rb:224:in `catch_errors_and_log_request_stats'
            test/functional_test_case.rb:24:in `get'
            test/controller_extensions.rb:112:in `get_with_dump'
            test/controller_extensions.rb:469:in `assert_request'
            test/controller_extensions.rb:213:in `either_requires_either'
            test/controller_extensions.rb:135:in `requires_login'
            test/controllers/image_controller_test.rb:480:in `test_remove_images_for_glossary_term'

[32m=[0m[0m[1000D[K[31mERROR[0m["test_upload_image", #<Minitest::Reporters::Suite:0x000000000fb34098 @name="ImageControllerTest">, 71.21250479600002]
 test_upload_image#ImageControllerTest (71.21s)
Minitest::UnexpectedError:         Errno::ENOENT: No such file or directory @ rb_sysopen - | /usr/bin/file --mime /tmp/RackMultipart20200412-3142-i3xjjw.jpg
            app/models/image.rb:567:in `read'
            app/models/image.rb:567:in `validate_image_type'
            app/models/image.rb:538:in `validate_upload'
            app/models/image.rb:972:in `check_requirements'
            app/controllers/image_controller.rb:331:in `process_image'
            app/controllers/image_controller.rb:315:in `add_image'
            app/controllers/application_controller.rb:224:in `catch_errors_and_log_request_stats'
            test/functional_test_case.rb:30:in `post'
            test/controller_extensions.rb:125:in `post_with_dump'
            test/controllers/image_controller_test.rb:593:in `block in test_upload_image'
            test/controllers/image_controller_test.rb:591:in `test_upload_image'

[0m[1000D[K[31mERROR[0m["test_reuse_image_for_user", #<Minitest::Reporters::Suite:0x000000000fc85b90 @name="ImageControllerTest">, 71.27151169000001]
 test_reuse_image_for_user#ImageControllerTest (71.27s)
Minitest::UnexpectedError:         ActionView::Template::Error: undefined method `safe_join' for "":ActiveSupport::SafeBuffer
        Did you mean?  safe_concat
            app/helpers/pagination_helper.rb:118:in `block (2 levels) in pagination_numbers'
            app/helpers/pagination_helper.rb:117:in `block in pagination_numbers'
            app/helpers/pagination_helper.rb:116:in `pagination_numbers'
            app/helpers/pagination_helper.rb:15:in `paginate_block'
            app/views/image/_reuse_image.html.erb:22:in `block in _app_views_image__reuse_image_html_erb___4359977261997184461_122623140'
            app/views/image/_reuse_image.html.erb:2:in `_app_views_image__reuse_image_html_erb___4359977261997184461_122623140'
            app/views/image/reuse_image.html.erb:19:in `_app_views_image_reuse_image_html_erb__3770012579420292785_132268740'
            app/controllers/application_controller.rb:224:in `catch_errors_and_log_request_stats'
            test/functional_test_case.rb:24:in `get'
            test/controller_extensions.rb:112:in `get_with_dump'
            test/controller_extensions.rb:469:in `assert_request'
            test/controller_extensions.rb:213:in `either_requires_either'
            test/controller_extensions.rb:135:in `requires_login'
            test/controllers/image_controller_test.rb:649:in `test_reuse_image_for_user'

[0m[1000D[K[31mERROR[0m["test_update_licenses", #<Minitest::Reporters::Suite:0x00000000100015a8 @name="ImageControllerTest">, 71.423169406]
 test_update_licenses#ImageControllerTest (71.42s)
Minitest::UnexpectedError:         ActionView::Template::Error: wrong number of arguments (given 1, expected 0)
            app/views/layouts/application.html.erb:66:in `_app_views_layouts_application_html_erb__39940670809711777_59906580'
            app/controllers/application_controller.rb:224:in `catch_errors_and_log_request_stats'
            test/functional_test_case.rb:30:in `post'
            test/controller_extensions.rb:125:in `post_with_dump'
            test/controller_extensions.rb:469:in `assert_request'
            test/controller_extensions.rb:213:in `either_requires_either'
            test/controller_extensions.rb:144:in `post_requires_login'
            test/controllers/image_controller_test.rb:328:in `test_update_licenses'

[0m[1000D[K[31mERROR[0m["test_license_updater", #<Minitest::Reporters::Suite:0x000000001024c290 @name="ImageControllerTest">, 71.521020491]
 test_license_updater#ImageControllerTest (71.52s)
Minitest::UnexpectedError:         ActionView::Template::Error: wrong number of arguments (given 1, expected 0)
            app/views/layouts/application.html.erb:66:in `_app_views_layouts_application_html_erb__39940670809711777_59906580'
            app/controllers/application_controller.rb:224:in `catch_errors_and_log_request_stats'
            test/functional_test_case.rb:24:in `get'
            test/controller_extensions.rb:112:in `get_with_dump'
            test/controller_extensions.rb:469:in `assert_request'
            test/controller_extensions.rb:213:in `either_requires_either'
            test/controller_extensions.rb:135:in `requires_login'
            test/controllers/image_controller_test.rb:294:in `test_license_updater'

[0m[1000D[K[31mERROR[0m["test_image_search_next", #<Minitest::Reporters::Suite:0x000000001030eed0 @name="ImageControllerTest">, 71.56094124100002]
 test_image_search_next#ImageControllerTest (71.56s)
Minitest::UnexpectedError:         ActionView::Template::Error: undefined method `safe_join' for "":ActiveSupport::SafeBuffer
        Did you mean?  safe_concat
            app/helpers/pagination_helper.rb:118:in `block (2 levels) in pagination_numbers'
            app/helpers/pagination_helper.rb:117:in `block in pagination_numbers'
            app/helpers/pagination_helper.rb:116:in `pagination_numbers'
            app/helpers/pagination_helper.rb:15:in `paginate_block'
            app/views/image/list_images.html.erb:11:in `_app_views_image_list_images_html_erb___2175577227252613501_125071660'
            app/controllers/application_controller.rb:1498:in `show_index_of_objects'
            app/controllers/image_controller.rb:164:in `show_selected_images'
            app/controllers/image_controller.rb:103:in `image_search'
            app/controllers/application_controller.rb:224:in `catch_errors_and_log_request_stats'
            test/functional_test_case.rb:24:in `get'
            test/controller_extensions.rb:112:in `get_with_dump'
            test/controllers/image_controller_test.rb:250:in `test_image_search_next'

[0m[1000D[K[31mERROR[0m["test_remove_images", #<Minitest::Reporters::Suite:0x000000001046a518 @name="ImageControllerTest">, 71.64026228700004]
 test_remove_images#ImageControllerTest (71.64s)
Minitest::UnexpectedError:         ActionView::Template::Error: wrong number of arguments (given 1, expected 0)
            app/views/layouts/application.html.erb:66:in `_app_views_layouts_application_html_erb__39940670809711777_59906580'
            app/controllers/application_controller.rb:224:in `catch_errors_and_log_request_stats'
            test/functional_test_case.rb:24:in `get'
            test/controller_extensions.rb:112:in `get_with_dump'
            test/controller_extensions.rb:469:in `assert_request'
            test/controller_extensions.rb:213:in `either_requires_either'
            test/controller_extensions.rb:155:in `requires_user'
            test/controllers/image_controller_test.rb:469:in `test_remove_images'

[0m[1000D[K[31mERROR[0m["test_reuse_image_for_observation", #<Minitest::Reporters::Suite:0x00000000105e86d8 @name="ImageControllerTest">, 71.707895726]
 test_reuse_image_for_observation#ImageControllerTest (71.71s)
Minitest::UnexpectedError:         ActionView::Template::Error: undefined method `safe_join' for "":ActiveSupport::SafeBuffer
        Did you mean?  safe_concat
            app/helpers/pagination_helper.rb:118:in `block (2 levels) in pagination_numbers'
            app/helpers/pagination_helper.rb:117:in `block in pagination_numbers'
            app/helpers/pagination_helper.rb:116:in `pagination_numbers'
            app/helpers/pagination_helper.rb:15:in `paginate_block'
            app/views/image/_reuse_image.html.erb:22:in `block in _app_views_image__reuse_image_html_erb___4359977261997184461_122623140'
            app/views/image/_reuse_image.html.erb:2:in `_app_views_image__reuse_image_html_erb___4359977261997184461_122623140'
            app/views/image/reuse_image.html.erb:19:in `_app_views_image_reuse_image_html_erb__3770012579420292785_132268740'
            app/controllers/application_controller.rb:224:in `catch_errors_and_log_request_stats'
            test/functional_test_case.rb:24:in `get'
            test/controller_extensions.rb:112:in `get_with_dump'
            test/controllers/image_controller_test.rb:501:in `test_reuse_image_for_observation'

[0m[1000D[K[31mERROR[0m["test_list_images", #<Minitest::Reporters::Suite:0x00000000107de618 @name="ImageControllerTest">, 71.794736919]
 test_list_images#ImageControllerTest (71.79s)
Minitest::UnexpectedError:         ActionView::Template::Error: undefined method `safe_join' for "":ActiveSupport::SafeBuffer
        Did you mean?  safe_concat
            app/helpers/pagination_helper.rb:118:in `block (2 levels) in pagination_numbers'
            app/helpers/pagination_helper.rb:117:in `block in pagination_numbers'
            app/helpers/pagination_helper.rb:116:in `pagination_numbers'
            app/helpers/pagination_helper.rb:15:in `paginate_block'
            app/views/image/list_images.html.erb:11:in `_app_views_image_list_images_html_erb___2175577227252613501_125071660'
            app/controllers/application_controller.rb:1498:in `show_index_of_objects'
            app/controllers/image_controller.rb:164:in `show_selected_images'
            app/controllers/image_controller.rb:74:in `list_images'
            app/controllers/application_controller.rb:224:in `catch_errors_and_log_request_stats'
            test/functional_test_case.rb:24:in `get'
            test/controller_extensions.rb:112:in `get_with_dump'
            test/controllers/image_controller_test.rb:5:in `test_list_images'

[32m=[0m[32m=[0m[0m[1000D[K[31mERROR[0m["test_images_by_user", #<Minitest::Reporters::Suite:0x000000000c7dcdd0 @name="ImageControllerTest">, 72.06624869900003]
 test_images_by_user#ImageControllerTest (72.07s)
Minitest::UnexpectedError:         ActionView::Template::Error: undefined method `safe_join' for "":ActiveSupport::SafeBuffer
        Did you mean?  safe_concat
            app/helpers/pagination_helper.rb:118:in `block (2 levels) in pagination_numbers'
            app/helpers/pagination_helper.rb:117:in `block in pagination_numbers'
            app/helpers/pagination_helper.rb:116:in `pagination_numbers'
            app/helpers/pagination_helper.rb:15:in `paginate_block'
            app/views/image/list_images.html.erb:11:in `_app_views_image_list_images_html_erb___2175577227252613501_125071660'
            app/controllers/application_controller.rb:1498:in `show_index_of_objects'
            app/controllers/image_controller.rb:164:in `show_selected_images'
            app/controllers/image_controller.rb:83:in `images_by_user'
            app/controllers/application_controller.rb:224:in `catch_errors_and_log_request_stats'
            test/functional_test_case.rb:24:in `get'
            test/controller_extensions.rb:112:in `get_with_dump'
            test/controllers/image_controller_test.rb:10:in `test_images_by_user'

[0m[1000D[K[31mERROR[0m["test_images_for_project", #<Minitest::Reporters::Suite:0x000000000e57f900 @name="ImageControllerTest">, 72.10705666500002]
 test_images_for_project#ImageControllerTest (72.11s)
Minitest::UnexpectedError:         ActionView::Template::Error: undefined method `safe_join' for "":ActiveSupport::SafeBuffer
        Did you mean?  safe_concat
            app/helpers/pagination_helper.rb:118:in `block (2 levels) in pagination_numbers'
            app/helpers/pagination_helper.rb:117:in `block in pagination_numbers'
            app/helpers/pagination_helper.rb:116:in `pagination_numbers'
            app/helpers/pagination_helper.rb:15:in `paginate_block'
            app/views/image/list_images.html.erb:11:in `_app_views_image_list_images_html_erb___2175577227252613501_125071660'
            app/controllers/application_controller.rb:1498:in `show_index_of_objects'
            app/controllers/image_controller.rb:164:in `show_selected_images'
            app/controllers/image_controller.rb:92:in `images_for_project'
            app/controllers/application_controller.rb:224:in `catch_errors_and_log_request_stats'
            test/functional_test_case.rb:24:in `get'
            test/controller_extensions.rb:112:in `get_with_dump'
            test/controllers/image_controller_test.rb:15:in `test_images_for_project'

[0m[1000D[K[31mERROR[0m["test_show_user_profile_image", #<Minitest::Reporters::Suite:0x000000000c9ef8e8 @name="ImageControllerTest">, 72.18260426400002]
 test_show_user_profile_image#ImageControllerTest (72.18s)
Minitest::UnexpectedError:         ActionView::Template::Error: wrong number of arguments (given 1, expected 0)
            app/views/layouts/application.html.erb:66:in `_app_views_layouts_application_html_erb__39940670809711777_59906580'
            app/controllers/application_controller.rb:224:in `catch_errors_and_log_request_stats'
            test/functional_test_case.rb:24:in `get'
            test/controllers/image_controller_test.rb:852:in `test_show_user_profile_image'

[0m[1000D[K[31mERROR[0m["test_add_image", #<Minitest::Reporters::Suite:0x000000000c933828 @name="ImageControllerTest">, 72.25600212]
 test_add_image#ImageControllerTest (72.26s)
Minitest::UnexpectedError:         ActionView::Template::Error: wrong number of arguments (given 1, expected 0)
            app/views/layouts/application.html.erb:66:in `_app_views_layouts_application_html_erb__39940670809711777_59906580'
            app/controllers/application_controller.rb:224:in `catch_errors_and_log_request_stats'
            test/functional_test_case.rb:24:in `get'
            test/controller_extensions.rb:112:in `get_with_dump'
            test/controller_extensions.rb:469:in `assert_request'
            test/controller_extensions.rb:213:in `either_requires_either'
            test/controller_extensions.rb:135:in `requires_login'
            test/controllers/image_controller_test.rb:271:in `test_add_image'

[0m[1000D[K[31mERROR[0m["test_original_filename_visibility", #<Minitest::Reporters::Suite:0x000000000e307010 @name="ImageControllerTest">, 72.322904015]
 test_original_filename_visibility#ImageControllerTest (72.32s)
Minitest::UnexpectedError:         ActionView::Template::Error: wrong number of arguments (given 1, expected 0)
            app/views/layouts/application.html.erb:66:in `_app_views_layouts_application_html_erb__39940670809711777_59906580'
            app/controllers/application_controller.rb:224:in `catch_errors_and_log_request_stats'
            test/functional_test_case.rb:24:in `get'
            test/controllers/image_controller_test.rb:749:in `test_original_filename_visibility'

[0m[1000D[K[31mERROR[0m["test_edit_image", #<Minitest::Reporters::Suite:0x000000000c14df78 @name="ImageControllerTest">, 73.319539416]
 test_edit_image#ImageControllerTest (73.32s)
Minitest::UnexpectedError:         ActionView::Template::Error: wrong number of arguments (given 1, expected 0)
            app/views/layouts/application.html.erb:66:in `_app_views_layouts_application_html_erb__39940670809711777_59906580'
            app/controllers/application_controller.rb:224:in `catch_errors_and_log_request_stats'
            test/functional_test_case.rb:24:in `get'
            test/controller_extensions.rb:112:in `get_with_dump'
            test/controller_extensions.rb:469:in `assert_request'
            test/controller_extensions.rb:213:in `either_requires_either'
            test/controller_extensions.rb:155:in `requires_user'
            test/controllers/image_controller_test.rb:429:in `test_edit_image'

[0m[1000D[K[31mERROR[0m["test_bulk_name_editor", #<Minitest::Reporters::Suite:0x000000000cf02150 @name="ExpertTest">, 73.49664823699999]
 test_bulk_name_editor#ExpertTest (73.50s)
Minitest::UnexpectedError:         NoMethodError: undefined method `device' for #<Browser::Bot:0x000000000cee56e0>
            app/extensions/browser_extensions.rb:5:in `bot?'
            app/controllers/application_controller.rb:236:in `request_stats'
            app/controllers/application_controller.rb:223:in `catch_errors_and_log_request_stats'
            test/session_extensions.rb:93:in `get'
            test/session_extensions.rb:70:in `process_with_error_checking'
            test/session_extensions.rb:91:in `get'
            test/integration_extensions.rb:15:in `login'
            test/integration_extensions.rb:26:in `login!'
            test/integration/expert_test.rb:32:in `test_bulk_name_editor'

[0m[1000D[K[31mERROR[0m["test_species_list_forms", #<Minitest::Reporters::Suite:0x000000000cf68220 @name="ExpertTest">, 73.51271717000003]
 test_species_list_forms#ExpertTest (73.51s)
Minitest::UnexpectedError:         NoMethodError: undefined method `device' for #<Browser::Bot:0x000000000cf5aaa8>
            app/extensions/browser_extensions.rb:5:in `bot?'
            app/controllers/application_controller.rb:236:in `request_stats'
            app/controllers/application_controller.rb:223:in `catch_errors_and_log_request_stats'
            test/session_extensions.rb:93:in `get'
            test/session_extensions.rb:70:in `process_with_error_checking'
            test/session_extensions.rb:91:in `get'
            test/integration_extensions.rb:15:in `login'
            test/integration_extensions.rb:26:in `login!'
            test/integration/expert_test.rb:127:in `test_species_list_forms'

[0m[1000D[K[31mERROR[0m["test_show_votes", #<Minitest::Reporters::Suite:0x000000000f1899d0 @name="VoteControllerTest">, 73.807603712]
 test_show_votes#VoteControllerTest (73.81s)
Minitest::UnexpectedError:         ActionView::Template::Error: wrong number of arguments (given 1, expected 0)
            app/views/layouts/application.html.erb:66:in `_app_views_layouts_application_html_erb__39940670809711777_59906580'
            app/controllers/application_controller.rb:224:in `catch_errors_and_log_request_stats'
            test/functional_test_case.rb:24:in `get'
            test/controller_extensions.rb:112:in `get_with_dump'
            test/controllers/vote_controller_test.rb:143:in `test_show_votes'

[32m=[0m[32m=[0m[32m=[0m[32m=[0m[32m=[0m[32m=[0m[32m=[0m[32m=[0m[32m=[0m[32m=[0m[32m=[0m[0m[1000D[K[31mERROR[0m["test_should_show_publication", #<Minitest::Reporters::Suite:0x000000000c9c2c80 @name="PublicationsControllerTest">, 76.27626509100003]
 test_should_show_publication#PublicationsControllerTest (76.28s)
Minitest::UnexpectedError:         ActionView::Template::Error: wrong number of arguments (given 1, expected 0)
            app/views/layouts/application.html.erb:66:in `_app_views_layouts_application_html_erb__39940670809711777_59906580'
            app/controllers/application_controller.rb:224:in `catch_errors_and_log_request_stats'
            test/functional_test_case.rb:24:in `get'
            test/controllers/publications_controller_test.rb:66:in `test_should_show_publication'

[32m=[0m[32m=[0m[0m[1000D[K[31mERROR[0m["test_should_get_edit", #<Minitest::Reporters::Suite:0x000000000e619500 @name="PublicationsControllerTest">, 76.332434051]
 test_should_get_edit#PublicationsControllerTest (76.33s)
Minitest::UnexpectedError:         ActionView::Template::Error: wrong number of arguments (given 1, expected 0)
            app/views/layouts/application.html.erb:66:in `_app_views_layouts_application_html_erb__39940670809711777_59906580'
            app/controllers/application_controller.rb:224:in `catch_errors_and_log_request_stats'
            test/functional_test_case.rb:24:in `get'
            test/controllers/publications_controller_test.rb:75:in `test_should_get_edit'

[0m[1000D[K[31mERROR[0m["test_should_not_create_publication_if_form_empty", #<Minitest::Reporters::Suite:0x000000000e6eaf10 @name="PublicationsControllerTest">, 76.37844931400002]
 test_should_not_create_publication_if_form_empty#PublicationsControllerTest (76.38s)
Minitest::UnexpectedError:         ActionView::Template::Error: wrong number of arguments (given 1, expected 0)
            app/views/layouts/application.html.erb:66:in `_app_views_layouts_application_html_erb__39940670809711777_59906580'
            app/controllers/publications_controller.rb:68:in `block (2 levels) in create'
            app/controllers/publications_controller.rb:58:in `create'
            app/controllers/application_controller.rb:224:in `catch_errors_and_log_request_stats'
            test/functional_test_case.rb:30:in `post'
            test/controllers/publications_controller_test.rb:61:in `block in test_should_not_create_publication_if_form_empty'
            test/controllers/publications_controller_test.rb:60:in `test_should_not_create_publication_if_form_empty'

[0m[1000D[K[31mERROR[0m["test_should_get_index_for_user_who_owns_a_publication", #<Minitest::Reporters::Suite:0x000000000d033830 @name="PublicationsControllerTest">, 76.461750344]
 test_should_get_index_for_user_who_owns_a_publication#PublicationsControllerTest (76.46s)
Minitest::UnexpectedError:         ActionView::Template::Error: wrong number of arguments (given 1, expected 0)
            app/views/layouts/application.html.erb:66:in `_app_views_layouts_application_html_erb__39940670809711777_59906580'
            app/controllers/application_controller.rb:224:in `catch_errors_and_log_request_stats'
            test/functional_test_case.rb:24:in `get'
            test/controllers/publications_controller_test.rb:13:in `test_should_get_index_for_user_who_owns_a_publication'

[0m[1000D[K[31mERROR[0m["test_should_get_index", #<Minitest::Reporters::Suite:0x000000000b960b30 @name="PublicationsControllerTest">, 76.487299748]
 test_should_get_index#PublicationsControllerTest (76.49s)
Minitest::UnexpectedError:         ActionView::Template::Error: wrong number of arguments (given 1, expected 0)
            app/views/layouts/application.html.erb:66:in `_app_views_layouts_application_html_erb__39940670809711777_59906580'
            app/controllers/application_controller.rb:224:in `catch_errors_and_log_request_stats'
            test/functional_test_case.rb:24:in `get'
            test/controllers/publications_controller_test.rb:5:in `test_should_get_index'

[0m[1000D[K[31mERROR[0m["test_should_get_new", #<Minitest::Reporters::Suite:0x000000000d484d08 @name="PublicationsControllerTest">, 76.59396164399999]
 test_should_get_new#PublicationsControllerTest (76.59s)
Minitest::UnexpectedError:         ActionView::Template::Error: wrong number of arguments (given 1, expected 0)
            app/views/layouts/application.html.erb:66:in `_app_views_layouts_application_html_erb__39940670809711777_59906580'
            app/controllers/application_controller.rb:224:in `catch_errors_and_log_request_stats'
            test/functional_test_case.rb:24:in `get'
            test/controllers/publications_controller_test.rb:22:in `test_should_get_new'

[0m[1000D[K[31mERROR[0m["test_create_sequence_post_wrong_parameters", #<Minitest::Reporters::Suite:0x000000000c0fe608 @name="SequenceControllerTest">, 76.69232857899999]
 test_create_sequence_post_wrong_parameters#SequenceControllerTest (76.69s)
Minitest::UnexpectedError:         ActionView::Template::Error: wrong number of arguments (given 1, expected 0)
            app/views/layouts/application.html.erb:66:in `_app_views_layouts_application_html_erb__39940670809711777_59906580'
            app/controllers/application_controller.rb:224:in `catch_errors_and_log_request_stats'
            test/functional_test_case.rb:30:in `post'
            test/controllers/sequence_controller_test.rb:181:in `test_create_sequence_post_wrong_parameters'

[0m[1000D[K[31mERROR[0m["test_edit_sequence_post", #<Minitest::Reporters::Suite:0x000000000e213870 @name="SequenceControllerTest">, 76.89206354500004]
 test_edit_sequence_post#SequenceControllerTest (76.89s)
Minitest::UnexpectedError:         ActionView::Template::Error: wrong number of arguments (given 1, expected 0)
            app/views/layouts/application.html.erb:66:in `_app_views_layouts_application_html_erb__39940670809711777_59906580'
            app/controllers/application_controller.rb:224:in `catch_errors_and_log_request_stats'
            test/functional_test_case.rb:30:in `post'
            test/controllers/sequence_controller_test.rb:352:in `test_edit_sequence_post'

[0m[1000D[K[31mERROR[0m["test_list_sequences", #<Minitest::Reporters::Suite:0x000000000e29d610 @name="SequenceControllerTest">, 76.93490760899999]
 test_list_sequences#SequenceControllerTest (76.93s)
Minitest::UnexpectedError:         ActionView::Template::Error: undefined method `safe_join' for "":ActiveSupport::SafeBuffer
        Did you mean?  safe_concat
            app/helpers/pagination_helper.rb:118:in `block (2 levels) in pagination_numbers'
            app/helpers/pagination_helper.rb:117:in `block in pagination_numbers'
            app/helpers/pagination_helper.rb:116:in `pagination_numbers'
            app/helpers/pagination_helper.rb:15:in `paginate_block'
            app/views/sequence/list_sequences.html.erb:10:in `_app_views_sequence_list_sequences_html_erb__1400806352129534910_118742240'
            app/controllers/application_controller.rb:1498:in `show_index_of_objects'
            app/controllers/sequence_controller.rb:152:in `show_selected_sequences'
            app/controllers/sequence_controller.rb:30:in `list_sequences'
            app/controllers/application_controller.rb:224:in `catch_errors_and_log_request_stats'
            test/functional_test_case.rb:24:in `get'
            test/controller_extensions.rb:112:in `get_with_dump'
            test/controllers/sequence_controller_test.rb:6:in `test_list_sequences'

[0m[1000D[K[31mERROR[0m["test_sequence_search", #<Minitest::Reporters::Suite:0x000000000f0c34d8 @name="SequenceControllerTest">, 77.138183535]
 test_sequence_search#SequenceControllerTest (77.14s)
Minitest::UnexpectedError:         ActionView::Template::Error: undefined method `safe_join' for "":ActiveSupport::SafeBuffer
        Did you mean?  safe_concat
            app/helpers/pagination_helper.rb:118:in `block (2 levels) in pagination_numbers'
            app/helpers/pagination_helper.rb:117:in `block in pagination_numbers'
            app/helpers/pagination_helper.rb:116:in `pagination_numbers'
            app/helpers/pagination_helper.rb:15:in `paginate_block'
            app/views/sequence/list_sequences.html.erb:10:in `_app_views_sequence_list_sequences_html_erb__1400806352129534910_118742240'
            app/controllers/application_controller.rb:1498:in `show_index_of_objects'
            app/controllers/sequence_controller.rb:152:in `show_selected_sequences'
            app/controllers/sequence_controller.rb:41:in `sequence_search'
            app/controllers/application_controller.rb:224:in `catch_errors_and_log_request_stats'
            test/functional_test_case.rb:24:in `get'
            test/controllers/sequence_controller_test.rb:14:in `test_sequence_search'

[0m[1000D[K[31mERROR[0m["test_show_sequence", #<Minitest::Reporters::Suite:0x000000000f209310 @name="SequenceControllerTest">, 77.17931771500002]
 test_show_sequence#SequenceControllerTest (77.18s)
Minitest::UnexpectedError:         ActionView::Template::Error: wrong number of arguments (given 1, expected 0)
            app/views/layouts/application.html.erb:66:in `_app_views_layouts_application_html_erb__39940670809711777_59906580'
            app/controllers/application_controller.rb:224:in `catch_errors_and_log_request_stats'
            test/functional_test_case.rb:24:in `get'
            test/controller_extensions.rb:112:in `get_with_dump'
            test/controllers/sequence_controller_test.rb:48:in `test_show_sequence'

[0m[1000D[K[31mERROR[0m["test_observation_index", #<Minitest::Reporters::Suite:0x000000000f2cc090 @name="SequenceControllerTest">, 77.22028935700001]
 test_observation_index#SequenceControllerTest (77.22s)
Minitest::UnexpectedError:         ActionView::Template::Error: undefined method `safe_join' for "":ActiveSupport::SafeBuffer
        Did you mean?  safe_concat
            app/helpers/pagination_helper.rb:118:in `block (2 levels) in pagination_numbers'
            app/helpers/pagination_helper.rb:117:in `block in pagination_numbers'
            app/helpers/pagination_helper.rb:116:in `pagination_numbers'
            app/helpers/pagination_helper.rb:15:in `paginate_block'
            app/views/sequence/list_sequences.html.erb:10:in `_app_views_sequence_list_sequences_html_erb__1400806352129534910_118742240'
            app/controllers/application_controller.rb:1498:in `show_index_of_objects'
            app/controllers/sequence_controller.rb:152:in `show_selected_sequences'
            app/controllers/sequence_controller.rb:55:in `observation_index'
            app/controllers/application_controller.rb:224:in `catch_errors_and_log_request_stats'
            test/functional_test_case.rb:24:in `get'
            test/controllers/sequence_controller_test.rb:20:in `test_observation_index'

[32m=[0m[0m[1000D[K[31mERROR[0m["test_create_sequence_get", #<Minitest::Reporters::Suite:0x000000000f409340 @name="SequenceControllerTest">, 77.27948962200003]
 test_create_sequence_get#SequenceControllerTest (77.28s)
Minitest::UnexpectedError:         ActionView::Template::Error: wrong number of arguments (given 1, expected 0)
            app/views/layouts/application.html.erb:66:in `_app_views_layouts_application_html_erb__39940670809711777_59906580'
            app/controllers/application_controller.rb:224:in `catch_errors_and_log_request_stats'
            test/functional_test_case.rb:24:in `get'
            test/controller_extensions.rb:112:in `get_with_dump'
            test/controller_extensions.rb:469:in `assert_request'
            test/controller_extensions.rb:213:in `either_requires_either'
            test/controller_extensions.rb:135:in `requires_login'
            test/controllers/sequence_controller_test.rb:62:in `test_create_sequence_get'

[0m[1000D[K[31mERROR[0m["test_create_sequence_redirect", #<Minitest::Reporters::Suite:0x000000000f5014f0 @name="SequenceControllerTest">, 77.32376057300002]
 test_create_sequence_redirect#SequenceControllerTest (77.32s)
Minitest::UnexpectedError:         ActionView::Template::Error: wrong number of arguments (given 1, expected 0)
            app/views/layouts/application.html.erb:66:in `_app_views_layouts_application_html_erb__39940670809711777_59906580'
            app/controllers/application_controller.rb:224:in `catch_errors_and_log_request_stats'
            test/functional_test_case.rb:24:in `get'
            test/controllers/sequence_controller_test.rb:230:in `test_create_sequence_redirect'

[0m[1000D[K[31mERROR[0m["test_edit_sequence_get", #<Minitest::Reporters::Suite:0x000000000fa3d7e8 @name="SequenceControllerTest">, 77.489961709]
 test_edit_sequence_get#SequenceControllerTest (77.49s)
Minitest::UnexpectedError:         ActionView::Template::Error: wrong number of arguments (given 1, expected 0)
            app/views/layouts/application.html.erb:66:in `_app_views_layouts_application_html_erb__39940670809711777_59906580'
            app/controllers/application_controller.rb:224:in `catch_errors_and_log_request_stats'
            test/functional_test_case.rb:24:in `get'
            test/controllers/sequence_controller_test.rb:255:in `test_edit_sequence_get'

[0m[1000D[K[31mERROR[0m["test_edit_sequence_redirect", #<Minitest::Reporters::Suite:0x000000000fced8a8 @name="SequenceControllerTest">, 77.54582990900002]
 test_edit_sequence_redirect#SequenceControllerTest (77.55s)
Minitest::UnexpectedError:         ActionView::Template::Error: wrong number of arguments (given 1, expected 0)
            app/views/layouts/application.html.erb:66:in `_app_views_layouts_application_html_erb__39940670809711777_59906580'
            app/controllers/application_controller.rb:224:in `catch_errors_and_log_request_stats'
            test/functional_test_case.rb:24:in `get'
            test/controllers/sequence_controller_test.rb:410:in `test_edit_sequence_redirect'

[0m[1000D[K[31mERROR[0m["test_index_sequence", #<Minitest::Reporters::Suite:0x000000000fe4d040 @name="SequenceControllerTest">, 77.58517778200002]
 test_index_sequence#SequenceControllerTest (77.59s)
Minitest::UnexpectedError:         ActionView::Template::Error: undefined method `safe_join' for "":ActiveSupport::SafeBuffer
        Did you mean?  safe_concat
            app/helpers/pagination_helper.rb:118:in `block (2 levels) in pagination_numbers'
            app/helpers/pagination_helper.rb:117:in `block in pagination_numbers'
            app/helpers/pagination_helper.rb:116:in `pagination_numbers'
            app/helpers/pagination_helper.rb:15:in `paginate_block'
            app/views/sequence/list_sequences.html.erb:10:in `_app_views_sequence_list_sequences_html_erb__1400806352129534910_118742240'
            app/controllers/application_controller.rb:1498:in `show_index_of_objects'
            app/controllers/sequence_controller.rb:152:in `show_selected_sequences'
            app/controllers/sequence_controller.rb:24:in `index_sequence'
            app/controllers/application_controller.rb:224:in `catch_errors_and_log_request_stats'
            test/functional_test_case.rb:24:in `get'
            test/controllers/sequence_controller_test.rb:35:in `test_index_sequence'

[0m[1000D[K[31mERROR[0m["test_edit_image", #<Minitest::Reporters::Suite:0x000000000fe90200 @name="AmateurTest">, 77.595888865]
 test_edit_image#AmateurTest (77.60s)
Minitest::UnexpectedError:         NoMethodError: undefined method `device' for #<Browser::Bot:0x000000000fe85530>
            app/extensions/browser_extensions.rb:5:in `bot?'
            app/controllers/application_controller.rb:236:in `request_stats'
            app/controllers/application_controller.rb:223:in `catch_errors_and_log_request_stats'
            test/session_extensions.rb:93:in `get'
            test/session_extensions.rb:70:in `process_with_error_checking'
            test/session_extensions.rb:91:in `get'
            test/integration_extensions.rb:15:in `login'
            test/integration/amateur_test.rb:240:in `test_edit_image'

[0m[1000D[K[31mERROR[0m["test_language_tracking", #<Minitest::Reporters::Suite:0x000000000fef7310 @name="AmateurTest">, 77.60537680300001]
 test_language_tracking#AmateurTest (77.61s)
Minitest::UnexpectedError:         NoMethodError: undefined method `device' for #<Browser::Bot:0x000000000fed40b8>
            app/extensions/browser_extensions.rb:5:in `bot?'
            app/controllers/application_controller.rb:236:in `request_stats'
            app/controllers/application_controller.rb:223:in `catch_errors_and_log_request_stats'
            test/session_extensions.rb:93:in `get'
            test/session_extensions.rb:70:in `process_with_error_checking'
            test/session_extensions.rb:91:in `get'
            test/integration_extensions.rb:15:in `login'
            test/integration/amateur_test.rb:293:in `test_language_tracking'

[0m[1000D[K[31mERROR[0m["test_autologin", #<Minitest::Reporters::Suite:0x000000000ff2ce70 @name="AmateurTest">, 77.61333803500003]
 test_autologin#AmateurTest (77.61s)
Minitest::UnexpectedError:         NoMethodError: undefined method `device' for #<Browser::Bot:0x000000000ff21728>
            app/extensions/browser_extensions.rb:5:in `bot?'
            app/controllers/application_controller.rb:236:in `request_stats'
            app/controllers/application_controller.rb:223:in `catch_errors_and_log_request_stats'
            test/session_extensions.rb:93:in `get'
            test/session_extensions.rb:70:in `process_with_error_checking'
            test/session_extensions.rb:91:in `get'
            test/integration_extensions.rb:15:in `login'
            test/integration/amateur_test.rb:83:in `get_cookies'
            test/integration/amateur_test.rb:73:in `test_autologin'

[0m[1000D[K[31mERROR[0m["test_sessions", #<Minitest::Reporters::Suite:0x000000000ff7d050 @name="AmateurTest">, 77.62383062500004]
 test_sessions#AmateurTest (77.62s)
Minitest::UnexpectedError:         NoMethodError: undefined method `device' for #<Browser::Bot:0x000000000ff6b918>
            app/extensions/browser_extensions.rb:5:in `bot?'
            app/controllers/application_controller.rb:236:in `request_stats'
            app/controllers/application_controller.rb:223:in `catch_errors_and_log_request_stats'
            test/session_extensions.rb:93:in `get'
            test/session_extensions.rb:70:in `process_with_error_checking'
            test/session_extensions.rb:91:in `get'
            test/integration_extensions.rb:15:in `login'
            test/integration_extensions.rb:26:in `login!'
            test/integration/amateur_test.rb:226:in `test_sessions'

[0m[1000D[K[31mERROR[0m["test_thumbnail_maps", #<Minitest::Reporters::Suite:0x000000000ffef5b0 @name="AmateurTest">, 77.63304942000002]
 test_thumbnail_maps#AmateurTest (77.63s)
Minitest::UnexpectedError:         NoMethodError: undefined method `device' for #<Browser::Bot:0x000000000ffcaa30>
            app/extensions/browser_extensions.rb:5:in `bot?'
            app/controllers/application_controller.rb:236:in `request_stats'
            app/controllers/application_controller.rb:223:in `catch_errors_and_log_request_stats'
            test/session_extensions.rb:93:in `get'
            test/session_extensions.rb:70:in `process_with_error_checking'
            test/session_extensions.rb:91:in `get'
            test/integration/amateur_test.rb:265:in `test_thumbnail_maps'

[0m[1000D[K[31mERROR[0m["test_login", #<Minitest::Reporters::Suite:0x000000001002d7e8 @name="AmateurTest">, 77.63909064800004]
 test_login#AmateurTest (77.64s)
Minitest::UnexpectedError:         NoMethodError: undefined method `device' for #<Browser::Bot:0x0000000010023478>
            app/extensions/browser_extensions.rb:5:in `bot?'
            app/controllers/application_controller.rb:236:in `request_stats'
            app/controllers/application_controller.rb:223:in `catch_errors_and_log_request_stats'
            test/session_extensions.rb:93:in `get'
            test/session_extensions.rb:70:in `process_with_error_checking'
            test/session_extensions.rb:91:in `get'
            test/integration/amateur_test.rb:14:in `test_login'

[0m[1000D[K[31mERROR[0m["test_proposing_names", #<Minitest::Reporters::Suite:0x0000000010085d80 @name="AmateurTest">, 77.654528046]
 test_proposing_names#AmateurTest (77.65s)
Minitest::UnexpectedError:         NoMethodError: undefined method `device' for #<Browser::Bot:0x000000001006e1d0>
            app/extensions/browser_extensions.rb:5:in `bot?'
            app/controllers/application_controller.rb:236:in `request_stats'
            app/controllers/application_controller.rb:223:in `catch_errors_and_log_request_stats'
            test/session_extensions.rb:93:in `get'
            test/session_extensions.rb:70:in `process_with_error_checking'
            test/session_extensions.rb:91:in `get'
            test/integration/amateur_test.rb:348:in `propose_then_login'
            test/integration/amateur_test.rb:211:in `test_proposing_names'

[0m[1000D[K[31mERROR[0m["test_user_dropdown_avaiable", #<Minitest::Reporters::Suite:0x00000000100c3568 @name="AmateurTest">, 77.66375617099999]
 test_user_dropdown_avaiable#AmateurTest (77.66s)
Minitest::UnexpectedError:         NoMethodError: undefined method `device' for #<Browser::Bot:0x00000000100b3ed8>
            app/extensions/browser_extensions.rb:5:in `bot?'
            app/controllers/application_controller.rb:236:in `request_stats'
            app/controllers/application_controller.rb:223:in `catch_errors_and_log_request_stats'
            test/session_extensions.rb:93:in `get'
            test/session_extensions.rb:70:in `process_with_error_checking'
            test/session_extensions.rb:91:in `get'
            test/integration_extensions.rb:15:in `login'
            test/integration/amateur_test.rb:252:in `test_user_dropdown_avaiable'

[0m[1000D[K[31mERROR[0m["test_post_comment", #<Minitest::Reporters::Suite:0x0000000010148c40 @name="AmateurTest">, 77.673016996]
 test_post_comment#AmateurTest (77.67s)
Minitest::UnexpectedError:         NoMethodError: undefined method `device' for #<Browser::Bot:0x000000001013eb50>
            app/extensions/browser_extensions.rb:5:in `bot?'
            app/controllers/application_controller.rb:236:in `request_stats'
            app/controllers/application_controller.rb:223:in `catch_errors_and_log_request_stats'
            test/session_extensions.rb:93:in `get'
            test/session_extensions.rb:70:in `process_with_error_checking'
            test/session_extensions.rb:91:in `get'
            test/integration/amateur_test.rb:121:in `test_post_comment'

[0m[1000D[K[31mERROR[0m["test_create_donation", #<Minitest::Reporters::Suite:0x00000000103a5d80 @name="SupportControllerTest">, 77.783262777]
 test_create_donation#SupportControllerTest (77.78s)
Minitest::UnexpectedError:         ActionView::Template::Error: wrong number of arguments (given 1, expected 0)
            app/views/layouts/application.html.erb:66:in `_app_views_layouts_application_html_erb__39940670809711777_59906580'
            app/controllers/application_controller.rb:224:in `catch_errors_and_log_request_stats'
            test/functional_test_case.rb:24:in `get'
            test/controller_extensions.rb:112:in `get_with_dump'
            test/controllers/support_controller_test.rb:21:in `assert_template_with_dump'
            test/controllers/support_controller_test.rb:90:in `test_create_donation'

[32m=[0m[0m[1000D[K[31mERROR[0m["test_create_donation_anon_recurring_post", #<Minitest::Reporters::Suite:0x000000001048e4e0 @name="SupportControllerTest">, 77.82925120800002]
 test_create_donation_anon_recurring_post#SupportControllerTest (77.83s)
Minitest::UnexpectedError:         ActionView::Template::Error: wrong number of arguments (given 1, expected 0)
            app/views/layouts/application.html.erb:66:in `_app_views_layouts_application_html_erb__39940670809711777_59906580'
            app/controllers/application_controller.rb:224:in `catch_errors_and_log_request_stats'
            test/functional_test_case.rb:30:in `post'
            test/controllers/support_controller_test.rb:102:in `create_donation_post'
            test/controllers/support_controller_test.rb:107:in `test_create_donation_anon_recurring_post'

[0m[1000D[K[31mERROR[0m["test_create_donation_post", #<Minitest::Reporters::Suite:0x000000001057e300 @name="SupportControllerTest">, 77.87756211100003]
 test_create_donation_post#SupportControllerTest (77.88s)
Minitest::UnexpectedError:         ActionView::Template::Error: wrong number of arguments (given 1, expected 0)
            app/views/layouts/application.html.erb:66:in `_app_views_layouts_application_html_erb__39940670809711777_59906580'
            app/controllers/application_controller.rb:224:in `catch_errors_and_log_request_stats'
            test/functional_test_case.rb:30:in `post'
            test/controllers/support_controller_test.rb:102:in `create_donation_post'
            test/controllers/support_controller_test.rb:94:in `test_create_donation_post'

[0m[1000D[K[31mERROR[0m["test_gets", #<Minitest::Reporters::Suite:0x000000001061a278 @name="SupportControllerTest">, 77.91411758499999]
 test_gets#SupportControllerTest (77.91s)
Minitest::UnexpectedError:         ActionView::Template::Error: wrong number of arguments (given 1, expected 0)
            app/views/layouts/application.html.erb:66:in `_app_views_layouts_application_html_erb__39940670809711777_59906580'
            app/controllers/application_controller.rb:224:in `catch_errors_and_log_request_stats'
            test/functional_test_case.rb:24:in `get'
            test/controller_extensions.rb:112:in `get_with_dump'
            test/controllers/support_controller_test.rb:21:in `assert_template_with_dump'
            test/controllers/support_controller_test.rb:14:in `block in test_gets'
            test/controllers/support_controller_test.rb:13:in `each'
            test/controllers/support_controller_test.rb:13:in `test_gets'

[0m[1000D[K[31mERROR[0m["test_review_donations", #<Minitest::Reporters::Suite:0x0000000010712db0 @name="SupportControllerTest">, 77.97590382100003]
 test_review_donations#SupportControllerTest (77.98s)
Minitest::UnexpectedError:         ActionView::Template::Error: wrong number of arguments (given 1, expected 0)
            app/views/layouts/application.html.erb:66:in `_app_views_layouts_application_html_erb__39940670809711777_59906580'
            app/controllers/application_controller.rb:224:in `catch_errors_and_log_request_stats'
            test/functional_test_case.rb:24:in `get'
            test/controller_extensions.rb:112:in `get_with_dump'
            test/controllers/support_controller_test.rb:21:in `assert_template_with_dump'
            test/controllers/support_controller_test.rb:114:in `test_review_donations'

[0m[1000D[K[31mERROR[0m["test_donate", #<Minitest::Reporters::Suite:0x00000000108581e8 @name="SupportControllerTest">, 78.02815607100001]
 test_donate#SupportControllerTest (78.03s)
Minitest::UnexpectedError:         ActionView::Template::Error: wrong number of arguments (given 1, expected 0)
            app/views/layouts/application.html.erb:66:in `_app_views_layouts_application_html_erb__39940670809711777_59906580'
            app/controllers/application_controller.rb:224:in `catch_errors_and_log_request_stats'
            test/functional_test_case.rb:24:in `get'
            test/controller_extensions.rb:112:in `get_with_dump'
            test/controllers/support_controller_test.rb:21:in `assert_template_with_dump'
            test/controllers/support_controller_test.rb:27:in `test_donate'

[0m[1000D[K[31mERROR[0m["test_confirm_post", #<Minitest::Reporters::Suite:0x00000000109c3758 @name="SupportControllerTest">, 78.061981177]
 test_confirm_post#SupportControllerTest (78.06s)
Minitest::UnexpectedError:         ActionView::Template::Error: wrong number of arguments (given 1, expected 0)
            app/views/layouts/application.html.erb:66:in `_app_views_layouts_application_html_erb__39940670809711777_59906580'
            app/controllers/application_controller.rb:224:in `catch_errors_and_log_request_stats'
            test/functional_test_case.rb:30:in `post'
            test/controllers/support_controller_test.rb:42:in `confirm_post'
            test/controllers/support_controller_test.rb:32:in `test_confirm_post'

[0m[1000D[K[31mERROR[0m["test_review_donations_post", #<Minitest::Reporters::Suite:0x0000000010b316a8 @name="SupportControllerTest">, 78.103962508]
 test_review_donations_post#SupportControllerTest (78.10s)
Minitest::UnexpectedError:         ActionView::Template::Error: wrong number of arguments (given 1, expected 0)
            app/views/layouts/application.html.erb:66:in `_app_views_layouts_application_html_erb__39940670809711777_59906580'
            app/controllers/application_controller.rb:224:in `catch_errors_and_log_request_stats'
            test/functional_test_case.rb:30:in `post'
            test/controllers/support_controller_test.rb:122:in `test_review_donations_post'

[0m[1000D[K[31mERROR[0m["test_confirm_other_amount_post", #<Minitest::Reporters::Suite:0x0000000010bf7650 @name="SupportControllerTest">, 78.136404062]
 test_confirm_other_amount_post#SupportControllerTest (78.14s)
Minitest::UnexpectedError:         ActionView::Template::Error: wrong number of arguments (given 1, expected 0)
            app/views/layouts/application.html.erb:66:in `_app_views_layouts_application_html_erb__39940670809711777_59906580'
            app/controllers/application_controller.rb:224:in `catch_errors_and_log_request_stats'
            test/functional_test_case.rb:30:in `post'
            test/controllers/support_controller_test.rb:42:in `confirm_post'
            test/controllers/support_controller_test.rb:75:in `test_confirm_other_amount_post'

[0m[1000D[K[31mERROR[0m["test_creating_drafts", #<Minitest::Reporters::Suite:0x00000000073378e8 @name="StudentTest">, 78.210291289]
 test_creating_drafts#StudentTest (78.21s)
Minitest::UnexpectedError:         NoMethodError: undefined method `device' for #<Browser::Bot:0x0000000002445960>
            app/extensions/browser_extensions.rb:5:in `bot?'
            app/controllers/application_controller.rb:236:in `request_stats'
            app/controllers/application_controller.rb:223:in `catch_errors_and_log_request_stats'
            test/session_extensions.rb:93:in `get'
            test/session_extensions.rb:70:in `process_with_error_checking'
            test/session_extensions.rb:91:in `get'
            test/integration_extensions.rb:15:in `login'
            test/integration_extensions.rb:26:in `login!'
            test/integration/student_test.rb:23:in `test_creating_drafts'

[0m[1000D[K[31mERROR[0m["test_create_description_load_form_no_desc_yet", #<Minitest::Reporters::Suite:0x000000000c4b6fe8 @name="NameControllerTest">, 78.353869938]
 test_create_description_load_form_no_desc_yet#NameControllerTest (78.35s)
Minitest::UnexpectedError:         ActionView::Template::Error: wrong number of arguments (given 1, expected 0)
            app/views/layouts/application.html.erb:66:in `_app_views_layouts_application_html_erb__39940670809711777_59906580'
            app/controllers/application_controller.rb:224:in `catch_errors_and_log_request_stats'
            test/functional_test_case.rb:24:in `get'
            test/controller_extensions.rb:112:in `get_with_dump'
            test/controller_extensions.rb:469:in `assert_request'
            test/controller_extensions.rb:213:in `either_requires_either'
            test/controller_extensions.rb:135:in `requires_login'
            test/controllers/name_controller_test.rb:4007:in `test_create_description_load_form_no_desc_yet'

[0m[1000D[K[31mERROR[0m["test_show_draft_member", #<Minitest::Reporters::Suite:0x000000000e54b178 @name="NameControllerTest">, 78.468126342]
 test_show_draft_member#NameControllerTest (78.47s)
Minitest::UnexpectedError:         ActionView::Template::Error: wrong number of arguments (given 1, expected 0)
            app/views/layouts/application.html.erb:66:in `_app_views_layouts_application_html_erb__39940670809711777_59906580'
            app/controllers/application_controller.rb:224:in `catch_errors_and_log_request_stats'
            test/functional_test_case.rb:24:in `get'
            test/controller_extensions.rb:112:in `get_with_dump'
            test/controllers/name_controller_test.rb:3825:in `test_show_draft_member'

[0m[1000D[K[31mERROR[0m["test_transfer_synonyms_1_n_ns", #<Minitest::Reporters::Suite:0x000000000c33bd58 @name="NameControllerTest">, 78.53272286000004]
 test_transfer_synonyms_1_n_ns#NameControllerTest (78.53s)
Minitest::UnexpectedError:         ActionView::Template::Error: wrong number of arguments (given 1, expected 0)
            app/views/layouts/application.html.erb:66:in `_app_views_layouts_application_html_erb__39940670809711777_59906580'
            app/controllers/application_controller.rb:224:in `catch_errors_and_log_request_stats'
            test/functional_test_case.rb:30:in `post'
            test/controllers/name_controller_test.rb:2936:in `test_transfer_synonyms_1_n_ns'

[32m=[0m[32m=[0m[0m[1000D[K[31mERROR[0m["test_eol_expanded_review", #<Minitest::Reporters::Suite:0x000000000bff30b0 @name="NameControllerTest">, 78.84761758600001]
 test_eol_expanded_review#NameControllerTest (78.85s)
Minitest::UnexpectedError:         ActionView::Template::Error: wrong number of arguments (given 1, expected 0)
            app/views/layouts/application.html.erb:66:in `_app_views_layouts_application_html_erb__39940670809711777_59906580'
            app/controllers/application_controller.rb:224:in `catch_errors_and_log_request_stats'
            test/functional_test_case.rb:24:in `get'
            test/controller_extensions.rb:112:in `get_with_dump'
            test/controller_extensions.rb:469:in `assert_request'
            test/controller_extensions.rb:213:in `either_requires_either'
            test/controller_extensions.rb:135:in `requires_login'
            test/controllers/name_controller_test.rb:546:in `test_eol_expanded_review'

[0m[1000D[K[31mERROR[0m["test_bulk_name_edit_list", #<Minitest::Reporters::Suite:0x000000000c050148 @name="NameControllerTest">, 78.89690770200002]
 test_bulk_name_edit_list#NameControllerTest (78.90s)
Minitest::UnexpectedError:         ActionView::Template::Error: wrong number of arguments (given 1, expected 0)
            app/views/layouts/application.html.erb:66:in `_app_views_layouts_application_html_erb__39940670809711777_59906580'
            app/controllers/application_controller.rb:224:in `catch_errors_and_log_request_stats'
            test/functional_test_case.rb:24:in `get'
            test/controller_extensions.rb:112:in `get_with_dump'
            test/controller_extensions.rb:469:in `assert_request'
            test/controller_extensions.rb:213:in `either_requires_either'
            test/controller_extensions.rb:135:in `requires_login'
            test/controllers/name_controller_test.rb:519:in `test_bulk_name_edit_list'

[0m[1000D[K[31mERROR[0m["test_show_name_locked", #<Minitest::Reporters::Suite:0x000000000cefa090 @name="NameControllerTest">, 79.02890857200003]
 test_show_name_locked#NameControllerTest (79.03s)
Minitest::UnexpectedError:         ActionView::Template::Error: wrong number of arguments (given 1, expected 0)
            app/views/layouts/application.html.erb:66:in `_app_views_layouts_application_html_erb__39940670809711777_59906580'
            app/controllers/application_controller.rb:224:in `catch_errors_and_log_request_stats'
            test/functional_test_case.rb:24:in `get'
            test/controller_extensions.rb:112:in `get_with_dump'
            test/controllers/name_controller_test.rb:287:in `test_show_name_locked'

[0m[1000D[K[31mERROR[0m["test_update_bulk_names_nn_synonym", #<Minitest::Reporters::Suite:0x000000000eda9ea0 @name="NameControllerTest">, 79.12759838200003]
 test_update_bulk_names_nn_synonym#NameControllerTest (79.13s)
Minitest::UnexpectedError:         ActionView::Template::Error: wrong number of arguments (given 1, expected 0)
            app/views/layouts/application.html.erb:66:in `_app_views_layouts_application_html_erb__39940670809711777_59906580'
            app/controllers/application_controller.rb:224:in `catch_errors_and_log_request_stats'
            test/functional_test_case.rb:30:in `post'
            test/controller_extensions.rb:125:in `post_with_dump'
            test/controller_extensions.rb:469:in `assert_request'
            test/controller_extensions.rb:213:in `either_requires_either'
            test/controller_extensions.rb:144:in `post_requires_login'
            test/controllers/name_controller_test.rb:2471:in `test_update_bulk_names_nn_synonym'

[0m[1000D[K[31mERROR[0m["test_show_draft_admin", #<Minitest::Reporters::Suite:0x000000000f11dc80 @name="NameControllerTest">, 79.28125737200003]
 test_show_draft_admin#NameControllerTest (79.28s)
Minitest::UnexpectedError:         ActionView::Template::Error: wrong number of arguments (given 1, expected 0)
            app/views/layouts/application.html.erb:66:in `_app_views_layouts_application_html_erb__39940670809711777_59906580'
            app/controllers/application_controller.rb:224:in `catch_errors_and_log_request_stats'
            test/functional_test_case.rb:24:in `get'
            test/controller_extensions.rb:112:in `get_with_dump'
            test/controllers/name_controller_test.rb:3816:in `test_show_draft_admin'

[0m[1000D[K[31mERROR[0m["test_create_name_bad_name", #<Minitest::Reporters::Suite:0x000000000f4dc3a8 @name="NameControllerTest">, 79.41878391]
 test_create_name_bad_name#NameControllerTest (79.42s)
Minitest::UnexpectedError:         ActionView::Template::Error: wrong number of arguments (given 1, expected 0)
            app/views/layouts/application.html.erb:66:in `_app_views_layouts_application_html_erb__39940670809711777_59906580'
            app/controllers/application_controller.rb:224:in `catch_errors_and_log_request_stats'
            test/functional_test_case.rb:30:in `post'
            test/controllers/name_controller_test.rb:894:in `test_create_name_bad_name'

[0m[1000D[K[31mERROR[0m["test_show_name_description", #<Minitest::Reporters::Suite:0x000000000f8a1920 @name="NameControllerTest">, 79.48043776899999]
 test_show_name_description#NameControllerTest (79.48s)
Minitest::UnexpectedError:         ActionView::Template::Error: wrong number of arguments (given 1, expected 0)
            app/views/layouts/application.html.erb:66:in `_app_views_layouts_application_html_erb__39940670809711777_59906580'
            app/controllers/application_controller.rb:224:in `catch_errors_and_log_request_stats'
            test/functional_test_case.rb:24:in `get'
            test/controller_extensions.rb:112:in `get_with_dump'
            test/controllers/name_controller_test.rb:488:in `test_show_name_description'

[0m[1000D[K[31mERROR[0m["test_create_draft_admin", #<Minitest::Reporters::Suite:0x000000000fa62778 @name="NameControllerTest">, 79.538140882]
 test_create_draft_admin#NameControllerTest (79.54s)
Minitest::UnexpectedError:         ActionView::Template::Error: wrong number of arguments (given 1, expected 0)
            app/views/layouts/application.html.erb:66:in `_app_views_layouts_application_html_erb__39940670809711777_59906580'
            app/controllers/application_controller.rb:224:in `catch_errors_and_log_request_stats'
            test/functional_test_case.rb:24:in `get'
            test/controller_extensions.rb:112:in `get_with_dump'
            test/controller_extensions.rb:469:in `assert_request'
            test/controller_extensions.rb:213:in `either_requires_either'
            test/controller_extensions.rb:135:in `requires_login'
            test/controllers/name_controller_test.rb:44:in `create_draft_tester'
            test/controllers/name_controller_test.rb:3846:in `test_create_draft_admin'

[0m[1000D[K[31mERROR[0m["test_pagination_letter_with_page", #<Minitest::Reporters::Suite:0x000000000fc4b198 @name="NameControllerTest">, 79.58500186200001]
 test_pagination_letter_with_page#NameControllerTest (79.59s)
Minitest::UnexpectedError:         ActionView::Template::Error: wrong number of arguments (given 4, expected 5)
            app/helpers/pagination_helper.rb:125:in `pagination_link'
            app/helpers/pagination_helper.rb:43:in `block in pagination_letters'
            app/helpers/pagination_helper.rb:41:in `map'
            app/helpers/pagination_helper.rb:41:in `pagination_letters'
            app/helpers/pagination_helper.rb:14:in `paginate_block'
            app/views/name/list_names.html.erb:30:in `_app_views_name_list_names_html_erb___1944705654522448778_132200380'
            app/controllers/application_controller.rb:1498:in `show_index_of_objects'
            app/controllers/name_controller.rb:279:in `show_selected_names'
            app/controllers/name_controller.rb:226:in `test_index'
            app/controllers/application_controller.rb:224:in `catch_errors_and_log_request_stats'
            test/functional_test_case.rb:24:in `get'
            test/controllers/name_controller_test.rb:647:in `test_pagination_letter_with_page'

[0m[1000D[K[31mERROR[0m["test_change_synonyms_locked", #<Minitest::Reporters::Suite:0x000000000fff4970 @name="NameControllerTest">, 79.70821679400001]
 test_change_synonyms_locked#NameControllerTest (79.71s)
Minitest::UnexpectedError:         ActionView::Template::Error: wrong number of arguments (given 1, expected 0)
            app/views/layouts/application.html.erb:66:in `_app_views_layouts_application_html_erb__39940670809711777_59906580'
            app/controllers/application_controller.rb:224:in `catch_errors_and_log_request_stats'
            test/functional_test_case.rb:24:in `get'
            test/controllers/name_controller_test.rb:3317:in `test_change_synonyms_locked'

[0m[1000D[K[31mERROR[0m["test_create_name_description_bogus_classification", #<Minitest::Reporters::Suite:0x00000000101afa08 @name="NameControllerTest">, 79.75841141000001]
 test_create_name_description_bogus_classification#NameControllerTest (79.76s)
Minitest::UnexpectedError:         ActionView::Template::Error: wrong number of arguments (given 1, expected 0)
            app/views/layouts/application.html.erb:66:in `_app_views_layouts_application_html_erb__39940670809711777_59906580'
            app/controllers/application_controller.rb:224:in `catch_errors_and_log_request_stats'
            test/functional_test_case.rb:30:in `post'
            test/controllers/name_controller_test.rb:4160:in `test_create_name_description_bogus_classification'

[32m=[0m[0m[1000D[K[31mERROR[0m["test_transfer_synonyms_1_0_na", #<Minitest::Reporters::Suite:0x000000001054feb0 @name="NameControllerTest">, 79.90906420600004]
 test_transfer_synonyms_1_0_na#NameControllerTest (79.91s)
Minitest::UnexpectedError:         ActionView::Template::Error: wrong number of arguments (given 1, expected 0)
            app/views/layouts/application.html.erb:66:in `_app_views_layouts_application_html_erb__39940670809711777_59906580'
            app/controllers/application_controller.rb:224:in `catch_errors_and_log_request_stats'
            test/functional_test_case.rb:30:in `post'
            test/controllers/name_controller_test.rb:2703:in `test_transfer_synonyms_1_0_na'

[0m[1000D[K[31mERROR[0m["test_create_name", #<Minitest::Reporters::Suite:0x0000000010732430 @name="NameControllerTest">, 79.99245432100003]
 test_create_name#NameControllerTest (79.99s)
Minitest::UnexpectedError:         ActionView::Template::Error: wrong number of arguments (given 1, expected 0)
            app/views/layouts/application.html.erb:66:in `_app_views_layouts_application_html_erb__39940670809711777_59906580'
            app/controllers/application_controller.rb:224:in `catch_errors_and_log_request_stats'
            test/functional_test_case.rb:24:in `get'
            test/controller_extensions.rb:112:in `get_with_dump'
            test/controller_extensions.rb:469:in `assert_request'
            test/controller_extensions.rb:213:in `either_requires_either'
            test/controller_extensions.rb:135:in `requires_login'
            test/controllers/name_controller_test.rb:481:in `test_create_name'

[0m[1000D[K[31mERROR[0m["test_edit_name_misspelling", #<Minitest::Reporters::Suite:0x000000000c5b6dd0 @name="NameControllerTest">, 80.23716674299999]
 test_edit_name_misspelling#NameControllerTest (80.24s)
Minitest::UnexpectedError:         ActionView::Template::Error: wrong number of arguments (given 1, expected 0)
            app/views/layouts/application.html.erb:66:in `_app_views_layouts_application_html_erb__39940670809711777_59906580'
            app/controllers/application_controller.rb:224:in `catch_errors_and_log_request_stats'
            test/functional_test_case.rb:30:in `post'
            test/controllers/name_controller_test.rb:1306:in `test_edit_name_misspelling'

[0m[1000D[K[31mERROR[0m["test_names_by_editor", #<Minitest::Reporters::Suite:0x000000000d33b758 @name="NameControllerTest">, 80.42985195400001]
 test_names_by_editor#NameControllerTest (80.43s)
Minitest::UnexpectedError:         ActionView::Template::Error: undefined method `safe_join' for "":ActiveSupport::SafeBuffer
        Did you mean?  safe_concat
            app/helpers/pagination_helper.rb:118:in `block (2 levels) in pagination_numbers'
            app/helpers/pagination_helper.rb:117:in `block in pagination_numbers'
            app/helpers/pagination_helper.rb:116:in `pagination_numbers'
            app/helpers/pagination_helper.rb:15:in `paginate_block'
            app/views/name/list_names.html.erb:30:in `_app_views_name_list_names_html_erb___1944705654522448778_132200380'
            app/controllers/application_controller.rb:1498:in `show_index_of_objects'
            app/controllers/name_controller.rb:279:in `show_selected_names'
            app/controllers/name_controller.rb:160:in `names_by_editor'
            app/controllers/application_controller.rb:224:in `catch_errors_and_log_request_stats'
            test/functional_test_case.rb:24:in `get'
            test/controller_extensions.rb:112:in `get_with_dump'
            test/controllers/name_controller_test.rb:402:in `test_names_by_editor'

[0m[1000D[K[31mERROR[0m["test_post_inherit_classification", #<Minitest::Reporters::Suite:0x000000000e3a2e20 @name="NameControllerTest">, 80.51652043300004]
 test_post_inherit_classification#NameControllerTest (80.52s)
Minitest::UnexpectedError:         ActionView::Template::Error: wrong number of arguments (given 1, expected 0)
            app/views/layouts/application.html.erb:66:in `_app_views_layouts_application_html_erb__39940670809711777_59906580'
            app/controllers/application_controller.rb:224:in `catch_errors_and_log_request_stats'
            test/functional_test_case.rb:30:in `post'
            test/controllers/name_controller_test.rb:4338:in `test_post_inherit_classification'

[0m[1000D[K[31mERROR[0m["test_pagination_letter_with_page_2", #<Minitest::Reporters::Suite:0x000000000d504eb8 @name="NameControllerTest">, 80.54700333700004]
 test_pagination_letter_with_page_2#NameControllerTest (80.55s)
Minitest::UnexpectedError:         ActionView::Template::Error: wrong number of arguments (given 4, expected 5)
            app/helpers/pagination_helper.rb:125:in `pagination_link'
            app/helpers/pagination_helper.rb:43:in `block in pagination_letters'
            app/helpers/pagination_helper.rb:41:in `map'
            app/helpers/pagination_helper.rb:41:in `pagination_letters'
            app/helpers/pagination_helper.rb:14:in `paginate_block'
            app/views/name/list_names.html.erb:30:in `_app_views_name_list_names_html_erb___1944705654522448778_132200380'
            app/controllers/application_controller.rb:1498:in `show_index_of_objects'
            app/controllers/name_controller.rb:279:in `show_selected_names'
            app/controllers/name_controller.rb:226:in `test_index'
            app/controllers/application_controller.rb:224:in `catch_errors_and_log_request_stats'
            test/functional_test_case.rb:24:in `get'
            test/controllers/name_controller_test.rb:670:in `test_pagination_letter_with_page_2'

[0m[1000D[K[31mERROR[0m["test_edit_name", #<Minitest::Reporters::Suite:0x000000000d227470 @name="NameControllerTest">, 80.69983743]
 test_edit_name#NameControllerTest (80.70s)
Minitest::UnexpectedError:         ActionView::Template::Error: wrong number of arguments (given 1, expected 0)
            app/views/layouts/application.html.erb:66:in `_app_views_layouts_application_html_erb__39940670809711777_59906580'
            app/controllers/application_controller.rb:224:in `catch_errors_and_log_request_stats'
            test/functional_test_case.rb:24:in `get'
            test/controller_extensions.rb:112:in `get_with_dump'
            test/controller_extensions.rb:469:in `assert_request'
            test/controller_extensions.rb:213:in `either_requires_either'
            test/controller_extensions.rb:135:in `requires_login'
            test/controllers/name_controller_test.rb:476:in `test_edit_name'

[0m[1000D[K[31mERROR[0m["test_deprecate_name", #<Minitest::Reporters::Suite:0x000000000da83d08 @name="NameControllerTest">, 80.79863382000002]
 test_deprecate_name#NameControllerTest (80.80s)
Minitest::UnexpectedError:         ActionView::Template::Error: wrong number of arguments (given 1, expected 0)
            app/views/layouts/application.html.erb:66:in `_app_views_layouts_application_html_erb__39940670809711777_59906580'
            app/controllers/application_controller.rb:224:in `catch_errors_and_log_request_stats'
            test/functional_test_case.rb:24:in `get'
            test/controller_extensions.rb:112:in `get_with_dump'
            test/controller_extensions.rb:469:in `assert_request'
            test/controller_extensions.rb:213:in `either_requires_either'
            test/controller_extensions.rb:135:in `requires_login'
            test/controllers/name_controller_test.rb:534:in `test_deprecate_name'

[0m[1000D[K[31mERROR[0m["test_show_name_with_eol_link", #<Minitest::Reporters::Suite:0x000000000cf7af60 @name="NameControllerTest">, 80.87151071900001]
 test_show_name_with_eol_link#NameControllerTest (80.87s)
Minitest::UnexpectedError:         ActionView::Template::Error: wrong number of arguments (given 1, expected 0)
            app/views/layouts/application.html.erb:66:in `_app_views_layouts_application_html_erb__39940670809711777_59906580'
            app/controllers/application_controller.rb:224:in `catch_errors_and_log_request_stats'
            test/functional_test_case.rb:24:in `get'
            test/controllers/name_controller_test.rb:263:in `test_show_name_with_eol_link'

[32m=[0m[32m=[0m[0m[1000D[K[31mERROR[0m["test_edit_name_description", #<Minitest::Reporters::Suite:0x000000000ee8d9e8 @name="NameControllerTest">, 81.04046941000001]
 test_edit_name_description#NameControllerTest (81.04s)
Minitest::UnexpectedError:         ActionView::Template::Error: wrong number of arguments (given 1, expected 0)
            app/views/layouts/application.html.erb:66:in `_app_views_layouts_application_html_erb__39940670809711777_59906580'
            app/controllers/application_controller.rb:224:in `catch_errors_and_log_request_stats'
            test/functional_test_case.rb:24:in `get'
            test/controller_extensions.rb:112:in `get_with_dump'
            test/controller_extensions.rb:469:in `assert_request'
            test/controller_extensions.rb:213:in `either_requires_either'
            test/controller_extensions.rb:135:in `requires_login'
            test/controllers/name_controller_test.rb:514:in `test_edit_name_description'

[0m[1000D[K[31mERROR[0m["test_eol_preview", #<Minitest::Reporters::Suite:0x000000000f3b6a50 @name="NameControllerTest">, 81.193844092]
 test_eol_preview#NameControllerTest (81.19s)
Minitest::UnexpectedError:         ActionView::Template::Error: wrong number of arguments (given 1, expected 0)
            app/views/layouts/application.html.erb:66:in `_app_views_layouts_application_html_erb__39940670809711777_59906580'
            app/controllers/application_controller.rb:224:in `catch_errors_and_log_request_stats'
            test/functional_test_case.rb:24:in `get'
            test/controller_extensions.rb:112:in `get_with_dump'
            test/controllers/name_controller_test.rb:554:in `test_eol_preview'

[0m[1000D[K[31mERROR[0m["test_create_name_existing", #<Minitest::Reporters::Suite:0x000000000f8e02d8 @name="NameControllerTest">, 81.372595881]
 test_create_name_existing#NameControllerTest (81.37s)
Minitest::UnexpectedError:         ActionView::Template::Error: wrong number of arguments (given 1, expected 0)
            app/views/layouts/application.html.erb:66:in `_app_views_layouts_application_html_erb__39940670809711777_59906580'
            app/controllers/application_controller.rb:224:in `catch_errors_and_log_request_stats'
            test/functional_test_case.rb:30:in `post'
            test/controllers/name_controller_test.rb:781:in `test_create_name_existing'

[0m[1000D[K[31mERROR[0m["test_pagination_letter", #<Minitest::Reporters::Suite:0x000000000f9afc68 @name="NameControllerTest">, 81.40539318100002]
 test_pagination_letter#NameControllerTest (81.41s)
Minitest::UnexpectedError:         ActionView::Template::Error: wrong number of arguments (given 4, expected 5)
            app/helpers/pagination_helper.rb:125:in `pagination_link'
            app/helpers/pagination_helper.rb:43:in `block in pagination_letters'
            app/helpers/pagination_helper.rb:41:in `map'
            app/helpers/pagination_helper.rb:41:in `pagination_letters'
            app/helpers/pagination_helper.rb:14:in `paginate_block'
            app/views/name/list_names.html.erb:30:in `_app_views_name_list_names_html_erb___1944705654522448778_132200380'
            app/controllers/application_controller.rb:1498:in `show_index_of_objects'
            app/controllers/name_controller.rb:279:in `show_selected_names'
            app/controllers/name_controller.rb:226:in `test_index'
            app/controllers/application_controller.rb:224:in `catch_errors_and_log_request_stats'
            test/functional_test_case.rb:24:in `get'
            test/controllers/name_controller_test.rb:620:in `test_pagination_letter'

[0m[1000D[K[31mERROR[0m["test_create_name_description", #<Minitest::Reporters::Suite:0x00000000101471b0 @name="NameControllerTest">, 81.584710712]
 test_create_name_description#NameControllerTest (81.58s)
Minitest::UnexpectedError:         ActionView::Template::Error: wrong number of arguments (given 1, expected 0)
            app/views/layouts/application.html.erb:66:in `_app_views_layouts_application_html_erb__39940670809711777_59906580'
            app/controllers/application_controller.rb:224:in `catch_errors_and_log_request_stats'
            test/functional_test_case.rb:24:in `get'
            test/controller_extensions.rb:112:in `get_with_dump'
            test/controller_extensions.rb:469:in `assert_request'
            test/controller_extensions.rb:213:in `either_requires_either'
            test/controller_extensions.rb:135:in `requires_login'
            test/controllers/name_controller_test.rb:507:in `test_create_name_description'

[0m[1000D[K[31mERROR[0m["test_name_external_links_exist", #<Minitest::Reporters::Suite:0x0000000010658870 @name="NameControllerTest">, 81.74372161100001]
 test_name_external_links_exist#NameControllerTest (81.74s)
Minitest::UnexpectedError:         ActionView::Template::Error: wrong number of arguments (given 1, expected 0)
            app/views/layouts/application.html.erb:66:in `_app_views_layouts_application_html_erb__39940670809711777_59906580'
            app/controllers/application_controller.rb:224:in `catch_errors_and_log_request_stats'
            test/functional_test_case.rb:24:in `get'
            test/controllers/name_controller_test.rb:268:in `test_name_external_links_exist'

[0m[1000D[K[31mERROR[0m["test_get_edit_classification", #<Minitest::Reporters::Suite:0x0000000010a8d440 @name="NameControllerTest">, 81.878836858]
 test_get_edit_classification#NameControllerTest (81.88s)
Minitest::UnexpectedError:         ActionView::Template::Error: wrong number of arguments (given 1, expected 0)
            app/views/layouts/application.html.erb:66:in `_app_views_layouts_application_html_erb__39940670809711777_59906580'
            app/controllers/application_controller.rb:224:in `catch_errors_and_log_request_stats'
            test/functional_test_case.rb:24:in `get'
            test/controllers/name_controller_test.rb:4419:in `test_get_edit_classification'

[32m=[0m[0m[1000D[K[31mERROR[0m["test_edit_lifeform", #<Minitest::Reporters::Suite:0x000000000c9c2118 @name="NameControllerTest">, 82.18019178700001]
 test_edit_lifeform#NameControllerTest (82.18s)
Minitest::UnexpectedError:         ActionView::Template::Error: wrong number of arguments (given 1, expected 0)
            app/views/layouts/application.html.erb:66:in `_app_views_layouts_application_html_erb__39940670809711777_59906580'
            app/controllers/application_controller.rb:224:in `catch_errors_and_log_request_stats'
            test/functional_test_case.rb:24:in `get'
            test/controller_extensions.rb:112:in `get_with_dump'
            test/controller_extensions.rb:469:in `assert_request'
            test/controller_extensions.rb:213:in `either_requires_either'
            test/controller_extensions.rb:135:in `requires_login'
            test/controllers/name_controller_test.rb:4483:in `test_edit_lifeform'

[0m[1000D[K[31mERROR[0m["test_create_name_matching_multiple_names", #<Minitest::Reporters::Suite:0x000000000b87b0a8 @name="NameControllerTest">, 82.22025329500002]
 test_create_name_matching_multiple_names#NameControllerTest (82.22s)
Minitest::UnexpectedError:         ActionView::Template::Error: wrong number of arguments (given 1, expected 0)
            app/views/layouts/application.html.erb:66:in `_app_views_layouts_application_html_erb__39940670809711777_59906580'
            app/controllers/application_controller.rb:224:in `catch_errors_and_log_request_stats'
            test/functional_test_case.rb:30:in `post'
            test/controllers/name_controller_test.rb:805:in `test_create_name_matching_multiple_names'

[0m[1000D[K[31mERROR[0m["test_map_no_obs", #<Minitest::Reporters::Suite:0x000000000bdac900 @name="NameControllerTest">, 82.30072221699999]
 test_map_no_obs#NameControllerTest (82.30s)
Minitest::UnexpectedError:         ActionView::Template::Error: wrong number of arguments (given 1, expected 0)
            app/views/layouts/application.html.erb:66:in `_app_views_layouts_application_html_erb__39940670809711777_59906580'
            app/controllers/application_controller.rb:224:in `catch_errors_and_log_request_stats'
            test/functional_test_case.rb:24:in `get'
            test/controller_extensions.rb:112:in `get_with_dump'
            test/controllers/name_controller_test.rb:738:in `test_map_no_obs'

[0m[1000D[K[31mERROR[0m["test_name_descriptions_by_author", #<Minitest::Reporters::Suite:0x000000000ba1d9d8 @name="NameControllerTest">, 82.35199879600003]
 test_name_descriptions_by_author#NameControllerTest (82.35s)
Minitest::UnexpectedError:         ActionView::Template::Error: undefined method `safe_join' for "":ActiveSupport::SafeBuffer
        Did you mean?  safe_concat
            app/helpers/pagination_helper.rb:118:in `block (2 levels) in pagination_numbers'
            app/helpers/pagination_helper.rb:117:in `block in pagination_numbers'
            app/helpers/pagination_helper.rb:116:in `pagination_numbers'
            app/helpers/pagination_helper.rb:15:in `paginate_block'
            app/views/name/list_name_descriptions.html.erb:10:in `_app_views_name_list_name_descriptions_html_erb___176723722273579182_95982200'
            app/controllers/application_controller.rb:1498:in `show_index_of_objects'
            app/controllers/name_controller.rb:341:in `show_selected_name_descriptions'
            app/controllers/name_controller.rb:308:in `name_descriptions_by_author'
            app/controllers/application_controller.rb:224:in `catch_errors_and_log_request_stats'
            test/functional_test_case.rb:24:in `get'
            test/controller_extensions.rb:112:in `get_with_dump'
            test/controllers/name_controller_test.rb:412:in `test_name_descriptions_by_author'

[0m[1000D[K[31mERROR[0m["test_edit_draft_admin", #<Minitest::Reporters::Suite:0x000000000d484c90 @name="NameControllerTest">, 82.45099703800003]
 test_edit_draft_admin#NameControllerTest (82.45s)
Minitest::UnexpectedError:         ActionView::Template::Error: wrong number of arguments (given 1, expected 0)
            app/views/layouts/application.html.erb:66:in `_app_views_layouts_application_html_erb__39940670809711777_59906580'
            app/controllers/application_controller.rb:224:in `catch_errors_and_log_request_stats'
            test/functional_test_case.rb:24:in `get'
            test/controller_extensions.rb:112:in `get_with_dump'
            test/controller_extensions.rb:469:in `assert_request'
            test/controller_extensions.rb:213:in `either_requires_either'
            test/controller_extensions.rb:135:in `requires_login'
            test/controllers/name_controller_test.rb:65:in `edit_draft_tester'
            test/controllers/name_controller_test.rb:3863:in `test_edit_draft_admin'

[0m[1000D[K[31mERROR[0m["test_authored_names", #<Minitest::Reporters::Suite:0x000000000cdf65e0 @name="NameControllerTest">, 82.58166459400002]
 test_authored_names#NameControllerTest (82.58s)
Minitest::UnexpectedError:         ActionView::Template::Error: undefined method `safe_join' for "":ActiveSupport::SafeBuffer
        Did you mean?  safe_concat
            app/helpers/pagination_helper.rb:118:in `block (2 levels) in pagination_numbers'
            app/helpers/pagination_helper.rb:117:in `block in pagination_numbers'
            app/helpers/pagination_helper.rb:116:in `pagination_numbers'
            app/helpers/pagination_helper.rb:15:in `paginate_block'
            app/views/name/list_names.html.erb:30:in `_app_views_name_list_names_html_erb___1944705654522448778_132200380'
            app/controllers/application_controller.rb:1498:in `show_index_of_objects'
            app/controllers/name_controller.rb:267:in `show_selected_names'
            app/controllers/name_controller.rb:139:in `authored_names'
            app/controllers/application_controller.rb:224:in `catch_errors_and_log_request_stats'
            test/functional_test_case.rb:24:in `get'
            test/controller_extensions.rb:112:in `get_with_dump'
            test/controllers/name_controller_test.rb:235:in `test_authored_names'

[0m[1000D[K[31mERROR[0m["test_show_past_name_with_misspelling", #<Minitest::Reporters::Suite:0x000000000d8c0868 @name="NameControllerTest">, 82.62936278500001]
 test_show_past_name_with_misspelling#NameControllerTest (82.63s)
Minitest::UnexpectedError:         ActionView::Template::Error: wrong number of arguments (given 1, expected 0)
            app/views/layouts/application.html.erb:66:in `_app_views_layouts_application_html_erb__39940670809711777_59906580'
            app/controllers/application_controller.rb:224:in `catch_errors_and_log_request_stats'
            test/functional_test_case.rb:24:in `get'
            test/controller_extensions.rb:112:in `get_with_dump'
            test/controllers/name_controller_test.rb:326:in `test_show_past_name_with_misspelling'

[0m[1000D[K[31mERROR[0m["test_show_name", #<Minitest::Reporters::Suite:0x000000000ee87818 @name="NameControllerTest">, 82.798152512]
 test_show_name#NameControllerTest (82.80s)
Minitest::UnexpectedError:         ActionView::Template::Error: wrong number of arguments (given 1, expected 0)
            app/views/layouts/application.html.erb:66:in `_app_views_layouts_application_html_erb__39940670809711777_59906580'
            app/controllers/application_controller.rb:224:in `catch_errors_and_log_request_stats'
            test/functional_test_case.rb:24:in `get'
            test/controller_extensions.rb:112:in `get_with_dump'
            test/controllers/name_controller_test.rb:241:in `test_show_name'

[32m=[0m[32m=[0m[0m[1000D[K[31mERROR[0m["test_observation_index_by_letter", #<Minitest::Reporters::Suite:0x000000000f13cfe0 @name="NameControllerTest">, 82.87914012700003]
 test_observation_index_by_letter#NameControllerTest (82.88s)
Minitest::UnexpectedError:         ActionView::Template::Error: wrong number of arguments (given 4, expected 5)
            app/helpers/pagination_helper.rb:125:in `pagination_link'
            app/helpers/pagination_helper.rb:43:in `block in pagination_letters'
            app/helpers/pagination_helper.rb:41:in `map'
            app/helpers/pagination_helper.rb:41:in `pagination_letters'
            app/helpers/pagination_helper.rb:14:in `paginate_block'
            app/views/name/list_names.html.erb:30:in `_app_views_name_list_names_html_erb___1944705654522448778_132200380'
            app/controllers/application_controller.rb:1498:in `show_index_of_objects'
            app/controllers/name_controller.rb:279:in `show_selected_names'
            app/controllers/name_controller.rb:133:in `observation_index'
            app/controllers/application_controller.rb:224:in `catch_errors_and_log_request_stats'
            test/functional_test_case.rb:24:in `get'
            test/controller_extensions.rb:112:in `get_with_dump'
            test/controllers/name_controller_test.rb:230:in `test_observation_index_by_letter'

[0m[1000D[K[31mERROR[0m["test_index_name", #<Minitest::Reporters::Suite:0x000000000f4eeb98 @name="NameControllerTest">, 83.00580055500001]
 test_index_name#NameControllerTest (83.01s)
Minitest::UnexpectedError:         ActionView::Template::Error: wrong number of arguments (given 4, expected 5)
            app/helpers/pagination_helper.rb:125:in `pagination_link'
            app/helpers/pagination_helper.rb:43:in `block in pagination_letters'
            app/helpers/pagination_helper.rb:41:in `map'
            app/helpers/pagination_helper.rb:41:in `pagination_letters'
            app/helpers/pagination_helper.rb:14:in `paginate_block'
            app/views/name/list_names.html.erb:30:in `_app_views_name_list_names_html_erb___1944705654522448778_132200380'
            app/controllers/application_controller.rb:1498:in `show_index_of_objects'
            app/controllers/name_controller.rb:279:in `show_selected_names'
            app/controllers/name_controller.rb:121:in `index_name'
            app/controllers/application_controller.rb:224:in `catch_errors_and_log_request_stats'
            test/functional_test_case.rb:24:in `get'
            test/controller_extensions.rb:112:in `get_with_dump'
            test/controllers/name_controller_test.rb:205:in `test_index_name'

[0m[1000D[K[31mERROR[0m["test_show_past_name", #<Minitest::Reporters::Suite:0x000000000fb10a30 @name="NameControllerTest">, 83.15775591800002]
 test_show_past_name#NameControllerTest (83.16s)
Minitest::UnexpectedError:         ActionView::Template::Error: wrong number of arguments (given 1, expected 0)
            app/views/layouts/application.html.erb:66:in `_app_views_layouts_application_html_erb__39940670809711777_59906580'
            app/controllers/application_controller.rb:224:in `catch_errors_and_log_request_stats'
            test/functional_test_case.rb:24:in `get'
            test/controller_extensions.rb:112:in `get_with_dump'
            test/controllers/name_controller_test.rb:321:in `test_show_past_name'

[0m[1000D[K[31mERROR[0m["test_get_inherit_classification", #<Minitest::Reporters::Suite:0x000000000fd4f300 @name="NameControllerTest">, 83.23079078199999]
 test_get_inherit_classification#NameControllerTest (83.23s)
Minitest::UnexpectedError:         ActionView::Template::Error: wrong number of arguments (given 1, expected 0)
            app/views/layouts/application.html.erb:66:in `_app_views_layouts_application_html_erb__39940670809711777_59906580'
            app/controllers/application_controller.rb:224:in `catch_errors_and_log_request_stats'
            test/functional_test_case.rb:24:in `get'
            test/controller_extensions.rb:112:in `get_with_dump'
            test/controllers/name_controller_test.rb:4313:in `test_get_inherit_classification'

[0m[1000D[K[31mERROR[0m["test_do_deprecation_ambiguous", #<Minitest::Reporters::Suite:0x000000001049bd70 @name="NameControllerTest">, 83.44970941400004]
 test_do_deprecation_ambiguous#NameControllerTest (83.45s)
Minitest::UnexpectedError:         ActionView::Template::Error: wrong number of arguments (given 1, expected 0)
            app/views/layouts/application.html.erb:66:in `_app_views_layouts_application_html_erb__39940670809711777_59906580'
            app/controllers/application_controller.rb:224:in `catch_errors_and_log_request_stats'
            test/functional_test_case.rb:30:in `post'
            test/controllers/name_controller_test.rb:3390:in `test_do_deprecation_ambiguous'

[0m[1000D[K[31mERROR[0m["test_post_edit_classification", #<Minitest::Reporters::Suite:0x0000000010b69260 @name="NameControllerTest">, 83.66866834000001]
 test_post_edit_classification#NameControllerTest (83.67s)
Minitest::UnexpectedError:         ActionView::Template::Error: wrong number of arguments (given 1, expected 0)
            app/views/layouts/application.html.erb:66:in `_app_views_layouts_application_html_erb__39940670809711777_59906580'
            app/controllers/application_controller.rb:224:in `catch_errors_and_log_request_stats'
            test/functional_test_case.rb:30:in `post'
            test/controllers/name_controller_test.rb:4447:in `test_post_edit_classification'

[32m=[0m[0m[1000D[K[31mERROR[0m["test_approve_name_locked", #<Minitest::Reporters::Suite:0x000000000dd95c80 @name="NameControllerTest">, 84.23457374500003]
 test_approve_name_locked#NameControllerTest (84.23s)
Minitest::UnexpectedError:         ActionView::Template::Error: wrong number of arguments (given 1, expected 0)
            app/views/layouts/application.html.erb:66:in `_app_views_layouts_application_html_erb__39940670809711777_59906580'
            app/controllers/application_controller.rb:224:in `catch_errors_and_log_request_stats'
            test/functional_test_case.rb:24:in `get'
            test/controllers/name_controller_test.rb:3603:in `test_approve_name_locked'

[0m[1000D[K[31mERROR[0m["test_change_synonyms", #<Minitest::Reporters::Suite:0x000000000da38858 @name="NameControllerTest">, 84.379384125]
 test_change_synonyms#NameControllerTest (84.38s)
Minitest::UnexpectedError:         ActionView::Template::Error: wrong number of arguments (given 1, expected 0)
            app/views/layouts/application.html.erb:66:in `_app_views_layouts_application_html_erb__39940670809711777_59906580'
            app/controllers/application_controller.rb:224:in `catch_errors_and_log_request_stats'
            test/functional_test_case.rb:24:in `get'
            test/controller_extensions.rb:112:in `get_with_dump'
            test/controller_extensions.rb:469:in `assert_request'
            test/controller_extensions.rb:213:in `either_requires_either'
            test/controller_extensions.rb:135:in `requires_login'
            test/controllers/name_controller_test.rb:526:in `test_change_synonyms'

[0m[1000D[K[31mERROR[0m["test_map_no_loc", #<Minitest::Reporters::Suite:0x000000000ce39520 @name="NameControllerTest">, 84.415243713]
 test_map_no_loc#NameControllerTest (84.42s)
Minitest::UnexpectedError:         ActionView::Template::Error: wrong number of arguments (given 1, expected 0)
            app/views/layouts/application.html.erb:66:in `_app_views_layouts_application_html_erb__39940670809711777_59906580'
            app/controllers/application_controller.rb:224:in `catch_errors_and_log_request_stats'
            test/functional_test_case.rb:24:in `get'
            test/controller_extensions.rb:112:in `get_with_dump'
            test/controllers/name_controller_test.rb:732:in `test_map_no_loc'

[0m[1000D[K[31mERROR[0m["test_edit_misspelled_name", #<Minitest::Reporters::Suite:0x000000000eaa9228 @name="NameControllerTest">, 84.59355088900003]
 test_edit_misspelled_name#NameControllerTest (84.59s)
Minitest::UnexpectedError:         ActionView::Template::Error: wrong number of arguments (given 1, expected 0)
            app/views/layouts/application.html.erb:66:in `_app_views_layouts_application_html_erb__39940670809711777_59906580'
            app/controllers/application_controller.rb:224:in `catch_errors_and_log_request_stats'
            test/functional_test_case.rb:24:in `get'
            test/controllers/name_controller_test.rb:1647:in `test_edit_misspelled_name'

[0m[1000D[K[31mERROR[0m["test_do_deprecation_new_name", #<Minitest::Reporters::Suite:0x000000000f02ec70 @name="NameControllerTest">, 84.64494740399999]
 test_do_deprecation_new_name#NameControllerTest (84.64s)
Minitest::UnexpectedError:         ActionView::Template::Error: wrong number of arguments (given 1, expected 0)
            app/views/layouts/application.html.erb:66:in `_app_views_layouts_application_html_erb__39940670809711777_59906580'
            app/controllers/application_controller.rb:224:in `catch_errors_and_log_request_stats'
            test/functional_test_case.rb:30:in `post'
            test/controllers/name_controller_test.rb:3455:in `test_do_deprecation_new_name'

[0m[1000D[K[31mERROR[0m["test_name_index", #<Minitest::Reporters::Suite:0x000000000f0eaec0 @name="NameControllerTest">, 84.67389230999999]
 test_name_index#NameControllerTest (84.67s)
Minitest::UnexpectedError:         ActionView::Template::Error: wrong number of arguments (given 4, expected 5)
            app/helpers/pagination_helper.rb:125:in `pagination_link'
            app/helpers/pagination_helper.rb:43:in `block in pagination_letters'
            app/helpers/pagination_helper.rb:41:in `map'
            app/helpers/pagination_helper.rb:41:in `pagination_letters'
            app/helpers/pagination_helper.rb:14:in `paginate_block'
            app/views/name/list_names.html.erb:30:in `_app_views_name_list_names_html_erb___1944705654522448778_132200380'
            app/controllers/application_controller.rb:1498:in `show_index_of_objects'
            app/controllers/name_controller.rb:279:in `show_selected_names'
            app/controllers/name_controller.rb:127:in `list_names'
            app/controllers/application_controller.rb:224:in `catch_errors_and_log_request_stats'
            test/functional_test_case.rb:24:in `get'
            test/controller_extensions.rb:112:in `get_with_dump'
            test/controllers/name_controller_test.rb:210:in `test_name_index'

[0m[1000D[K[31mERROR[0m["test_show_past_name_description", #<Minitest::Reporters::Suite:0x000000000f4f4868 @name="NameControllerTest">, 84.79810176300003]
 test_show_past_name_description#NameControllerTest (84.80s)
Minitest::UnexpectedError:         ActionView::Template::Error: wrong number of arguments (given 1, expected 0)
            app/views/layouts/application.html.erb:66:in `_app_views_layouts_application_html_erb__39940670809711777_59906580'
            app/controllers/application_controller.rb:224:in `catch_errors_and_log_request_stats'
            test/functional_test_case.rb:24:in `get'
            test/controller_extensions.rb:112:in `get_with_dump'
            test/controllers/name_controller_test.rb:500:in `test_show_past_name_description'

[32m=[0m[0m[1000D[K[31mERROR[0m["test_create_name_unauthored_authored", #<Minitest::Reporters::Suite:0x000000000f731518 @name="NameControllerTest">, 84.84952385600002]
 test_create_name_unauthored_authored#NameControllerTest (84.85s)
Minitest::UnexpectedError:         ActionView::Template::Error: wrong number of arguments (given 1, expected 0)
            app/views/layouts/application.html.erb:66:in `_app_views_layouts_application_html_erb__39940670809711777_59906580'
            app/controllers/application_controller.rb:224:in `catch_errors_and_log_request_stats'
            test/functional_test_case.rb:30:in `post'
            test/controllers/name_controller_test.rb:827:in `test_create_name_unauthored_authored'

[0m[1000D[K[31mERROR[0m["test_email_tracking", #<Minitest::Reporters::Suite:0x0000000010061e80 @name="NameControllerTest">, 85.10143798799999]
 test_email_tracking#NameControllerTest (85.10s)
Minitest::UnexpectedError:         ActionView::Template::Error: wrong number of arguments (given 1, expected 0)
            app/views/layouts/application.html.erb:66:in `_app_views_layouts_application_html_erb__39940670809711777_59906580'
            app/controllers/application_controller.rb:224:in `catch_errors_and_log_request_stats'
            test/functional_test_case.rb:24:in `get'
            test/controller_extensions.rb:112:in `get_with_dump'
            test/controller_extensions.rb:469:in `assert_request'
            test/controller_extensions.rb:213:in `either_requires_either'
            test/controller_extensions.rb:135:in `requires_login'
            test/controllers/name_controller_test.rb:3616:in `test_email_tracking'

[0m[1000D[K[31mERROR[0m["test_mycobank_url", #<Minitest::Reporters::Suite:0x000000001057b2b8 @name="NameControllerTest">, 85.24730858500004]
 test_mycobank_url#NameControllerTest (85.25s)
Minitest::UnexpectedError:         ActionView::Template::Error: wrong number of arguments (given 1, expected 0)
            app/views/layouts/application.html.erb:66:in `_app_views_layouts_application_html_erb__39940670809711777_59906580'
            app/controllers/application_controller.rb:224:in `catch_errors_and_log_request_stats'
            test/functional_test_case.rb:24:in `get'
            test/controllers/name_controller_test.rb:276:in `test_mycobank_url'

[0m[1000D[K[31mERROR[0m["test_name_description_index", #<Minitest::Reporters::Suite:0x000000001072b978 @name="NameControllerTest">, 85.32464325300003]
 test_name_description_index#NameControllerTest (85.32s)
Minitest::UnexpectedError:         ActionView::Template::Error: undefined method `safe_join' for "":ActiveSupport::SafeBuffer
        Did you mean?  safe_concat
            app/helpers/pagination_helper.rb:118:in `block (2 levels) in pagination_numbers'
            app/helpers/pagination_helper.rb:117:in `block in pagination_numbers'
            app/helpers/pagination_helper.rb:116:in `pagination_numbers'
            app/helpers/pagination_helper.rb:15:in `paginate_block'
            app/views/name/list_name_descriptions.html.erb:10:in `_app_views_name_list_name_descriptions_html_erb___176723722273579182_95982200'
            app/controllers/application_controller.rb:1498:in `show_index_of_objects'
            app/controllers/name_controller.rb:341:in `show_selected_name_descriptions'
            app/controllers/name_controller.rb:299:in `list_name_descriptions'
            app/controllers/application_controller.rb:224:in `catch_errors_and_log_request_stats'
            test/functional_test_case.rb:24:in `get'
            test/controller_extensions.rb:112:in `get_with_dump'
            test/controllers/name_controller_test.rb:215:in `test_name_description_index'

[0m[1000D[K[31mERROR[0m["test_deprecate_name_locked", #<Minitest::Reporters::Suite:0x0000000010c17ea0 @name="NameControllerTest">, 85.46097691300002]
 test_deprecate_name_locked#NameControllerTest (85.46s)
Minitest::UnexpectedError:         ActionView::Template::Error: wrong number of arguments (given 1, expected 0)
            app/views/layouts/application.html.erb:66:in `_app_views_layouts_application_html_erb__39940670809711777_59906580'
            app/controllers/application_controller.rb:224:in `catch_errors_and_log_request_stats'
            test/functional_test_case.rb:24:in `get'
            test/controllers/name_controller_test.rb:3517:in `test_deprecate_name_locked'

[0m[1000D[K[31mERROR[0m["test_names_by_user", #<Minitest::Reporters::Suite:0x000000000b69d358 @name="NameControllerTest">, 85.54291774000001]
 test_names_by_user#NameControllerTest (85.54s)
Minitest::UnexpectedError:         ActionView::Template::Error: wrong number of arguments (given 4, expected 5)
            app/helpers/pagination_helper.rb:125:in `pagination_link'
            app/helpers/pagination_helper.rb:43:in `block in pagination_letters'
            app/helpers/pagination_helper.rb:41:in `map'
            app/helpers/pagination_helper.rb:41:in `pagination_letters'
            app/helpers/pagination_helper.rb:14:in `paginate_block'
            app/views/name/list_names.html.erb:30:in `_app_views_name_list_names_html_erb___1944705654522448778_132200380'
            app/controllers/application_controller.rb:1498:in `show_index_of_objects'
            app/controllers/name_controller.rb:279:in `show_selected_names'
            app/controllers/name_controller.rb:148:in `names_by_user'
            app/controllers/application_controller.rb:224:in `catch_errors_and_log_request_stats'
            test/functional_test_case.rb:24:in `get'
            test/controller_extensions.rb:112:in `get_with_dump'
            test/controllers/name_controller_test.rb:397:in `test_names_by_user'

[0m[1000D[K[31mERROR[0m["test_name_search_with_spelling_correction", #<Minitest::Reporters::Suite:0x000000000c82e900 @name="NameControllerTest">, 85.64377122799999]
 test_name_search_with_spelling_correction#NameControllerTest (85.64s)
Minitest::UnexpectedError:         ActionView::Template::Error: undefined method `safe_join' for "":ActiveSupport::SafeBuffer
        Did you mean?  safe_concat
            app/helpers/pagination_helper.rb:118:in `block (2 levels) in pagination_numbers'
            app/helpers/pagination_helper.rb:117:in `block in pagination_numbers'
            app/helpers/pagination_helper.rb:116:in `pagination_numbers'
            app/helpers/pagination_helper.rb:15:in `paginate_block'
            app/views/name/list_names.html.erb:30:in `_app_views_name_list_names_html_erb___1944705654522448778_132200380'
            app/controllers/application_controller.rb:1498:in `show_index_of_objects'
            app/controllers/name_controller.rb:279:in `show_selected_names'
            app/controllers/name_controller.rb:204:in `name_search'
            app/controllers/application_controller.rb:224:in `catch_errors_and_log_request_stats'
            test/functional_test_case.rb:24:in `get'
            test/controller_extensions.rb:112:in `get_with_dump'
            test/controllers/name_controller_test.rb:435:in `test_name_search_with_spelling_correction'

[0m[1000D[K[31mERROR[0m["test_why_danny_cant_edit_lentinus_description", #<Minitest::Reporters::Suite:0x0000000008e47cf0 @name="NameControllerTest">, 85.72830322700003]
 test_why_danny_cant_edit_lentinus_description#NameControllerTest (85.73s)
Minitest::UnexpectedError:         ActionView::Template::Error: wrong number of arguments (given 1, expected 0)
            app/views/layouts/application.html.erb:66:in `_app_views_layouts_application_html_erb__39940670809711777_59906580'
            app/controllers/application_controller.rb:224:in `catch_errors_and_log_request_stats'
            test/functional_test_case.rb:24:in `get'
            test/controllers/name_controller_test.rb:4534:in `test_why_danny_cant_edit_lentinus_description'

[32m=[0m[32m=[0m[0m[1000D[K[31mERROR[0m["test_pagination_page1", #<Minitest::Reporters::Suite:0x000000000c981af0 @name="NameControllerTest">, 85.79360821700004]
 test_pagination_page1#NameControllerTest (85.79s)
Minitest::UnexpectedError:         ActionView::Template::Error: wrong number of arguments (given 4, expected 5)
            app/helpers/pagination_helper.rb:125:in `pagination_link'
            app/helpers/pagination_helper.rb:43:in `block in pagination_letters'
            app/helpers/pagination_helper.rb:41:in `map'
            app/helpers/pagination_helper.rb:41:in `pagination_letters'
            app/helpers/pagination_helper.rb:14:in `paginate_block'
            app/views/name/list_names.html.erb:30:in `_app_views_name_list_names_html_erb___1944705654522448778_132200380'
            app/controllers/application_controller.rb:1498:in `show_index_of_objects'
            app/controllers/name_controller.rb:279:in `show_selected_names'
            app/controllers/name_controller.rb:226:in `test_index'
            app/controllers/application_controller.rb:224:in `catch_errors_and_log_request_stats'
            test/functional_test_case.rb:24:in `get'
            test/controllers/name_controller_test.rb:573:in `test_pagination_page1'

[0m[1000D[K[31mERROR[0m["test_pagination_with_anchors", #<Minitest::Reporters::Suite:0x000000000e3a3a00 @name="NameControllerTest">, 85.82807510700002]
 test_pagination_with_anchors#NameControllerTest (85.83s)
Minitest::UnexpectedError:         ActionView::Template::Error: wrong number of arguments (given 4, expected 5)
            app/helpers/pagination_helper.rb:125:in `pagination_link'
            app/helpers/pagination_helper.rb:43:in `block in pagination_letters'
            app/helpers/pagination_helper.rb:41:in `map'
            app/helpers/pagination_helper.rb:41:in `pagination_letters'
            app/helpers/pagination_helper.rb:14:in `paginate_block'
            app/views/name/list_names.html.erb:30:in `_app_views_name_list_names_html_erb___1944705654522448778_132200380'
            app/controllers/application_controller.rb:1498:in `show_index_of_objects'
            app/controllers/name_controller.rb:279:in `show_selected_names'
            app/controllers/name_controller.rb:226:in `test_index'
            app/controllers/application_controller.rb:224:in `catch_errors_and_log_request_stats'
            test/functional_test_case.rb:24:in `get'
            test/controllers/name_controller_test.rb:686:in `test_pagination_with_anchors'

[0m[1000D[K[31mERROR[0m["test_needed_descriptions", #<Minitest::Reporters::Suite:0x000000000cdd6e98 @name="NameControllerTest">, 86.12183153900003]
 test_needed_descriptions#NameControllerTest (86.12s)
Minitest::UnexpectedError:         ActionView::Template::Error: undefined method `safe_join' for "":ActiveSupport::SafeBuffer
        Did you mean?  safe_concat
            app/helpers/pagination_helper.rb:118:in `block (2 levels) in pagination_numbers'
            app/helpers/pagination_helper.rb:117:in `block in pagination_numbers'
            app/helpers/pagination_helper.rb:116:in `pagination_numbers'
            app/helpers/pagination_helper.rb:15:in `paginate_block'
            app/views/name/list_names.html.erb:30:in `_app_views_name_list_names_html_erb___1944705654522448778_132200380'
            app/controllers/application_controller.rb:1498:in `show_index_of_objects'
            app/controllers/name_controller.rb:279:in `show_selected_names'
            app/controllers/name_controller.rb:186:in `needed_descriptions'
            app/controllers/application_controller.rb:224:in `catch_errors_and_log_request_stats'
            test/functional_test_case.rb:24:in `get'
            test/controller_extensions.rb:112:in `get_with_dump'
            test/controllers/name_controller_test.rb:407:in `test_needed_descriptions'

[0m[1000D[K[31mERROR[0m["test_map", #<Minitest::Reporters::Suite:0x000000000d887978 @name="NameControllerTest">, 86.15483024600002]
 test_map#NameControllerTest (86.15s)
Minitest::UnexpectedError:         ActionView::Template::Error: wrong number of arguments (given 1, expected 0)
            app/views/layouts/application.html.erb:66:in `_app_views_layouts_application_html_erb__39940670809711777_59906580'
            app/controllers/application_controller.rb:224:in `catch_errors_and_log_request_stats'
            test/functional_test_case.rb:24:in `get'
            test/controller_extensions.rb:112:in `get_with_dump'
            test/controllers/name_controller_test.rb:726:in `test_map'

[0m[1000D[K[31mERROR[0m["test_propagate_lifeform", #<Minitest::Reporters::Suite:0x000000000cf72a18 @name="NameControllerTest">, 86.22097289800001]
 test_propagate_lifeform#NameControllerTest (86.22s)
Minitest::UnexpectedError:         ActionView::Template::Error: wrong number of arguments (given 1, expected 0)
            app/views/layouts/application.html.erb:66:in `_app_views_layouts_application_html_erb__39940670809711777_59906580'
            app/controllers/application_controller.rb:224:in `catch_errors_and_log_request_stats'
            test/functional_test_case.rb:24:in `get'
            test/controller_extensions.rb:112:in `get_with_dump'
            test/controller_extensions.rb:469:in `assert_request'
            test/controller_extensions.rb:213:in `either_requires_either'
            test/controller_extensions.rb:135:in `requires_login'
            test/controllers/name_controller_test.rb:4505:in `test_propagate_lifeform'

[0m[1000D[K[31mERROR[0m["test_edit_draft", #<Minitest::Reporters::Suite:0x000000000e963508 @name="NameControllerTest">, 86.335810224]
 test_edit_draft#NameControllerTest (86.34s)
Minitest::UnexpectedError:         ActionView::Template::Error: wrong number of arguments (given 1, expected 0)
            app/views/layouts/application.html.erb:66:in `_app_views_layouts_application_html_erb__39940670809711777_59906580'
            app/controllers/application_controller.rb:224:in `catch_errors_and_log_request_stats'
            test/functional_test_case.rb:24:in `get'
            test/controller_extensions.rb:112:in `get_with_dump'
            test/controller_extensions.rb:469:in `assert_request'
            test/controller_extensions.rb:213:in `either_requires_either'
            test/controller_extensions.rb:135:in `requires_login'
            test/controllers/name_controller_test.rb:65:in `edit_draft_tester'
            test/controllers/name_controller_test.rb:3856:in `test_edit_draft'

[0m[1000D[K[31mERROR[0m["test_pagination_page2", #<Minitest::Reporters::Suite:0x000000000eaa9930 @name="NameControllerTest">, 86.375253713]
 test_pagination_page2#NameControllerTest (86.38s)
Minitest::UnexpectedError:         ActionView::Template::Error: wrong number of arguments (given 4, expected 5)
            app/helpers/pagination_helper.rb:125:in `pagination_link'
            app/helpers/pagination_helper.rb:43:in `block in pagination_letters'
            app/helpers/pagination_helper.rb:41:in `map'
            app/helpers/pagination_helper.rb:41:in `pagination_letters'
            app/helpers/pagination_helper.rb:14:in `paginate_block'
            app/views/name/list_names.html.erb:30:in `_app_views_name_list_names_html_erb___1944705654522448778_132200380'
            app/controllers/application_controller.rb:1498:in `show_index_of_objects'
            app/controllers/name_controller.rb:279:in `show_selected_names'
            app/controllers/name_controller.rb:226:in `test_index'
            app/controllers/application_controller.rb:224:in `catch_errors_and_log_request_stats'
            test/functional_test_case.rb:24:in `get'
            test/controllers/name_controller_test.rb:596:in `test_pagination_page2'

[0m[1000D[K[31mERROR[0m["test_edit_draft_post_bad_classification", #<Minitest::Reporters::Suite:0x000000000f3ecd30 @name="NameControllerTest">, 86.53423293000003]
 test_edit_draft_post_bad_classification#NameControllerTest (86.53s)
Minitest::UnexpectedError:         ActionView::Template::Error: wrong number of arguments (given 1, expected 0)
            app/views/layouts/application.html.erb:66:in `_app_views_layouts_application_html_erb__39940670809711777_59906580'
            app/controllers/application_controller.rb:224:in `catch_errors_and_log_request_stats'
            test/functional_test_case.rb:30:in `post'
            test/controller_extensions.rb:125:in `post_with_dump'
            test/controller_extensions.rb:469:in `assert_request'
            test/controller_extensions.rb:213:in `either_requires_either'
            test/controller_extensions.rb:144:in `post_requires_login'
            test/controllers/name_controller_test.rb:92:in `edit_draft_post_helper'
            test/controllers/name_controller_test.rb:3903:in `test_edit_draft_post_bad_classification'

[0m[1000D[K[31mERROR[0m["test_show_draft", #<Minitest::Reporters::Suite:0x000000000fca6ed0 @name="NameControllerTest">, 86.739027411]
 test_show_draft#NameControllerTest (86.74s)
Minitest::UnexpectedError:         ActionView::Template::Error: wrong number of arguments (given 1, expected 0)
            app/views/layouts/application.html.erb:66:in `_app_views_layouts_application_html_erb__39940670809711777_59906580'
            app/controllers/application_controller.rb:224:in `catch_errors_and_log_request_stats'
            test/functional_test_case.rb:24:in `get'
            test/controller_extensions.rb:112:in `get_with_dump'
            test/controllers/name_controller_test.rb:3807:in `test_show_draft'

[32m=[0m[0m[1000D[K[31mERROR[0m["test_interest_in_show_name", #<Minitest::Reporters::Suite:0x000000001033b4a8 @name="NameControllerTest">, 86.86798746800002]
 test_interest_in_show_name#NameControllerTest (86.87s)
Minitest::UnexpectedError:         ActionView::Template::Error: wrong number of arguments (given 1, expected 0)
            app/views/layouts/application.html.erb:66:in `_app_views_layouts_application_html_erb__39940670809711777_59906580'
            app/controllers/application_controller.rb:224:in `catch_errors_and_log_request_stats'
            test/functional_test_case.rb:24:in `get'
            test/controller_extensions.rb:112:in `get_with_dump'
            test/controllers/name_controller_test.rb:3766:in `test_interest_in_show_name'

[0m[1000D[K[31mERROR[0m["test_transfer_synonyms_n_n_ns", #<Minitest::Reporters::Suite:0x0000000010434030 @name="NameControllerTest">, 86.908597784]
 test_transfer_synonyms_n_n_ns#NameControllerTest (86.91s)
Minitest::UnexpectedError:         ActionView::Template::Error: wrong number of arguments (given 1, expected 0)
            app/views/layouts/application.html.erb:66:in `_app_views_layouts_application_html_erb__39940670809711777_59906580'
            app/controllers/application_controller.rb:224:in `catch_errors_and_log_request_stats'
            test/functional_test_case.rb:30:in `post'
            test/controllers/name_controller_test.rb:3058:in `test_transfer_synonyms_n_n_ns'

[0m[1000D[K[31mERROR[0m["test_create_family", #<Minitest::Reporters::Suite:0x0000000010998148 @name="NameControllerTest">, 87.087381913]
 test_create_family#NameControllerTest (87.09s)
Minitest::UnexpectedError:         ActionView::Template::Error: wrong number of arguments (given 1, expected 0)
            app/views/layouts/application.html.erb:66:in `_app_views_layouts_application_html_erb__39940670809711777_59906580'
            app/controllers/application_controller.rb:224:in `catch_errors_and_log_request_stats'
            test/functional_test_case.rb:30:in `post'
            test/controllers/name_controller_test.rb:1000:in `test_create_family'

[0m[1000D[K[31mERROR[0m["test_create_description_load_form_already_has_desc", #<Minitest::Reporters::Suite:0x000000000b9631c8 @name="NameControllerTest">, 87.50707495099999]
 test_create_description_load_form_already_has_desc#NameControllerTest (87.51s)
Minitest::UnexpectedError:         ActionView::Template::Error: wrong number of arguments (given 1, expected 0)
            app/views/layouts/application.html.erb:66:in `_app_views_layouts_application_html_erb__39940670809711777_59906580'
            app/controllers/application_controller.rb:224:in `catch_errors_and_log_request_stats'
            test/functional_test_case.rb:24:in `get'
            test/controller_extensions.rb:112:in `get_with_dump'
            test/controller_extensions.rb:469:in `assert_request'
            test/controller_extensions.rb:213:in `either_requires_either'
            test/controller_extensions.rb:135:in `requires_login'
            test/controllers/name_controller_test.rb:4039:in `test_create_description_load_form_already_has_desc'

[32m=[0m[32m=[0m[0m[1000D[K[31mERROR[0m["test_observation_index", #<Minitest::Reporters::Suite:0x000000000ea08b20 @name="NameControllerTest">, 87.90477059700004]
 test_observation_index#NameControllerTest (87.90s)
Minitest::UnexpectedError:         ActionView::Template::Error: undefined method `safe_join' for "":ActiveSupport::SafeBuffer
        Did you mean?  safe_concat
            app/helpers/pagination_helper.rb:118:in `block (2 levels) in pagination_numbers'
            app/helpers/pagination_helper.rb:117:in `block in pagination_numbers'
            app/helpers/pagination_helper.rb:116:in `pagination_numbers'
            app/helpers/pagination_helper.rb:15:in `paginate_block'
            app/views/name/list_names.html.erb:30:in `_app_views_name_list_names_html_erb___1944705654522448778_132200380'
            app/controllers/application_controller.rb:1498:in `show_index_of_objects'
            app/controllers/name_controller.rb:279:in `show_selected_names'
            app/controllers/name_controller.rb:133:in `observation_index'
            app/controllers/application_controller.rb:224:in `catch_errors_and_log_request_stats'
            test/functional_test_case.rb:24:in `get'
            test/controller_extensions.rb:112:in `get_with_dump'
            test/controllers/name_controller_test.rb:225:in `test_observation_index'

[0m[1000D[K[31mERROR[0m["test_name_search_help", #<Minitest::Reporters::Suite:0x000000000f8c3818 @name="NameControllerTest">, 88.200112913]
 test_name_search_help#NameControllerTest (88.20s)
Minitest::UnexpectedError:         ActionView::Template::Error: undefined method `safe_join' for "":ActiveSupport::SafeBuffer
        Did you mean?  safe_concat
            app/helpers/pagination_helper.rb:118:in `block (2 levels) in pagination_numbers'
            app/helpers/pagination_helper.rb:117:in `block in pagination_numbers'
            app/helpers/pagination_helper.rb:116:in `pagination_numbers'
            app/helpers/pagination_helper.rb:15:in `paginate_block'
            app/views/name/list_names.html.erb:30:in `_app_views_name_list_names_html_erb___1944705654522448778_132200380'
            app/controllers/name_controller.rb:201:in `name_search'
            app/controllers/application_controller.rb:224:in `catch_errors_and_log_request_stats'
            test/functional_test_case.rb:24:in `get'
            test/controller_extensions.rb:112:in `get_with_dump'
            test/controllers/name_controller_test.rb:430:in `test_name_search_help'

[0m[1000D[K[31mERROR[0m["test_index_description_index", #<Minitest::Reporters::Suite:0x000000000f958f80 @name="NameControllerTest">, 88.23152221600003]
 test_index_description_index#NameControllerTest (88.23s)
Minitest::UnexpectedError:         ActionView::Template::Error: undefined method `safe_join' for "":ActiveSupport::SafeBuffer
        Did you mean?  safe_concat
            app/helpers/pagination_helper.rb:118:in `block (2 levels) in pagination_numbers'
            app/helpers/pagination_helper.rb:117:in `block in pagination_numbers'
            app/helpers/pagination_helper.rb:116:in `pagination_numbers'
            app/helpers/pagination_helper.rb:15:in `paginate_block'
            app/views/name/list_name_descriptions.html.erb:10:in `_app_views_name_list_name_descriptions_html_erb___176723722273579182_95982200'
            app/controllers/application_controller.rb:1498:in `show_index_of_objects'
            app/controllers/name_controller.rb:341:in `show_selected_name_descriptions'
            app/controllers/name_controller.rb:292:in `index_name_description'
            app/controllers/application_controller.rb:224:in `catch_errors_and_log_request_stats'
            test/functional_test_case.rb:24:in `get'
            test/controller_extensions.rb:112:in `get_with_dump'
            test/controllers/name_controller_test.rb:220:in `test_index_description_index'

[0m[1000D[K[31mERROR[0m["test_approve_name", #<Minitest::Reporters::Suite:0x00000000109ee908 @name="NameControllerTest">, 88.700053416]
 test_approve_name#NameControllerTest (88.70s)
Minitest::UnexpectedError:         ActionView::Template::Error: wrong number of arguments (given 1, expected 0)
            app/views/layouts/application.html.erb:66:in `_app_views_layouts_application_html_erb__39940670809711777_59906580'
            app/controllers/application_controller.rb:224:in `catch_errors_and_log_request_stats'
            test/functional_test_case.rb:24:in `get'
            test/controller_extensions.rb:112:in `get_with_dump'
            test/controller_extensions.rb:469:in `assert_request'
            test/controller_extensions.rb:213:in `either_requires_either'
            test/controller_extensions.rb:135:in `requires_login'
            test/controllers/name_controller_test.rb:541:in `test_approve_name'

[0m[1000D[K[31mERROR[0m["test_post_edit_name_locked", #<Minitest::Reporters::Suite:0x000000000b8a3940 @name="NameControllerTest">, 88.826846467]
 test_post_edit_name_locked#NameControllerTest (88.83s)
Minitest::UnexpectedError:         ActionView::Template::Error: wrong number of arguments (given 1, expected 0)
            app/views/layouts/application.html.erb:66:in `_app_views_layouts_application_html_erb__39940670809711777_59906580'
            app/controllers/application_controller.rb:224:in `catch_errors_and_log_request_stats'
            test/functional_test_case.rb:24:in `get'
            test/controllers/name_controller_test.rb:1607:in `test_post_edit_name_locked'

[32m=[0m[0m[1000D[K[31mERROR[0m["test_create_draft_member", #<Minitest::Reporters::Suite:0x000000000c72fdd8 @name="NameControllerTest">, 88.88342626000002]
 test_create_draft_member#NameControllerTest (88.88s)
Minitest::UnexpectedError:         ActionView::Template::Error: wrong number of arguments (given 1, expected 0)
            app/views/layouts/application.html.erb:66:in `_app_views_layouts_application_html_erb__39940670809711777_59906580'
            app/controllers/application_controller.rb:224:in `catch_errors_and_log_request_stats'
            test/functional_test_case.rb:24:in `get'
            test/controller_extensions.rb:112:in `get_with_dump'
            test/controller_extensions.rb:469:in `assert_request'
            test/controller_extensions.rb:213:in `either_requires_either'
            test/controller_extensions.rb:135:in `requires_login'
            test/controllers/name_controller_test.rb:44:in `create_draft_tester'
            test/controllers/name_controller_test.rb:3841:in `test_create_draft_member'

[0m[1000D[K[31mERROR[0m["test_edit_name_with_umlaut", #<Minitest::Reporters::Suite:0x000000000cea6be8 @name="NameControllerTest">, 88.93711343000001]
 test_edit_name_with_umlaut#NameControllerTest (88.94s)
Minitest::UnexpectedError:         ActionView::Template::Error: wrong number of arguments (given 1, expected 0)
            app/views/layouts/application.html.erb:66:in `_app_views_layouts_application_html_erb__39940670809711777_59906580'
            app/controllers/application_controller.rb:224:in `catch_errors_and_log_request_stats'
            test/functional_test_case.rb:24:in `get'
            test/controllers/name_controller_test.rb:1422:in `test_edit_name_with_umlaut'

[32m=[0m[32m=[0m[32m=[0m[32m=[0m[32m=[0m[32m=[0m[32m=[0m[32m=[0m[32m=[0m[32m=[0m[32m=[0m[32m=[0m[32m=[0m[32m=[0m[32m=[0m[32m=[0m[32m=[0m[32m=[0m[32m=[0m[32m=[0m[0m[1000D[K[31mERROR[0m["test_edit_glossary_term_logged_in", #<Minitest::Reporters::Suite:0x000000001015e838 @name="GlossaryControllerEditTest">, 93.42671087500003]
 test_edit_glossary_term_logged_in#GlossaryControllerEditTest (93.43s)
Minitest::UnexpectedError:         ActionView::Template::Error: wrong number of arguments (given 1, expected 0)
            app/views/layouts/application.html.erb:66:in `_app_views_layouts_application_html_erb__39940670809711777_59906580'
            app/controllers/application_controller.rb:224:in `catch_errors_and_log_request_stats'
            test/functional_test_case.rb:24:in `get'
            test/controller_extensions.rb:112:in `get_with_dump'
            test/controllers/glossary_controller_test.rb:158:in `test_edit_glossary_term_logged_in'

[32m=[0m[0m[1000D[K[31mERROR[0m["test_edit_herbarium_without_curators", #<Minitest::Reporters::Suite:0x00000000104c05d0 @name="HerbariumControllerTest">, 93.588775102]
 test_edit_herbarium_without_curators#HerbariumControllerTest (93.59s)
Minitest::UnexpectedError:         ActionView::Template::Error: wrong number of arguments (given 1, expected 0)
            app/views/layouts/application.html.erb:66:in `_app_views_layouts_application_html_erb__39940670809711777_59906580'
            app/controllers/application_controller.rb:224:in `catch_errors_and_log_request_stats'
            test/functional_test_case.rb:24:in `get'
            test/controller_extensions.rb:112:in `get_with_dump'
            test/controllers/herbarium_controller_test.rb:315:in `test_edit_herbarium_without_curators'

[0m[1000D[K[31mERROR[0m["test_create_personal_herbarium", #<Minitest::Reporters::Suite:0x00000000106143c8 @name="HerbariumControllerTest">, 93.63936615200004]
 test_create_personal_herbarium#HerbariumControllerTest (93.64s)
Minitest::UnexpectedError:         ActionView::Template::Error: wrong number of arguments (given 1, expected 0)
            app/views/layouts/application.html.erb:66:in `_app_views_layouts_application_html_erb__39940670809711777_59906580'
            app/controllers/application_controller.rb:224:in `catch_errors_and_log_request_stats'
            test/functional_test_case.rb:30:in `post'
            test/controllers/herbarium_controller_test.rb:286:in `test_create_personal_herbarium'

[0m[1000D[K[31mERROR[0m["test_list_herbaria", #<Minitest::Reporters::Suite:0x00000000106c40e8 @name="HerbariumControllerTest">, 93.68815185400001]
 test_list_herbaria#HerbariumControllerTest (93.69s)
Minitest::UnexpectedError:         ActionView::Template::Error: undefined method `safe_join' for "":ActiveSupport::SafeBuffer
        Did you mean?  safe_concat
            app/helpers/pagination_helper.rb:118:in `block (2 levels) in pagination_numbers'
            app/helpers/pagination_helper.rb:117:in `block in pagination_numbers'
            app/helpers/pagination_helper.rb:116:in `pagination_numbers'
            app/helpers/pagination_helper.rb:15:in `paginate_block'
            app/views/herbarium/list_herbaria.html.erb:17:in `_app_views_herbarium_list_herbaria_html_erb___1612871187365872329_137690800'
            app/controllers/application_controller.rb:1498:in `show_index_of_objects'
            app/controllers/herbarium_controller.rb:200:in `show_selected_herbaria'
            app/controllers/herbarium_controller.rb:27:in `list_herbaria'
            app/controllers/application_controller.rb:224:in `catch_errors_and_log_request_stats'
            test/functional_test_case.rb:24:in `get'
            test/controller_extensions.rb:112:in `get_with_dump'
            test/controllers/herbarium_controller_test.rb:23:in `test_list_herbaria'

[0m[1000D[K[31mERROR[0m["test_list_herbaria_merge_source", #<Minitest::Reporters::Suite:0x00000000107e1d90 @name="HerbariumControllerTest">, 93.72606762600003]
 test_list_herbaria_merge_source#HerbariumControllerTest (93.73s)
Minitest::UnexpectedError:         ActionView::Template::Error: undefined method `safe_join' for "":ActiveSupport::SafeBuffer
        Did you mean?  safe_concat
            app/helpers/pagination_helper.rb:118:in `block (2 levels) in pagination_numbers'
            app/helpers/pagination_helper.rb:117:in `block in pagination_numbers'
            app/helpers/pagination_helper.rb:116:in `pagination_numbers'
            app/helpers/pagination_helper.rb:15:in `paginate_block'
            app/views/herbarium/list_herbaria.html.erb:17:in `_app_views_herbarium_list_herbaria_html_erb___1612871187365872329_137690800'
            app/controllers/application_controller.rb:1498:in `show_index_of_objects'
            app/controllers/herbarium_controller.rb:200:in `show_selected_herbaria'
            app/controllers/herbarium_controller.rb:27:in `list_herbaria'
            app/controllers/application_controller.rb:224:in `catch_errors_and_log_request_stats'
            test/functional_test_case.rb:24:in `get'
            test/controllers/herbarium_controller_test.rb:38:in `test_list_herbaria_merge_source'

[0m[1000D[K[31mERROR[0m["test_herbarium_search", #<Minitest::Reporters::Suite:0x0000000010c24b00 @name="HerbariumControllerTest">, 93.86297675200001]
 test_herbarium_search#HerbariumControllerTest (93.86s)
Minitest::UnexpectedError:         ActionView::Template::Error: undefined method `safe_join' for "":ActiveSupport::SafeBuffer
        Did you mean?  safe_concat
            app/helpers/pagination_helper.rb:118:in `block (2 levels) in pagination_numbers'
            app/helpers/pagination_helper.rb:117:in `block in pagination_numbers'
            app/helpers/pagination_helper.rb:116:in `pagination_numbers'
            app/helpers/pagination_helper.rb:15:in `paginate_block'
            app/views/herbarium/list_herbaria.html.erb:17:in `_app_views_herbarium_list_herbaria_html_erb___1612871187365872329_137690800'
            app/controllers/application_controller.rb:1498:in `show_index_of_objects'
            app/controllers/herbarium_controller.rb:200:in `show_selected_herbaria'
            app/controllers/herbarium_controller.rb:38:in `herbarium_search'
            app/controllers/application_controller.rb:224:in `catch_errors_and_log_request_stats'
            test/functional_test_case.rb:24:in `get'
            test/controller_extensions.rb:112:in `get_with_dump'
            test/controllers/herbarium_controller_test.rb:27:in `test_herbarium_search'

[0m[1000D[K[31mERROR[0m["test_create_herbarium_post_with_duplicate_name", #<Minitest::Reporters::Suite:0x000000000c7eb038 @name="HerbariumControllerTest">, 94.18163603200003]
 test_create_herbarium_post_with_duplicate_name#HerbariumControllerTest (94.18s)
Minitest::UnexpectedError:         ActionView::Template::Error: wrong number of arguments (given 1, expected 0)
            app/views/layouts/application.html.erb:66:in `_app_views_layouts_application_html_erb__39940670809711777_59906580'
            app/controllers/application_controller.rb:224:in `catch_errors_and_log_request_stats'
            test/functional_test_case.rb:30:in `post'
            test/controllers/herbarium_controller_test.rb:239:in `test_create_herbarium_post_with_duplicate_name'

[0m[1000D[K[31mERROR[0m["test_index", #<Minitest::Reporters::Suite:0x000000000d2660d0 @name="HerbariumControllerTest">, 94.225472185]
 test_index#HerbariumControllerTest (94.23s)
Minitest::UnexpectedError:         ActionView::Template::Error: undefined method `safe_join' for "":ActiveSupport::SafeBuffer
        Did you mean?  safe_concat
            app/helpers/pagination_helper.rb:118:in `block (2 levels) in pagination_numbers'
            app/helpers/pagination_helper.rb:117:in `block in pagination_numbers'
            app/helpers/pagination_helper.rb:116:in `pagination_numbers'
            app/helpers/pagination_helper.rb:15:in `paginate_block'
            app/views/herbarium/list_herbaria.html.erb:17:in `_app_views_herbarium_list_herbaria_html_erb___1612871187365872329_137690800'
            app/controllers/application_controller.rb:1498:in `show_index_of_objects'
            app/controllers/herbarium_controller.rb:200:in `show_selected_herbaria'
            app/controllers/herbarium_controller.rb:20:in `index'
            app/controllers/application_controller.rb:224:in `catch_errors_and_log_request_stats'
            test/functional_test_case.rb:24:in `get'
            test/controller_extensions.rb:112:in `get_with_dump'
            test/controllers/herbarium_controller_test.rb:18:in `test_index'

[0m[1000D[K[31mERROR[0m["test_show_herbarium", #<Minitest::Reporters::Suite:0x000000000d504c10 @name="HerbariumControllerTest">, 94.36105877800003]
 test_show_herbarium#HerbariumControllerTest (94.36s)
Minitest::UnexpectedError:         ActionView::Template::Error: wrong number of arguments (given 1, expected 0)
            app/views/layouts/application.html.erb:66:in `_app_views_layouts_application_html_erb__39940670809711777_59906580'
            app/controllers/application_controller.rb:224:in `catch_errors_and_log_request_stats'
            test/functional_test_case.rb:24:in `get'
            test/controller_extensions.rb:112:in `get_with_dump'
            test/controllers/herbarium_controller_test.rb:158:in `test_show_herbarium'

[0m[1000D[K[31mERROR[0m["test_show_herbarium_post", #<Minitest::Reporters::Suite:0x000000000e505e48 @name="HerbariumControllerTest">, 94.39118264300004]
 test_show_herbarium_post#HerbariumControllerTest (94.39s)
Minitest::UnexpectedError:         ActionView::Template::Error: wrong number of arguments (given 1, expected 0)
            app/views/layouts/application.html.erb:66:in `_app_views_layouts_application_html_erb__39940670809711777_59906580'
            app/controllers/application_controller.rb:224:in `catch_errors_and_log_request_stats'
            test/functional_test_case.rb:30:in `post'
            test/controllers/herbarium_controller_test.rb:170:in `test_show_herbarium_post'

[0m[1000D[K[31mERROR[0m["test_list_herbaria_merge_target", #<Minitest::Reporters::Suite:0x000000000dd720f0 @name="HerbariumControllerTest">, 94.43656373300001]
 test_list_herbaria_merge_target#HerbariumControllerTest (94.44s)
Minitest::UnexpectedError:         ActionView::Template::Error: undefined method `safe_join' for "":ActiveSupport::SafeBuffer
        Did you mean?  safe_concat
            app/helpers/pagination_helper.rb:118:in `block (2 levels) in pagination_numbers'
            app/helpers/pagination_helper.rb:117:in `block in pagination_numbers'
            app/helpers/pagination_helper.rb:116:in `pagination_numbers'
            app/helpers/pagination_helper.rb:15:in `paginate_block'
            app/views/herbarium/list_herbaria.html.erb:17:in `_app_views_herbarium_list_herbaria_html_erb___1612871187365872329_137690800'
            app/controllers/application_controller.rb:1498:in `show_index_of_objects'
            app/controllers/herbarium_controller.rb:200:in `show_selected_herbaria'
            app/controllers/herbarium_controller.rb:27:in `list_herbaria'
            app/controllers/application_controller.rb:224:in `catch_errors_and_log_request_stats'
            test/functional_test_case.rb:24:in `get'
            test/controllers/herbarium_controller_test.rb:82:in `test_list_herbaria_merge_target'

[32m=[0m[32m=[0m[0m[1000D[K[31mERROR[0m["test_request_to_be_curator", #<Minitest::Reporters::Suite:0x000000000d0d03b0 @name="HerbariumControllerTest">, 94.62693239100003]
 test_request_to_be_curator#HerbariumControllerTest (94.63s)
Minitest::UnexpectedError:         ActionView::Template::Error: wrong number of arguments (given 1, expected 0)
            app/views/layouts/application.html.erb:66:in `_app_views_layouts_application_html_erb__39940670809711777_59906580'
            app/controllers/application_controller.rb:224:in `catch_errors_and_log_request_stats'
            test/functional_test_case.rb:24:in `get'
            test/controller_extensions.rb:112:in `get_with_dump'
            test/controllers/herbarium_controller_test.rb:534:in `test_request_to_be_curator'

[0m[1000D[K[31mERROR[0m["test_create_herbarium", #<Minitest::Reporters::Suite:0x000000000e8b4260 @name="HerbariumControllerTest">, 94.857746142]
 test_create_herbarium#HerbariumControllerTest (94.86s)
Minitest::UnexpectedError:         ActionView::Template::Error: wrong number of arguments (given 1, expected 0)
            app/views/layouts/application.html.erb:66:in `_app_views_layouts_application_html_erb__39940670809711777_59906580'
            app/controllers/application_controller.rb:224:in `catch_errors_and_log_request_stats'
            test/functional_test_case.rb:24:in `get'
            test/controller_extensions.rb:112:in `get_with_dump'
            test/controllers/herbarium_controller_test.rb:188:in `test_create_herbarium'

[0m[1000D[K[31mERROR[0m["test_edit_herbarium_user_make_personal", #<Minitest::Reporters::Suite:0x000000000eb1fc70 @name="HerbariumControllerTest">, 94.89991157399999]
 test_edit_herbarium_user_make_personal#HerbariumControllerTest (94.90s)
Minitest::UnexpectedError:         ActionView::Template::Error: wrong number of arguments (given 1, expected 0)
            app/views/layouts/application.html.erb:66:in `_app_views_layouts_application_html_erb__39940670809711777_59906580'
            app/controllers/application_controller.rb:224:in `catch_errors_and_log_request_stats'
            test/functional_test_case.rb:30:in `post'
            test/controllers/herbarium_controller_test.rb:416:in `test_edit_herbarium_user_make_personal'

[0m[1000D[K[31mERROR[0m["test_edit_herbarium_with_curators", #<Minitest::Reporters::Suite:0x000000000f38d1a0 @name="HerbariumControllerTest">, 95.041952213]
 test_edit_herbarium_with_curators#HerbariumControllerTest (95.04s)
Minitest::UnexpectedError:         ActionView::Template::Error: wrong number of arguments (given 1, expected 0)
            app/views/layouts/application.html.erb:66:in `_app_views_layouts_application_html_erb__39940670809711777_59906580'
            app/controllers/application_controller.rb:224:in `catch_errors_and_log_request_stats'
            test/functional_test_case.rb:24:in `get'
            test/controller_extensions.rb:112:in `get_with_dump'
            test/controllers/herbarium_controller_test.rb:331:in `test_edit_herbarium_with_curators'

[32m=[0m[0m[1000D[K[31mERROR[0m["test_post_maximal_image", #<Minitest::Reporters::Suite:0x000000000c799d78 @name="ApiControllerTest">, 98.43437439600001]
 test_post_maximal_image#ApiControllerTest (98.43s)
Minitest::UnexpectedError:         ActionView::Template::Error: undefined method `paginate_ids' for nil:NilClass
            app/classes/api/results.rb:66:in `result_ids'
            app/views/api/results.xml.builder:17:in `block in _app_views_api_results_xml_builder___821514643646609981_130717860'
            app/views/api/results.xml.builder:2:in `_app_views_api_results_xml_builder___821514643646609981_130717860'
            app/controllers/api_controller.rb:158:in `do_render_xml'
            app/controllers/api_controller.rb:152:in `block (2 levels) in do_render'
            app/controllers/api_controller.rb:151:in `do_render'
            app/controllers/api_controller.rb:145:in `rescue in render_api_results'
            app/controllers/api_controller.rb:138:in `render_api_results'
            app/controllers/api_controller.rb:98:in `rest_query'
            app/controllers/api_controller.rb:52:in `images'
            app/controllers/application_controller.rb:224:in `catch_errors_and_log_request_stats'
            test/functional_test_case.rb:30:in `post'
            test/controllers/api_controller_test.rb:31:in `post_and_send'
            test/controllers/api_controller_test.rb:26:in `post_and_send_file'
            test/controllers/api_controller_test.rb:218:in `block in test_post_maximal_image'
            test/controllers/api_controller_test.rb:217:in `test_post_maximal_image'

[0m[1000D[K[31mERROR[0m["test_post_minimal_image", #<Minitest::Reporters::Suite:0x000000000c8b3e48 @name="ApiControllerTest">, 98.57808307300002]
 test_post_minimal_image#ApiControllerTest (98.58s)
Minitest::UnexpectedError:         ActionView::Template::Error: undefined method `paginate_ids' for nil:NilClass
            app/classes/api/results.rb:66:in `result_ids'
            app/views/api/results.xml.builder:17:in `block in _app_views_api_results_xml_builder___821514643646609981_130717860'
            app/views/api/results.xml.builder:2:in `_app_views_api_results_xml_builder___821514643646609981_130717860'
            app/controllers/api_controller.rb:158:in `do_render_xml'
            app/controllers/api_controller.rb:152:in `block (2 levels) in do_render'
            app/controllers/api_controller.rb:151:in `do_render'
            app/controllers/api_controller.rb:145:in `rescue in render_api_results'
            app/controllers/api_controller.rb:138:in `render_api_results'
            app/controllers/api_controller.rb:98:in `rest_query'
            app/controllers/api_controller.rb:52:in `images'
            app/controllers/application_controller.rb:224:in `catch_errors_and_log_request_stats'
            test/functional_test_case.rb:30:in `post'
            test/controllers/api_controller_test.rb:31:in `post_and_send'
            test/controllers/api_controller_test.rb:26:in `post_and_send_file'
            test/controllers/api_controller_test.rb:193:in `block in test_post_minimal_image'
            test/controllers/api_controller_test.rb:192:in `test_post_minimal_image'

[32m=[0m[32m=[0m[0m[1000D[K[31mERROR[0m["test_index", #<Minitest::Reporters::Suite:0x000000000eee72e0 @name="ArticleControllerTest">, 99.644165934]
 test_index#ArticleControllerTest (99.64s)
Minitest::UnexpectedError:         ActionView::Template::Error: undefined method `safe_join' for "":ActiveSupport::SafeBuffer
        Did you mean?  safe_concat
            app/helpers/pagination_helper.rb:118:in `block (2 levels) in pagination_numbers'
            app/helpers/pagination_helper.rb:117:in `block in pagination_numbers'
            app/helpers/pagination_helper.rb:116:in `pagination_numbers'
            app/helpers/pagination_helper.rb:15:in `paginate_block'
            app/views/article/list_articles.html.erb:10:in `_app_views_article_list_articles_html_erb__905360367796562010_125069680'
            app/controllers/application_controller.rb:1498:in `show_index_of_objects'
            app/controllers/article_controller.rb:79:in `show_selected_articles'
            app/controllers/article_controller.rb:59:in `index_article'
            app/controllers/application_controller.rb:224:in `catch_errors_and_log_request_stats'
            test/functional_test_case.rb:24:in `get'
            test/controllers/article_controller_test.rb:142:in `test_index'

[0m[1000D[K[31mERROR[0m["test_edit_article_post", #<Minitest::Reporters::Suite:0x000000000f2b4418 @name="ArticleControllerTest">, 99.763964219]
 test_edit_article_post#ArticleControllerTest (99.76s)
Minitest::UnexpectedError:         ActionView::Template::Error: wrong number of arguments (given 1, expected 0)
            app/views/layouts/application.html.erb:66:in `_app_views_layouts_application_html_erb__39940670809711777_59906580'
            app/controllers/application_controller.rb:224:in `catch_errors_and_log_request_stats'
            test/functional_test_case.rb:30:in `post'
            test/controllers/article_controller_test.rb:117:in `test_edit_article_post'

[0m[1000D[K[31mERROR[0m["test_create_article_get", #<Minitest::Reporters::Suite:0x000000000f45f128 @name="ArticleControllerTest">, 99.84024420600002]
 test_create_article_get#ArticleControllerTest (99.84s)
Minitest::UnexpectedError:         ActionView::Template::Error: wrong number of arguments (given 1, expected 0)
            app/views/layouts/application.html.erb:66:in `_app_views_layouts_application_html_erb__39940670809711777_59906580'
            app/controllers/application_controller.rb:224:in `catch_errors_and_log_request_stats'
            test/functional_test_case.rb:24:in `get'
            test/controllers/article_controller_test.rb:15:in `test_create_article_get'

[32m=[0m[0m[1000D[K[31mERROR[0m["test_edit_article_get", #<Minitest::Reporters::Suite:0x000000000f5faa00 @name="ArticleControllerTest">, 99.89727577400004]
 test_edit_article_get#ArticleControllerTest (99.90s)
Minitest::UnexpectedError:         ActionView::Template::Error: wrong number of arguments (given 1, expected 0)
            app/views/layouts/application.html.erb:66:in `_app_views_layouts_application_html_erb__39940670809711777_59906580'
            app/controllers/application_controller.rb:224:in `catch_errors_and_log_request_stats'
            test/functional_test_case.rb:24:in `get'
            test/controllers/article_controller_test.rb:78:in `test_edit_article_get'

[0m[1000D[K[31mERROR[0m["test_show_article", #<Minitest::Reporters::Suite:0x000000000f85a548 @name="ArticleControllerTest">, 99.95945852800003]
 test_show_article#ArticleControllerTest (99.96s)
Minitest::UnexpectedError:         ActionView::Template::Error: wrong number of arguments (given 1, expected 0)
            app/views/layouts/application.html.erb:66:in `_app_views_layouts_application_html_erb__39940670809711777_59906580'
            app/controllers/application_controller.rb:224:in `catch_errors_and_log_request_stats'
            test/functional_test_case.rb:24:in `get'
            test/controllers/article_controller_test.rb:158:in `test_show_article'

[0m[1000D[K[31mERROR[0m["test_create_article_post", #<Minitest::Reporters::Suite:0x000000000fd9f080 @name="ArticleControllerTest">, 100.06440056000002]
 test_create_article_post#ArticleControllerTest (100.06s)
Minitest::UnexpectedError:         ActionView::Template::Error: wrong number of arguments (given 1, expected 0)
            app/views/layouts/application.html.erb:66:in `_app_views_layouts_application_html_erb__39940670809711777_59906580'
            app/controllers/application_controller.rb:224:in `catch_errors_and_log_request_stats'
            test/functional_test_case.rb:30:in `post'
            test/controllers/article_controller_test.rb:47:in `test_create_article_post'

[0m[1000D[K[31mERROR[0m["test_create_glossary_term_logged_in", #<Minitest::Reporters::Suite:0x000000000ff2af58 @name="GlossaryControllerCreateTest">, 100.120918647]
 test_create_glossary_term_logged_in#GlossaryControllerCreateTest (100.12s)
Minitest::UnexpectedError:         ActionView::Template::Error: wrong number of arguments (given 1, expected 0)
            app/views/layouts/application.html.erb:66:in `_app_views_layouts_application_html_erb__39940670809711777_59906580'
            app/controllers/application_controller.rb:224:in `catch_errors_and_log_request_stats'
            test/functional_test_case.rb:24:in `get'
            test/controller_extensions.rb:112:in `get_with_dump'
            test/controllers/glossary_controller_test.rb:101:in `test_create_glossary_term_logged_in'

[32m=[0m[32m=[0m[32m=[0m[32m=[0m[0m[1000D[K[31mERROR[0m["test_posting_minimal_image", #<Minitest::Reporters::Suite:0x000000000fc724a0 @name="ApiTest">, 101.690168207]
 test_posting_minimal_image#ApiTest (101.69s)
Minitest::UnexpectedError:         Errno::ENOENT: No such file or directory @ rb_sysopen - | /usr/bin/file --mime /tmp/image_upload20200412-3142-1nu2v85
            app/models/image.rb:567:in `read'
            app/models/image.rb:567:in `validate_image_type'
            app/models/image.rb:538:in `validate_upload'
            app/models/image.rb:972:in `check_requirements'
            app/classes/api/model_api.rb:61:in `build_object'
            app/classes/api/image_api.rb:85:in `build_object'
            app/classes/api/model_api.rb:15:in `post'
            app/classes/api/base.rb:301:in `process_request'
            app/classes/api/base.rb:239:in `execute'
            test/models/api_test.rb:1297:in `block (2 levels) in test_posting_minimal_image'
            test/models/api_test.rb:1296:in `block in test_posting_minimal_image'
            test/models/api_test.rb:1295:in `test_posting_minimal_image'

[32m=[0m[32m=[0m[0m[1000D[K[31mERROR[0m["test_posting_maximal_image", #<Minitest::Reporters::Suite:0x000000000fd04f08 @name="ApiTest">, 103.08462498700004]
 test_posting_maximal_image#ApiTest (103.08s)
Minitest::UnexpectedError:         Errno::ENOENT: No such file or directory @ rb_sysopen - | /usr/bin/file --mime /tmp/image_upload20200412-3142-13a9zpm
            app/models/image.rb:567:in `read'
            app/models/image.rb:567:in `validate_image_type'
            app/models/image.rb:538:in `validate_upload'
            app/models/image.rb:972:in `check_requirements'
            app/classes/api/model_api.rb:61:in `build_object'
            app/classes/api/image_api.rb:85:in `build_object'
            app/classes/api/model_api.rb:15:in `post'
            app/classes/api/base.rb:301:in `process_request'
            app/classes/api/base.rb:239:in `execute'
            test/models/api_test.rb:1333:in `block (2 levels) in test_posting_maximal_image'
            test/models/api_test.rb:1332:in `block in test_posting_maximal_image'
            test/models/api_test.rb:1331:in `test_posting_maximal_image'

[32m=[0m[32m=[0m[32m=[0m[0m[1000D[K[31mERROR[0m["test_posting_image_via_url", #<Minitest::Reporters::Suite:0x0000000010374140 @name="ApiTest">, 105.97056440400002]
 test_posting_image_via_url#ApiTest (105.97s)
Minitest::UnexpectedError:         Errno::ENOENT: No such file or directory @ rb_sysopen - | /usr/bin/file --mime /tmp/api_upload20200412-3142-hs46rw
            app/models/image.rb:567:in `read'
            app/models/image.rb:567:in `validate_image_type'
            app/models/image.rb:538:in `validate_upload'
            app/models/image.rb:972:in `check_requirements'
            app/classes/api/model_api.rb:61:in `build_object'
            app/classes/api/image_api.rb:85:in `build_object'
            app/classes/api/model_api.rb:15:in `post'
            app/classes/api/base.rb:301:in `process_request'
            app/classes/api/base.rb:239:in `execute'
            test/models/api_test.rb:1362:in `block in test_posting_image_via_url'
            test/models/api_test.rb:1361:in `test_posting_image_via_url'

[32m=[0m[32m=[0m[0m[1000D[K[31mERROR[0m["test_index", #<Minitest::Reporters::Suite:0x000000000e4b4818 @name="GlossaryControllerShowAndIndexTest">, 108.75217898800003]
 test_index#GlossaryControllerShowAndIndexTest (108.75s)
Minitest::UnexpectedError:         ActionView::Template::Error: wrong number of arguments (given 1, expected 0)
            app/views/layouts/application.html.erb:66:in `_app_views_layouts_application_html_erb__39940670809711777_59906580'
            app/controllers/application_controller.rb:224:in `catch_errors_and_log_request_stats'
            test/functional_test_case.rb:24:in `get'
            test/controller_extensions.rb:112:in `get_with_dump'
            test/controllers/glossary_controller_test.rb:62:in `test_index'

[0m[1000D[K[31mERROR[0m["test_show_glossary_term", #<Minitest::Reporters::Suite:0x000000000dd8c4c8 @name="GlossaryControllerShowAndIndexTest">, 108.80536462700002]
 test_show_glossary_term#GlossaryControllerShowAndIndexTest (108.81s)
Minitest::UnexpectedError:         ActionView::Template::Error: wrong number of arguments (given 1, expected 0)
            app/views/layouts/application.html.erb:66:in `_app_views_layouts_application_html_erb__39940670809711777_59906580'
            app/controllers/application_controller.rb:224:in `catch_errors_and_log_request_stats'
            test/functional_test_case.rb:24:in `get'
            test/controller_extensions.rb:112:in `get_with_dump'
            test/controllers/glossary_controller_test.rb:38:in `test_show_glossary_term'

[0m[1000D[K[31mERROR[0m["test_show_past_glossary_term_prior_version_link_target", #<Minitest::Reporters::Suite:0x000000000d08e6e0 @name="GlossaryControllerShowAndIndexTest">, 108.83538817499999]
 test_show_past_glossary_term_prior_version_link_target#GlossaryControllerShowAndIndexTest (108.84s)
Minitest::UnexpectedError:         ActionView::Template::Error: wrong number of arguments (given 1, expected 0)
            app/views/layouts/application.html.erb:66:in `_app_views_layouts_application_html_erb__39940670809711777_59906580'
            app/controllers/application_controller.rb:224:in `catch_errors_and_log_request_stats'
            test/functional_test_case.rb:24:in `get'
            test/controllers/glossary_controller_test.rb:56:in `test_show_past_glossary_term_prior_version_link_target'

[0m[1000D[K[31mERROR[0m["test_show_past_glossary_term", #<Minitest::Reporters::Suite:0x000000000ca60bd8 @name="GlossaryControllerShowAndIndexTest">, 108.88479381000002]
 test_show_past_glossary_term#GlossaryControllerShowAndIndexTest (108.88s)
Minitest::UnexpectedError:         ActionView::Template::Error: undefined method `width' for nil:NilClass
            app/views/image/_image_thumbnail.html.erb:19:in `_app_views_image__image_thumbnail_html_erb__3738331365730208577_93895200'
            app/helpers/thumbnail_helper.rb:26:in `thumbnail'
            app/views/glossary/_glossary_term.html.erb:11:in `_app_views_glossary__glossary_term_html_erb__742133459894838901_105970880'
            app/views/glossary/show_past_glossary_term.html.erb:16:in `_app_views_glossary_show_past_glossary_term_html_erb__2484476938295828154_95605600'
            app/controllers/application_controller.rb:224:in `catch_errors_and_log_request_stats'
            test/functional_test_case.rb:24:in `get'
            test/controller_extensions.rb:112:in `get_with_dump'
            test/controllers/glossary_controller_test.rb:43:in `test_show_past_glossary_term'

[32m=[0m[32m=[0m[0m[1000D[K[31mERROR[0m["test_csrf_bug_in_review_donations_page", #<Minitest::Reporters::Suite:0x000000000c089718 @name="AdminTest">, 109.00837873]
 test_csrf_bug_in_review_donations_page#AdminTest (109.01s)
Minitest::UnexpectedError:         NoMethodError: undefined method `device' for #<Browser::Bot:0x000000000c076988>
            app/extensions/browser_extensions.rb:5:in `bot?'
            app/controllers/application_controller.rb:236:in `request_stats'
            app/controllers/application_controller.rb:223:in `catch_errors_and_log_request_stats'
            test/session_extensions.rb:93:in `get'
            test/session_extensions.rb:70:in `process_with_error_checking'
            test/session_extensions.rb:91:in `get'
            test/integration_extensions.rb:15:in `login'
            test/integration_extensions.rb:26:in `login!'
            test/integration/admin_test.rb:7:in `test_csrf_bug_in_review_donations_page'

[32m=[0m[32m=[0m[32m=[0m[32m=[0m[0m[1000D[K[31mERROR[0m["test_map_observations", #<Minitest::Reporters::Suite:0x000000000c080848 @name="ObserverControllerSupplementalTest">, 111.66754632100003]
 test_map_observations#ObserverControllerSupplementalTest (111.67s)
Minitest::UnexpectedError:         NoMethodError: undefined method `device' for #<Browser::Bot:0x000000000c06ee18>
            app/extensions/browser_extensions.rb:5:in `bot?'
            app/controllers/application_controller.rb:236:in `request_stats'
            app/controllers/application_controller.rb:223:in `catch_errors_and_log_request_stats'
            test/integration/observer_controller_supplemental_test.rb:19:in `test_map_observations'

[0m[1000D[K[31mERROR[0m["test_destroy_observation_from_search", #<Minitest::Reporters::Suite:0x000000000d0d9280 @name="ObserverControllerSupplementalTest">, 111.67662061800002]
 test_destroy_observation_from_search#ObserverControllerSupplementalTest (111.68s)
Minitest::UnexpectedError:         NoMethodError: undefined method `device' for #<Browser::Bot:0x000000000d0cde08>
            app/extensions/browser_extensions.rb:5:in `bot?'
            app/controllers/application_controller.rb:236:in `request_stats'
            app/controllers/application_controller.rb:223:in `catch_errors_and_log_request_stats'
            test/integration/observer_controller_supplemental_test.rb:33:in `test_destroy_observation_from_search'

[0m[1000D[K[31mERROR[0m["test_observation_edit_uncheck_project", #<Minitest::Reporters::Suite:0x000000000d130850 @name="ObserverControllerSupplementalTest">, 111.68622816800001]
 test_observation_edit_uncheck_project#ObserverControllerSupplementalTest (111.69s)
Minitest::UnexpectedError:         NoMethodError: undefined method `device' for #<Browser::Bot:0x000000000d121670>
            app/extensions/browser_extensions.rb:5:in `bot?'
            app/controllers/application_controller.rb:236:in `request_stats'
            app/controllers/application_controller.rb:223:in `catch_errors_and_log_request_stats'
            test/integration/observer_controller_supplemental_test.rb:66:in `test_observation_edit_uncheck_project'

[0m[1000D[K[31mERROR[0m["test_observation_edit_uncheck_species_list", #<Minitest::Reporters::Suite:0x000000000d184ab8 @name="ObserverControllerSupplementalTest">, 111.69978675300001]
 test_observation_edit_uncheck_species_list#ObserverControllerSupplementalTest (111.70s)
Minitest::UnexpectedError:         NoMethodError: undefined method `device' for #<Browser::Bot:0x000000000d17c9d0>
            app/extensions/browser_extensions.rb:5:in `bot?'
            app/controllers/application_controller.rb:236:in `request_stats'
            app/controllers/application_controller.rb:223:in `catch_errors_and_log_request_stats'
            test/integration/observer_controller_supplemental_test.rb:89:in `test_observation_edit_uncheck_species_list'

[32m=[0m[32m=[0m[0m[1000D[K[31mERROR[0m["test_post_textile", #<Minitest::Reporters::Suite:0x000000000da9e8d8 @name="ObserverControllerSupplementalTest">, 111.70985916000001]
 test_post_textile#ObserverControllerSupplementalTest (111.71s)
Minitest::UnexpectedError:         NoMethodError: undefined method `device' for #<Browser::Bot:0x000000000da75ff0>
            app/extensions/browser_extensions.rb:5:in `bot?'
            app/controllers/application_controller.rb:236:in `request_stats'
            app/controllers/application_controller.rb:223:in `catch_errors_and_log_request_stats'
            test/integration/observer_controller_supplemental_test.rb:10:in `test_post_textile'

[0m[1000D[K[31mERROR[0m["test_falmouth", #<Minitest::Reporters::Suite:0x000000000d875ca0 @name="GeocoderTest">, 111.762486325]
 test_falmouth#GeocoderTest (111.76s)
Minitest::UnexpectedError:         NoMethodError: undefined method `new' for Geocoder:Module
            test/models/geocoder_test.rb:11:in `test_falmouth'

[0m[1000D[K[31mERROR[0m["test_unknown_place_name", #<Minitest::Reporters::Suite:0x000000000d898868 @name="GeocoderTest">, 111.76624158000004]
 test_unknown_place_name#GeocoderTest (111.77s)
Minitest::UnexpectedError:         NoMethodError: undefined method `new' for Geocoder:Module
            test/models/geocoder_test.rb:5:in `test_unknown_place_name'

[0m[1000D[K[31mERROR[0m["test_create_name_with_quotes", #<Minitest::Reporters::Suite:0x000000000e898e20 @name="NamingControllerTest">, 111.915525317]
 test_create_name_with_quotes#NamingControllerTest (111.92s)
Minitest::UnexpectedError:         ActionView::Template::Error: wrong number of arguments (given 1, expected 0)
            app/views/layouts/application.html.erb:66:in `_app_views_layouts_application_html_erb__39940670809711777_59906580'
            app/controllers/application_controller.rb:224:in `catch_errors_and_log_request_stats'
            test/functional_test_case.rb:30:in `post'
            test/controllers/naming_controller_test.rb:501:in `test_create_name_with_quotes'

[0m[1000D[K[31mERROR[0m["test_update_observation_new_name", #<Minitest::Reporters::Suite:0x000000000f0add90 @name="NamingControllerTest">, 112.00952189899999]
 test_update_observation_new_name#NamingControllerTest (112.01s)
Minitest::UnexpectedError:         ActionView::Template::Error: wrong number of arguments (given 1, expected 0)
            app/views/layouts/application.html.erb:66:in `_app_views_layouts_application_html_erb__39940670809711777_59906580'
            app/controllers/application_controller.rb:224:in `catch_errors_and_log_request_stats'
            test/functional_test_case.rb:30:in `post'
            test/controllers/naming_controller_test.rb:35:in `test_update_observation_new_name'

[0m[1000D[K[31mERROR[0m["test_create_get", #<Minitest::Reporters::Suite:0x000000000f6f66e8 @name="NamingControllerTest">, 112.166627608]
 test_create_get#NamingControllerTest (112.17s)
Minitest::UnexpectedError:         ActionView::Template::Error: wrong number of arguments (given 1, expected 0)
            app/views/layouts/application.html.erb:66:in `_app_views_layouts_application_html_erb__39940670809711777_59906580'
            app/controllers/application_controller.rb:224:in `catch_errors_and_log_request_stats'
            test/functional_test_case.rb:24:in `get'
            test/controller_extensions.rb:112:in `get_with_dump'
            test/controller_extensions.rb:469:in `assert_request'
            test/controller_extensions.rb:213:in `either_requires_either'
            test/controller_extensions.rb:135:in `requires_login'
            test/controllers/naming_controller_test.rb:9:in `test_create_get'

[0m[1000D[K[31mERROR[0m["test_enforce_imageless_rules", #<Minitest::Reporters::Suite:0x0000000010342550 @name="NamingControllerTest">, 112.45553788500001]
 test_enforce_imageless_rules#NamingControllerTest (112.46s)
Minitest::UnexpectedError:         ActionView::Template::Error: wrong number of arguments (given 1, expected 0)
            app/views/layouts/application.html.erb:66:in `_app_views_layouts_application_html_erb__39940670809711777_59906580'
            app/controllers/application_controller.rb:224:in `catch_errors_and_log_request_stats'
            test/functional_test_case.rb:30:in `post'
            test/controllers/naming_controller_test.rb:588:in `test_enforce_imageless_rules'

[0m[1000D[K[31mERROR[0m["test_update_observation_deprecated", #<Minitest::Reporters::Suite:0x00000000105f6210 @name="NamingControllerTest">, 112.53153279399999]
 test_update_observation_deprecated#NamingControllerTest (112.53s)
Minitest::UnexpectedError:         ActionView::Template::Error: wrong number of arguments (given 1, expected 0)
            app/views/layouts/application.html.erb:66:in `_app_views_layouts_application_html_erb__39940670809711777_59906580'
            app/controllers/application_controller.rb:224:in `catch_errors_and_log_request_stats'
            test/functional_test_case.rb:30:in `post'
            test/controllers/naming_controller_test.rb:123:in `test_update_observation_deprecated'

[0m[1000D[K[31mERROR[0m["test_update_observation_multiple_match", #<Minitest::Reporters::Suite:0x0000000010a94628 @name="NamingControllerTest">, 112.60165769400004]
 test_update_observation_multiple_match#NamingControllerTest (112.60s)
Minitest::UnexpectedError:         ActionView::Template::Error: wrong number of arguments (given 1, expected 0)
            app/views/layouts/application.html.erb:66:in `_app_views_layouts_application_html_erb__39940670809711777_59906580'
            app/controllers/application_controller.rb:224:in `catch_errors_and_log_request_stats'
            test/functional_test_case.rb:30:in `post'
            test/controllers/naming_controller_test.rb:81:in `test_update_observation_multiple_match'

[32m=[0m[0m[1000D[K[31mERROR[0m["test_edit_get", #<Minitest::Reporters::Suite:0x000000000d8e8070 @name="NamingControllerTest">, 113.33381332600004]
 test_edit_get#NamingControllerTest (113.33s)
Minitest::UnexpectedError:         ActionView::Template::Error: wrong number of arguments (given 1, expected 0)
            app/views/layouts/application.html.erb:66:in `_app_views_layouts_application_html_erb__39940670809711777_59906580'
            app/controllers/application_controller.rb:224:in `catch_errors_and_log_request_stats'
            test/functional_test_case.rb:24:in `get'
            test/controller_extensions.rb:112:in `get_with_dump'
            test/controller_extensions.rb:469:in `assert_request'
            test/controller_extensions.rb:213:in `either_requires_either'
            test/controller_extensions.rb:155:in `requires_user'
            test/controllers/naming_controller_test.rb:16:in `test_edit_get'

[0m[1000D[K[31mERROR[0m["test_create_fill_in_author", #<Minitest::Reporters::Suite:0x000000000f3310d0 @name="NamingControllerTest">, 113.59855981700002]
 test_create_fill_in_author#NamingControllerTest (113.60s)
Minitest::UnexpectedError:         ActionView::Template::Error: wrong number of arguments (given 1, expected 0)
            app/views/layouts/application.html.erb:66:in `_app_views_layouts_application_html_erb__39940670809711777_59906580'
            app/controllers/application_controller.rb:224:in `catch_errors_and_log_request_stats'
            test/functional_test_case.rb:30:in `post'
            test/controllers/naming_controller_test.rb:484:in `test_create_fill_in_author'

[0m[1000D[K[31mERROR[0m["test_first_herbarium_record", #<Minitest::Reporters::Suite:0x000000000f6f4410 @name="CuratorTest">, 113.70387787300001]
 test_first_herbarium_record#CuratorTest (113.70s)
Minitest::UnexpectedError:         NoMethodError: undefined method `device' for #<Browser::Bot:0x000000000f6cafe8>
            app/extensions/browser_extensions.rb:5:in `bot?'
            app/controllers/application_controller.rb:236:in `request_stats'
            app/controllers/application_controller.rb:223:in `catch_errors_and_log_request_stats'
            test/session_extensions.rb:93:in `get'
            test/session_extensions.rb:70:in `process_with_error_checking'
            test/session_extensions.rb:91:in `get'
            test/integration_extensions.rb:15:in `login'
            test/integration_extensions.rb:26:in `login!'
            test/integration/curator_test.rb:7:in `test_first_herbarium_record'

[0m[1000D[K[31mERROR[0m["test_edit_and_remove_herbarium_record_from_show_observation", #<Minitest::Reporters::Suite:0x000000000f770a60 @name="CuratorTest">, 113.70834450900003]
 test_edit_and_remove_herbarium_record_from_show_observation#CuratorTest (113.71s)
Minitest::UnexpectedError:         NoMethodError: undefined method `device' for #<Browser::Bot:0x000000000f7490c8>
            app/extensions/browser_extensions.rb:5:in `bot?'
            app/controllers/application_controller.rb:236:in `request_stats'
            app/controllers/application_controller.rb:223:in `catch_errors_and_log_request_stats'
            test/session_extensions.rb:93:in `get'
            test/session_extensions.rb:70:in `process_with_error_checking'
            test/session_extensions.rb:91:in `get'
            test/integration_extensions.rb:15:in `login'
            test/integration_extensions.rb:26:in `login!'
            test/integration/curator_test.rb:21:in `test_edit_and_remove_herbarium_record_from_show_observation'

[0m[1000D[K[31mERROR[0m["test_edit_herbarium_record_from_show_herbarium_record", #<Minitest::Reporters::Suite:0x000000000f7d9948 @name="CuratorTest">, 113.717220284]
 test_edit_herbarium_record_from_show_herbarium_record#CuratorTest (113.72s)
Minitest::UnexpectedError:         NoMethodError: undefined method `device' for #<Browser::Bot:0x000000000f7c1eb0>
            app/extensions/browser_extensions.rb:5:in `bot?'
            app/controllers/application_controller.rb:236:in `request_stats'
            app/controllers/application_controller.rb:223:in `catch_errors_and_log_request_stats'
            test/session_extensions.rb:93:in `get'
            test/session_extensions.rb:70:in `process_with_error_checking'
            test/session_extensions.rb:91:in `get'
            test/integration_extensions.rb:15:in `login'
            test/integration_extensions.rb:26:in `login!'
            test/integration/curator_test.rb:53:in `test_edit_herbarium_record_from_show_herbarium_record'

[0m[1000D[K[31mERROR[0m["test_herbarium_record_search", #<Minitest::Reporters::Suite:0x000000000f85e0d0 @name="CuratorTest">, 113.72135724600003]
 test_herbarium_record_search#CuratorTest (113.72s)
Minitest::UnexpectedError:         NoMethodError: undefined method `device' for #<Browser::Bot:0x000000000f81d0a8>
            app/extensions/browser_extensions.rb:5:in `bot?'
            app/controllers/application_controller.rb:236:in `request_stats'
            app/controllers/application_controller.rb:223:in `catch_errors_and_log_request_stats'
            test/session_extensions.rb:93:in `get'
            test/session_extensions.rb:70:in `process_with_error_checking'
            test/session_extensions.rb:91:in `get'
            test/integration/curator_test.rb:137:in `test_herbarium_record_search'

[0m[1000D[K[31mERROR[0m["test_herbarium_change_code", #<Minitest::Reporters::Suite:0x000000000f8f2a00 @name="CuratorTest">, 113.73361686700002]
 test_herbarium_change_code#CuratorTest (113.73s)
Minitest::UnexpectedError:         NoMethodError: undefined method `device' for #<Browser::Bot:0x000000000f8a2280>
            app/extensions/browser_extensions.rb:5:in `bot?'
            app/controllers/application_controller.rb:236:in `request_stats'
            app/controllers/application_controller.rb:223:in `catch_errors_and_log_request_stats'
            test/session_extensions.rb:93:in `get'
            test/session_extensions.rb:70:in `process_with_error_checking'
            test/session_extensions.rb:91:in `get'
            test/integration_extensions.rb:15:in `login'
            test/integration_extensions.rb:26:in `login!'
            test/integration/curator_test.rb:151:in `test_herbarium_change_code'

[0m[1000D[K[31mERROR[0m["test_herbarium_index_from_create_herbarium_record", #<Minitest::Reporters::Suite:0x000000000f938ff0 @name="CuratorTest">, 113.74471998000001]
 test_herbarium_index_from_create_herbarium_record#CuratorTest (113.74s)
Minitest::UnexpectedError:         NoMethodError: undefined method `device' for #<Browser::Bot:0x000000000f92f220>
            app/extensions/browser_extensions.rb:5:in `bot?'
            app/controllers/application_controller.rb:236:in `request_stats'
            app/controllers/application_controller.rb:223:in `catch_errors_and_log_request_stats'
            test/session_extensions.rb:93:in `get'
            test/session_extensions.rb:70:in `process_with_error_checking'
            test/session_extensions.rb:91:in `get'
            test/integration_extensions.rb:15:in `login'
            test/integration_extensions.rb:26:in `login!'
            test/integration/curator_test.rb:109:in `test_herbarium_index_from_create_herbarium_record'

[32m=[0m[0m[1000D[K[31mERROR[0m["test_multiple_herbarium_search", #<Minitest::Reporters::Suite:0x000000000f987380 @name="CuratorTest">, 113.75408712199999]
 test_multiple_herbarium_search#CuratorTest (113.75s)
Minitest::UnexpectedError:         NoMethodError: undefined method `device' for #<Browser::Bot:0x000000000f9684d0>
            app/extensions/browser_extensions.rb:5:in `bot?'
            app/controllers/application_controller.rb:236:in `request_stats'
            app/controllers/application_controller.rb:223:in `catch_errors_and_log_request_stats'
            test/session_extensions.rb:93:in `get'
            test/session_extensions.rb:70:in `process_with_error_checking'
            test/session_extensions.rb:91:in `get'
            test/integration/curator_test.rb:127:in `test_multiple_herbarium_search'

[0m[1000D[K[31mERROR[0m["test_edit_herbarium_record_from_index", #<Minitest::Reporters::Suite:0x000000000f9c4528 @name="CuratorTest">, 113.76078559000001]
 test_edit_herbarium_record_from_index#CuratorTest (113.76s)
Minitest::UnexpectedError:         NoMethodError: undefined method `device' for #<Browser::Bot:0x000000000f9b57f8>
            app/extensions/browser_extensions.rb:5:in `bot?'
            app/controllers/application_controller.rb:236:in `request_stats'
            app/controllers/application_controller.rb:223:in `catch_errors_and_log_request_stats'
            test/session_extensions.rb:93:in `get'
            test/session_extensions.rb:70:in `process_with_error_checking'
            test/session_extensions.rb:91:in `get'
            test/integration_extensions.rb:15:in `login'
            test/integration_extensions.rb:26:in `login!'
            test/integration/curator_test.rb:81:in `test_edit_herbarium_record_from_index'

[0m[1000D[K[31mERROR[0m["test_herbarium_create", #<Minitest::Reporters::Suite:0x000000000facd050 @name="CuratorTest">, 113.77593571099999]
 test_herbarium_create#CuratorTest (113.78s)
Minitest::UnexpectedError:         NoMethodError: undefined method `device' for #<Browser::Bot:0x000000000fa3f318>
            app/extensions/browser_extensions.rb:5:in `bot?'
            app/controllers/application_controller.rb:236:in `request_stats'
            app/controllers/application_controller.rb:223:in `catch_errors_and_log_request_stats'
            test/session_extensions.rb:93:in `get'
            test/session_extensions.rb:70:in `process_with_error_checking'
            test/session_extensions.rb:91:in `get'
            test/integration_extensions.rb:15:in `login'
            test/integration_extensions.rb:26:in `login!'
            test/integration/curator_test.rb:166:in `test_herbarium_create'

[0m[1000D[K[31mERROR[0m["test_single_herbarium_search", #<Minitest::Reporters::Suite:0x000000000fbdb910 @name="CuratorTest">, 113.78412548700004]
 test_single_herbarium_search#CuratorTest (113.78s)
Minitest::UnexpectedError:         NoMethodError: undefined method `device' for #<Browser::Bot:0x000000000fb5ae78>
            app/extensions/browser_extensions.rb:5:in `bot?'
            app/controllers/application_controller.rb:236:in `request_stats'
            app/controllers/application_controller.rb:223:in `catch_errors_and_log_request_stats'
            test/session_extensions.rb:93:in `get'
            test/session_extensions.rb:70:in `process_with_error_checking'
            test/session_extensions.rb:91:in `get'
            test/integration/curator_test.rb:117:in `test_single_herbarium_search'

[0m[1000D[K[31mERROR[0m["test_add_mugshot", #<Minitest::Reporters::Suite:0x0000000010385a80 @name="AccountControllerTest">, 114.09882006100003]
 test_add_mugshot#AccountControllerTest (114.10s)
Minitest::UnexpectedError:         Errno::ENOENT: No such file or directory @ rb_sysopen - | /usr/bin/file --mime /tmp/RackMultipart20200412-3142-3bm0pq.jpg
            app/models/image.rb:567:in `read'
            app/models/image.rb:567:in `validate_image_type'
            app/models/image.rb:538:in `validate_upload'
            app/models/image.rb:972:in `check_requirements'
            app/controllers/account_controller.rb:428:in `profile'
            app/controllers/application_controller.rb:224:in `catch_errors_and_log_request_stats'
            test/functional_test_case.rb:30:in `post'
            test/controller_extensions.rb:125:in `post_with_dump'
            test/controllers/account_controller_test.rb:565:in `block in test_add_mugshot'
            test/controllers/account_controller_test.rb:563:in `test_add_mugshot'

[32m=[0m[32m=[0m[0m[1000D[K[31mERROR[0m["test_edit_profile", #<Minitest::Reporters::Suite:0x00000000104b6a80 @name="AccountControllerTest">, 114.16018661100003]
 test_edit_profile#AccountControllerTest (114.16s)
Minitest::UnexpectedError:         ActionView::Template::Error: wrong number of arguments (given 1, expected 0)
            app/views/layouts/application.html.erb:66:in `_app_views_layouts_application_html_erb__39940670809711777_59906580'
            app/controllers/application_controller.rb:224:in `catch_errors_and_log_request_stats'
            test/functional_test_case.rb:24:in `get'
            test/controller_extensions.rb:112:in `get_with_dump'
            test/controller_extensions.rb:469:in `assert_request'
            test/controller_extensions.rb:213:in `either_requires_either'
            test/controller_extensions.rb:135:in `requires_login'
            test/controllers/account_controller_test.rb:515:in `test_edit_profile'

[0m[1000D[K[31mERROR[0m["test_email_new_password", #<Minitest::Reporters::Suite:0x00000000105598c0 @name="AccountControllerTest">, 114.19375676300001]
 test_email_new_password#AccountControllerTest (114.19s)
Minitest::UnexpectedError:         ActionView::Template::Error: wrong number of arguments (given 1, expected 0)
            app/views/layouts/application.html.erb:66:in `_app_views_layouts_application_html_erb__39940670809711777_59906580'
            app/controllers/application_controller.rb:224:in `catch_errors_and_log_request_stats'
            test/functional_test_case.rb:24:in `get'
            test/controllers/account_controller_test.rb:177:in `test_email_new_password'

[0m[1000D[K[31mERROR[0m["test_verify_after_api_create", #<Minitest::Reporters::Suite:0x00000000107fc4b0 @name="AccountControllerTest">, 114.28664687700001]
 test_verify_after_api_create#AccountControllerTest (114.29s)
Minitest::UnexpectedError:         ActionView::Template::Error: wrong number of arguments (given 1, expected 0)
            app/views/layouts/application.html.erb:66:in `_app_views_layouts_application_html_erb__39940670809711777_59906580'
            app/controllers/account_controller.rb:98:in `verify'
            app/controllers/application_controller.rb:224:in `catch_errors_and_log_request_stats'
            test/functional_test_case.rb:24:in `get'
            test/controllers/account_controller_test.rb:266:in `test_verify_after_api_create'

[0m[1000D[K[31mERROR[0m["test_normal_verify", #<Minitest::Reporters::Suite:0x0000000010a45938 @name="AccountControllerTest">, 114.334507911]
 test_normal_verify#AccountControllerTest (114.33s)
Minitest::UnexpectedError:         ActionView::Template::Error: wrong number of arguments (given 1, expected 0)
            app/views/layouts/application.html.erb:66:in `_app_views_layouts_application_html_erb__39940670809711777_59906580'
            app/controllers/account_controller.rb:98:in `verify'
            app/controllers/application_controller.rb:224:in `catch_errors_and_log_request_stats'
            test/functional_test_case.rb:24:in `get'
            test/controllers/account_controller_test.rb:239:in `test_normal_verify'

[0m[1000D[K[31mERROR[0m["test_edit_prefs", #<Minitest::Reporters::Suite:0x000000000bbdaed8 @name="AccountControllerTest">, 114.55860039500004]
 test_edit_prefs#AccountControllerTest (114.56s)
Minitest::UnexpectedError:         ActionView::Template::Error: wrong number of arguments (given 1, expected 0)
            app/views/layouts/application.html.erb:66:in `_app_views_layouts_application_html_erb__39940670809711777_59906580'
            app/controllers/application_controller.rb:224:in `catch_errors_and_log_request_stats'
            test/functional_test_case.rb:24:in `get'
            test/controller_extensions.rb:112:in `get_with_dump'
            test/controller_extensions.rb:469:in `assert_request'
            test/controller_extensions.rb:213:in `either_requires_either'
            test/controller_extensions.rb:135:in `requires_login'
            test/controllers/account_controller_test.rb:339:in `test_edit_prefs'

[0m[1000D[K[31mERROR[0m["test_edit_api_key", #<Minitest::Reporters::Suite:0x000000000c7ad800 @name="AccountControllerTest">, 114.64725908100002]
 test_edit_api_key#AccountControllerTest (114.65s)
Minitest::UnexpectedError:         ActionView::Template::Error: wrong number of arguments (given 1, expected 0)
            app/views/layouts/application.html.erb:66:in `_app_views_layouts_application_html_erb__39940670809711777_59906580'
            app/controllers/application_controller.rb:224:in `catch_errors_and_log_request_stats'
            test/functional_test_case.rb:24:in `get'
            test/controllers/account_controller_test.rb:712:in `test_edit_api_key'

[0m[1000D[K[31mERROR[0m["test_no_email_hooks", #<Minitest::Reporters::Suite:0x000000000cad96f0 @name="AccountControllerTest">, 114.74145846600004]
 test_no_email_hooks#AccountControllerTest (114.74s)
Minitest::UnexpectedError:         ActionView::Template::Error: wrong number of arguments (given 1, expected 0)
            app/views/layouts/application.html.erb:66:in `_app_views_layouts_application_html_erb__39940670809711777_59906580'
            app/controllers/account_controller.rb:566:in `no_email'
            app/controllers/account_controller.rb:475:in `no_email_comments_owner'
            app/controllers/application_controller.rb:224:in `catch_errors_and_log_request_stats'
            test/functional_test_case.rb:24:in `get'
            test/controller_extensions.rb:112:in `get_with_dump'
            test/controller_extensions.rb:469:in `assert_request'
            test/controllers/account_controller_test.rb:597:in `block in test_no_email_hooks'
            test/controllers/account_controller_test.rb:596:in `each'
            test/controllers/account_controller_test.rb:596:in `test_no_email_hooks'

[0m[1000D[K[31mERROR[0m["test_api_key_manager", #<Minitest::Reporters::Suite:0x000000000e4eb750 @name="AccountControllerTest">, 114.80173625200001]
 test_api_key_manager#AccountControllerTest (114.80s)
Minitest::UnexpectedError:         ActionView::Template::Error: wrong number of arguments (given 1, expected 0)
            app/views/layouts/application.html.erb:66:in `_app_views_layouts_application_html_erb__39940670809711777_59906580'
            app/controllers/application_controller.rb:224:in `catch_errors_and_log_request_stats'
            test/functional_test_case.rb:24:in `get'
            test/controller_extensions.rb:112:in `get_with_dump'
            test/controller_extensions.rb:469:in `assert_request'
            test/controller_extensions.rb:213:in `either_requires_either'
            test/controller_extensions.rb:135:in `requires_login'
            test/controllers/account_controller_test.rb:613:in `test_api_key_manager'

[32m=[0m[0m[1000D[K[31mERROR[0m["test_blocked_ips", #<Minitest::Reporters::Suite:0x000000000e558300 @name="AccountControllerTest">, 114.895910098]
 test_blocked_ips#AccountControllerTest (114.90s)
Minitest::UnexpectedError:         ActionView::Template::Error: wrong number of arguments (given 1, expected 0)
            app/views/layouts/application.html.erb:66:in `_app_views_layouts_application_html_erb__39940670809711777_59906580'
            app/controllers/application_controller.rb:224:in `catch_errors_and_log_request_stats'
            test/functional_test_case.rb:24:in `get'
            test/controllers/account_controller_test.rb:776:in `test_blocked_ips'

[0m[1000D[K[31mERROR[0m["test_invalid_login", #<Minitest::Reporters::Suite:0x000000000b854ea8 @name="AccountControllerTest">, 114.93776039300002]
 test_invalid_login#AccountControllerTest (114.94s)
Minitest::UnexpectedError:         ActionView::Template::Error: wrong number of arguments (given 1, expected 0)
            app/views/layouts/application.html.erb:66:in `_app_views_layouts_application_html_erb__39940670809711777_59906580'
            app/controllers/application_controller.rb:224:in `catch_errors_and_log_request_stats'
            test/functional_test_case.rb:30:in `post'
            test/controllers/account_controller_test.rb:154:in `test_invalid_login'

[0m[1000D[K[31mERROR[0m["test_autologin", #<Minitest::Reporters::Suite:0x000000000e509ca0 @name="AccountControllerTest">, 115.02459519199999]
 test_autologin#AccountControllerTest (115.02s)
Minitest::UnexpectedError:         ActionView::Template::Error: wrong number of arguments (given 1, expected 0)
            app/views/layouts/application.html.erb:66:in `_app_views_layouts_application_html_erb__39940670809711777_59906580'
            app/controllers/application_controller.rb:224:in `catch_errors_and_log_request_stats'
            test/functional_test_case.rb:24:in `get'
            test/controllers/account_controller_test.rb:225:in `test_autologin'

[0m[1000D[K[31mERROR[0m["test_bad_signup", #<Minitest::Reporters::Suite:0x000000000dce6b68 @name="AccountControllerTest">, 115.06950808900001]
 test_bad_signup#AccountControllerTest (115.07s)
Minitest::UnexpectedError:         ActionView::Template::Error: wrong number of arguments (given 1, expected 0)
            app/views/layouts/application.html.erb:66:in `_app_views_layouts_application_html_erb__39940670809711777_59906580'
            app/controllers/application_controller.rb:224:in `catch_errors_and_log_request_stats'
            test/functional_test_case.rb:30:in `post'
            test/controllers/account_controller_test.rb:68:in `test_bad_signup'

[0m[1000D[K[31mERROR[0m["test_activate_api_key", #<Minitest::Reporters::Suite:0x000000000bfd4ca0 @name="AccountControllerTest">, 115.17904451300001]
 test_activate_api_key#AccountControllerTest (115.18s)
Minitest::UnexpectedError:         ActionView::Template::Error: wrong number of arguments (given 1, expected 0)
            app/views/layouts/application.html.erb:66:in `_app_views_layouts_application_html_erb__39940670809711777_59906580'
            app/controllers/application_controller.rb:224:in `catch_errors_and_log_request_stats'
            test/functional_test_case.rb:24:in `get'
            test/controllers/account_controller_test.rb:683:in `test_activate_api_key'

[32m=[0m[32m=[0m[0m[1000D[K[31mERROR[0m["test_advanced_search_filters", #<Minitest::Reporters::Suite:0x0000000010495380 @name="FilterTest">, 115.911425097]
 test_advanced_search_filters#FilterTest (115.91s)
Minitest::UnexpectedError:         NoMethodError: undefined method `device' for #<Browser::Bot:0x0000000010483db0>
            app/extensions/browser_extensions.rb:5:in `bot?'
            app/controllers/application_controller.rb:236:in `request_stats'
            app/controllers/application_controller.rb:223:in `catch_errors_and_log_request_stats'
            test/integration/filter_test.rb:134:in `test_advanced_search_filters'

[0m[1000D[K[31mERROR[0m["test_user_content_filter", #<Minitest::Reporters::Suite:0x00000000104f1f68 @name="FilterTest">, 115.92274540200003]
 test_user_content_filter#FilterTest (115.92s)
Minitest::UnexpectedError:         NoMethodError: undefined method `device' for #<Browser::Bot:0x00000000104d3d88>
            app/extensions/browser_extensions.rb:5:in `bot?'
            app/controllers/application_controller.rb:236:in `request_stats'
            app/controllers/application_controller.rb:223:in `catch_errors_and_log_request_stats'
            test/integration/filter_test.rb:16:in `test_user_content_filter'

[0m[1000D[K[31mERROR[0m["test_color_themes", #<Minitest::Reporters::Suite:0x00000000105ec6c0 @name="ThemeControllerTest">, 115.978628792]
 test_color_themes#ThemeControllerTest (115.98s)
Minitest::UnexpectedError:         ActionView::Template::Error: wrong number of arguments (given 1, expected 0)
            app/views/layouts/application.html.erb:66:in `_app_views_layouts_application_html_erb__39940670809711777_59906580'
            app/controllers/application_controller.rb:224:in `catch_errors_and_log_request_stats'
            test/functional_test_case.rb:24:in `get'
            test/controllers/theme_controller_test.rb:7:in `test_color_themes'

[0m[1000D[K[31mERROR[0m["test_individual_themes", #<Minitest::Reporters::Suite:0x000000001072bf18 @name="ThemeControllerTest">, 116.153763933]
 test_individual_themes#ThemeControllerTest (116.15s)
Minitest::UnexpectedError:         ActionView::Template::Error: wrong number of arguments (given 1, expected 0)
            app/views/layouts/application.html.erb:66:in `_app_views_layouts_application_html_erb__39940670809711777_59906580'
            app/controllers/application_controller.rb:224:in `catch_errors_and_log_request_stats'
            test/functional_test_case.rb:24:in `get'
            test/controllers/theme_controller_test.rb:13:in `block in test_individual_themes'
            test/controllers/theme_controller_test.rb:12:in `each'
            test/controllers/theme_controller_test.rb:12:in `test_individual_themes'

[0m[1000D[K[31mERROR[0m["test_should_get_privacy", #<Minitest::Reporters::Suite:0x00000000107c9830 @name="PolicyControllerTest">, 116.170393472]
 test_should_get_privacy#PolicyControllerTest (116.17s)
Minitest::UnexpectedError:         NoMethodError: undefined method `device' for #<Browser::Bot:0x00000000107ae058>
            app/extensions/browser_extensions.rb:5:in `bot?'
            app/controllers/application_controller.rb:236:in `request_stats'
            app/controllers/application_controller.rb:223:in `catch_errors_and_log_request_stats'
            test/controllers/policy_controller_test.rb:5:in `block in <class:PolicyControllerTest>'

[0m[1000D[K[31mERROR[0m["test_locations_by_user", #<Minitest::Reporters::Suite:0x0000000010aa1a80 @name="LocationControllerTest">, 116.22580539200004]
 test_locations_by_user#LocationControllerTest (116.23s)
Minitest::UnexpectedError:         ActionView::Template::Error: undefined method `safe_join' for "":ActiveSupport::SafeBuffer
        Did you mean?  safe_concat
            app/helpers/pagination_helper.rb:118:in `block (2 levels) in pagination_numbers'
            app/helpers/pagination_helper.rb:117:in `block in pagination_numbers'
            app/helpers/pagination_helper.rb:116:in `pagination_numbers'
            app/helpers/pagination_helper.rb:15:in `paginate_block'
            app/views/location/list_locations.html.erb:30:in `_app_views_location_list_locations_html_erb__1036380760256741520_139192740'
            app/controllers/application_controller.rb:1498:in `show_index_of_objects'
            app/controllers/location_controller.rb:180:in `show_selected_locations'
            app/controllers/location_controller.rb:86:in `locations_by_user'
            app/controllers/application_controller.rb:224:in `catch_errors_and_log_request_stats'
            test/functional_test_case.rb:24:in `get'
            test/controller_extensions.rb:112:in `get_with_dump'
            test/controllers/location_controller_test.rb:193:in `test_locations_by_user'

[32m=[0m[0m[1000D[K[31mERROR[0m["test_locations_by_editor", #<Minitest::Reporters::Suite:0x000000000c645058 @name="LocationControllerTest">, 116.39178288700003]
 test_locations_by_editor#LocationControllerTest (116.39s)
Minitest::UnexpectedError:         ActionView::Template::Error: wrong number of arguments (given 1, expected 0)
            app/views/layouts/application.html.erb:66:in `_app_views_layouts_application_html_erb__39940670809711777_59906580'
            app/controllers/application_controller.rb:1498:in `show_index_of_objects'
            app/controllers/location_controller.rb:180:in `show_selected_locations'
            app/controllers/location_controller.rb:96:in `locations_by_editor'
            app/controllers/application_controller.rb:224:in `catch_errors_and_log_request_stats'
            test/functional_test_case.rb:24:in `get'
            test/controller_extensions.rb:112:in `get_with_dump'
            test/controllers/location_controller_test.rb:198:in `test_locations_by_editor'

[0m[1000D[K[31mERROR[0m["test_edit_location_description", #<Minitest::Reporters::Suite:0x000000000c32ba98 @name="LocationControllerTest">, 116.50986594700004]
 test_edit_location_description#LocationControllerTest (116.51s)
Minitest::UnexpectedError:         ActionView::Template::Error: wrong number of arguments (given 1, expected 0)
            app/views/layouts/application.html.erb:66:in `_app_views_layouts_application_html_erb__39940670809711777_59906580'
            app/controllers/application_controller.rb:224:in `catch_errors_and_log_request_stats'
            test/functional_test_case.rb:24:in `get'
            test/controller_extensions.rb:112:in `get_with_dump'
            test/controller_extensions.rb:469:in `assert_request'
            test/controller_extensions.rb:213:in `either_requires_either'
            test/controller_extensions.rb:135:in `requires_login'
            test/controllers/location_controller_test.rb:313:in `test_edit_location_description'

[0m[1000D[K[31mERROR[0m["test_show_past_location", #<Minitest::Reporters::Suite:0x000000000e587268 @name="LocationControllerTest">, 116.57040810500001]
 test_show_past_location#LocationControllerTest (116.57s)
Minitest::UnexpectedError:         ActionView::Template::Error: wrong number of arguments (given 1, expected 0)
            app/views/layouts/application.html.erb:66:in `_app_views_layouts_application_html_erb__39940670809711777_59906580'
            app/controllers/application_controller.rb:224:in `catch_errors_and_log_request_stats'
            test/functional_test_case.rb:24:in `get'
            test/controller_extensions.rb:112:in `get_with_dump'
            test/controllers/location_controller_test.rb:97:in `test_show_past_location'

[0m[1000D[K[31mERROR[0m["test_list_location_descriptions", #<Minitest::Reporters::Suite:0x000000000b94c4f0 @name="LocationControllerTest">, 116.63006568000003]
 test_list_location_descriptions#LocationControllerTest (116.63s)
Minitest::UnexpectedError:         ActionView::Template::Error: undefined method `safe_join' for "":ActiveSupport::SafeBuffer
        Did you mean?  safe_concat
            app/helpers/pagination_helper.rb:118:in `block (2 levels) in pagination_numbers'
            app/helpers/pagination_helper.rb:117:in `block in pagination_numbers'
            app/helpers/pagination_helper.rb:116:in `pagination_numbers'
            app/helpers/pagination_helper.rb:15:in `paginate_block'
            app/views/location/list_location_descriptions.html.erb:12:in `_app_views_location_list_location_descriptions_html_erb__873872294106021049_102544320'
            app/controllers/application_controller.rb:1498:in `show_index_of_objects'
            app/controllers/location_controller.rb:334:in `show_selected_location_descriptions'
            app/controllers/location_controller.rb:292:in `list_location_descriptions'
            app/controllers/application_controller.rb:224:in `catch_errors_and_log_request_stats'
            test/functional_test_case.rb:24:in `get'
            test/controller_extensions.rb:112:in `get_with_dump'
            test/controllers/location_controller_test.rb:209:in `test_list_location_descriptions'

[0m[1000D[K[31mERROR[0m["test_construct_location_errors", #<Minitest::Reporters::Suite:0x000000000d03e9b0 @name="LocationControllerTest">, 116.7202949]
 test_construct_location_errors#LocationControllerTest (116.72s)
Minitest::UnexpectedError:         ActionView::Template::Error: wrong number of arguments (given 1, expected 0)
            app/views/layouts/application.html.erb:66:in `_app_views_layouts_application_html_erb__39940670809711777_59906580'
            app/controllers/application_controller.rb:224:in `catch_errors_and_log_request_stats'
            test/functional_test_case.rb:30:in `post'
            test/controller_extensions.rb:125:in `post_with_dump'
            test/controller_extensions.rb:469:in `assert_request'
            test/controller_extensions.rb:213:in `either_requires_either'
            test/controller_extensions.rb:144:in `post_requires_login'
            test/controllers/location_controller_test.rb:51:in `location_error'
            test/controllers/location_controller_test.rb:61:in `construct_location_error'
            test/controllers/location_controller_test.rb:408:in `test_construct_location_errors'

[0m[1000D[K[31mERROR[0m["test_update_location_errors", #<Minitest::Reporters::Suite:0x000000000dd8d508 @name="LocationControllerTest">, 116.83621414999999]
 test_update_location_errors#LocationControllerTest (116.84s)
Minitest::UnexpectedError:         ActionView::Template::Error: wrong number of arguments (given 1, expected 0)
            app/views/layouts/application.html.erb:66:in `_app_views_layouts_application_html_erb__39940670809711777_59906580'
            app/controllers/application_controller.rb:224:in `catch_errors_and_log_request_stats'
            test/functional_test_case.rb:30:in `post'
            test/controller_extensions.rb:125:in `post_with_dump'
            test/controller_extensions.rb:469:in `assert_request'
            test/controller_extensions.rb:213:in `either_requires_either'
            test/controller_extensions.rb:144:in `post_requires_login'
            test/controllers/location_controller_test.rb:51:in `location_error'
            test/controllers/location_controller_test.rb:66:in `update_location_error'
            test/controllers/location_controller_test.rb:523:in `test_update_location_errors'

[0m[1000D[K[31mERROR[0m["test_list_by_country_with_quote", #<Minitest::Reporters::Suite:0x000000000d08e898 @name="LocationControllerTest">, 116.86505463700001]
 test_list_by_country_with_quote#LocationControllerTest (116.87s)
Minitest::UnexpectedError:         ActionView::Template::Error: wrong number of arguments (given 1, expected 0)
            app/views/layouts/application.html.erb:66:in `_app_views_layouts_application_html_erb__39940670809711777_59906580'
            app/controllers/application_controller.rb:1498:in `show_index_of_objects'
            app/controllers/location_controller.rb:180:in `show_selected_locations'
            app/controllers/location_controller.rb:71:in `list_by_country'
            app/controllers/application_controller.rb:224:in `catch_errors_and_log_request_stats'
            test/functional_test_case.rb:24:in `get'
            test/controller_extensions.rb:112:in `get_with_dump'
            test/controllers/location_controller_test.rb:148:in `test_list_by_country_with_quote'

[0m[1000D[K[31mERROR[0m["test_edit_location", #<Minitest::Reporters::Suite:0x000000000d3b0e90 @name="LocationControllerTest">, 116.93088404899999]
 test_edit_location#LocationControllerTest (116.93s)
Minitest::UnexpectedError:         ActionView::Template::Error: wrong number of arguments (given 1, expected 0)
            app/views/layouts/application.html.erb:66:in `_app_views_layouts_application_html_erb__39940670809711777_59906580'
            app/controllers/application_controller.rb:224:in `catch_errors_and_log_request_stats'
            test/functional_test_case.rb:24:in `get'
            test/controller_extensions.rb:112:in `get_with_dump'
            test/controller_extensions.rb:469:in `assert_request'
            test/controller_extensions.rb:213:in `either_requires_either'
            test/controller_extensions.rb:135:in `requires_login'
            test/controllers/location_controller_test.rb:453:in `test_edit_location'

[0m[1000D[K[31mERROR[0m["test_show_location_description", #<Minitest::Reporters::Suite:0x000000000d0f4e90 @name="LocationControllerTest">, 117.01142942400003]
 test_show_location_description#LocationControllerTest (117.01s)
Minitest::UnexpectedError:         ActionView::Template::Error: wrong number of arguments (given 1, expected 0)
            app/views/layouts/application.html.erb:66:in `_app_views_layouts_application_html_erb__39940670809711777_59906580'
            app/controllers/application_controller.rb:224:in `catch_errors_and_log_request_stats'
            test/functional_test_case.rb:24:in `get'
            test/controller_extensions.rb:112:in `get_with_dump'
            test/controllers/location_controller_test.rb:230:in `test_show_location_description'

[0m[1000D[K[31mERROR[0m["test_update_location_screwy_names", #<Minitest::Reporters::Suite:0x000000000ce110e8 @name="LocationControllerTest">, 117.05089700100001]
 test_update_location_screwy_names#LocationControllerTest (117.05s)
Minitest::UnexpectedError:         ActionView::Template::Error: wrong number of arguments (given 1, expected 0)
            app/views/layouts/application.html.erb:66:in `_app_views_layouts_application_html_erb__39940670809711777_59906580'
            app/controllers/application_controller.rb:224:in `catch_errors_and_log_request_stats'
            test/functional_test_case.rb:30:in `post'
            test/controllers/location_controller_test.rb:539:in `test_update_location_screwy_names'

[0m[1000D[K[31mERROR[0m["test_construct_location_empty_form", #<Minitest::Reporters::Suite:0x000000000d924638 @name="LocationControllerTest">, 117.09324064000003]
 test_construct_location_empty_form#LocationControllerTest (117.09s)
Minitest::UnexpectedError:         ActionView::Template::Error: wrong number of arguments (given 1, expected 0)
            app/views/layouts/application.html.erb:66:in `_app_views_layouts_application_html_erb__39940670809711777_59906580'
            app/controllers/application_controller.rb:224:in `catch_errors_and_log_request_stats'
            test/functional_test_case.rb:30:in `post'
            test/controllers/location_controller_test.rb:351:in `test_construct_location_empty_form'

[0m[1000D[K[31mERROR[0m["test_construct_location_name_errors", #<Minitest::Reporters::Suite:0x000000000e1f61a8 @name="LocationControllerTest">, 117.15058606500003]
 test_construct_location_name_errors#LocationControllerTest (117.15s)
Minitest::UnexpectedError:         ActionView::Template::Error: wrong number of arguments (given 1, expected 0)
            app/views/layouts/application.html.erb:66:in `_app_views_layouts_application_html_erb__39940670809711777_59906580'
            app/controllers/application_controller.rb:224:in `catch_errors_and_log_request_stats'
            test/functional_test_case.rb:30:in `post'
            test/controller_extensions.rb:125:in `post_with_dump'
            test/controller_extensions.rb:469:in `assert_request'
            test/controller_extensions.rb:213:in `either_requires_either'
            test/controller_extensions.rb:144:in `post_requires_login'
            test/controllers/location_controller_test.rb:51:in `location_error'
            test/controllers/location_controller_test.rb:61:in `construct_location_error'
            test/controllers/location_controller_test.rb:385:in `test_construct_location_name_errors'

[32m=[0m[0m[1000D[K[31mERROR[0m["test_map_locations", #<Minitest::Reporters::Suite:0x000000000eec4088 @name="LocationControllerTest">, 117.28510570000003]
 test_map_locations#LocationControllerTest (117.29s)
Minitest::UnexpectedError:         ActionView::Template::Error: wrong number of arguments (given 1, expected 0)
            app/views/layouts/application.html.erb:66:in `_app_views_layouts_application_html_erb__39940670809711777_59906580'
            app/controllers/application_controller.rb:224:in `catch_errors_and_log_request_stats'
            test/functional_test_case.rb:24:in `get'
            test/controller_extensions.rb:112:in `get_with_dump'
            test/controllers/location_controller_test.rb:744:in `test_map_locations'

[0m[1000D[K[31mERROR[0m["test_show_past_location_description", #<Minitest::Reporters::Suite:0x000000000f314a70 @name="LocationControllerTest">, 117.389333647]
 test_show_past_location_description#LocationControllerTest (117.39s)
Minitest::UnexpectedError:         ActionView::Template::Error: wrong number of arguments (given 1, expected 0)
            app/views/layouts/application.html.erb:66:in `_app_views_layouts_application_html_erb__39940670809711777_59906580'
            app/controllers/application_controller.rb:224:in `catch_errors_and_log_request_stats'
            test/functional_test_case.rb:24:in `get'
            test/controller_extensions.rb:112:in `get_with_dump'
            test/controllers/location_controller_test.rb:266:in `test_show_past_location_description'

[0m[1000D[K[31mERROR[0m["test_list_by_country", #<Minitest::Reporters::Suite:0x000000000f3fe260 @name="LocationControllerTest">, 117.419946584]
 test_list_by_country#LocationControllerTest (117.42s)
Minitest::UnexpectedError:         ActionView::Template::Error: undefined method `safe_join' for "":ActiveSupport::SafeBuffer
        Did you mean?  safe_concat
            app/helpers/pagination_helper.rb:118:in `block (2 levels) in pagination_numbers'
            app/helpers/pagination_helper.rb:117:in `block in pagination_numbers'
            app/helpers/pagination_helper.rb:116:in `pagination_numbers'
            app/helpers/pagination_helper.rb:15:in `paginate_block'
            app/views/location/list_locations.html.erb:30:in `_app_views_location_list_locations_html_erb__1036380760256741520_139192740'
            app/controllers/application_controller.rb:1498:in `show_index_of_objects'
            app/controllers/location_controller.rb:180:in `show_selected_locations'
            app/controllers/location_controller.rb:71:in `list_by_country'
            app/controllers/application_controller.rb:224:in `catch_errors_and_log_request_stats'
            test/functional_test_case.rb:24:in `get'
            test/controller_extensions.rb:112:in `get_with_dump'
            test/controllers/location_controller_test.rb:143:in `test_list_by_country'

[0m[1000D[K[31mERROR[0m["test_list_by_country_regexp_ok", #<Minitest::Reporters::Suite:0x000000000f4d08f0 @name="LocationControllerTest">, 117.45662639]
 test_list_by_country_regexp_ok#LocationControllerTest (117.46s)
Minitest::UnexpectedError:         ActionView::Template::Error: undefined method `safe_join' for "":ActiveSupport::SafeBuffer
        Did you mean?  safe_concat
            app/helpers/pagination_helper.rb:118:in `block (2 levels) in pagination_numbers'
            app/helpers/pagination_helper.rb:117:in `block in pagination_numbers'
            app/helpers/pagination_helper.rb:116:in `pagination_numbers'
            app/helpers/pagination_helper.rb:15:in `paginate_block'
            app/views/location/list_locations.html.erb:30:in `_app_views_location_list_locations_html_erb__1036380760256741520_139192740'
            app/controllers/application_controller.rb:1498:in `show_index_of_objects'
            app/controllers/location_controller.rb:180:in `show_selected_locations'
            app/controllers/location_controller.rb:71:in `list_by_country'
            app/controllers/application_controller.rb:224:in `catch_errors_and_log_request_stats'
            test/functional_test_case.rb:24:in `get'
            test/controllers/location_controller_test.rb:155:in `test_list_by_country_regexp_ok'

[0m[1000D[K[31mERROR[0m["test_location_bounding_box", #<Minitest::Reporters::Suite:0x000000000f9917b8 @name="LocationControllerTest">, 117.56401138000001]
 test_location_bounding_box#LocationControllerTest (117.56s)
Minitest::UnexpectedError:         ActionView::Template::Error: wrong number of arguments (given 1, expected 0)
            app/views/layouts/application.html.erb:66:in `_app_views_layouts_application_html_erb__39940670809711777_59906580'
            app/controllers/application_controller.rb:1498:in `show_index_of_objects'
            app/controllers/location_controller.rb:180:in `show_selected_locations'
            app/controllers/location_controller.rb:77:in `list_locations'
            app/controllers/application_controller.rb:224:in `catch_errors_and_log_request_stats'
            test/functional_test_case.rb:24:in `get'
            test/controllers/location_controller_test.rb:122:in `test_location_bounding_box'

[0m[1000D[K[31mERROR[0m["test_show_location_admin_mode", #<Minitest::Reporters::Suite:0x000000000fee5930 @name="LocationControllerTest">, 117.67901721499999]
 test_show_location_admin_mode#LocationControllerTest (117.68s)
Minitest::UnexpectedError:         ActionView::Template::Error: wrong number of arguments (given 1, expected 0)
            app/views/layouts/application.html.erb:66:in `_app_views_layouts_application_html_erb__39940670809711777_59906580'
            app/controllers/application_controller.rb:224:in `catch_errors_and_log_request_stats'
            test/functional_test_case.rb:24:in `get'
            test/controller_extensions.rb:112:in `get_with_dump'
            test/controllers/location_controller_test.rb:92:in `test_show_location_admin_mode'

[0m[1000D[K[31mERROR[0m["test_construct_location_screwy_names", #<Minitest::Reporters::Suite:0x00000000100a30d8 @name="LocationControllerTest">, 117.72525394500002]
 test_construct_location_screwy_names#LocationControllerTest (117.73s)
Minitest::UnexpectedError:         ActionView::Template::Error: wrong number of arguments (given 1, expected 0)
            app/views/layouts/application.html.erb:66:in `_app_views_layouts_application_html_erb__39940670809711777_59906580'
            app/controllers/application_controller.rb:224:in `catch_errors_and_log_request_stats'
            test/functional_test_case.rb:30:in `post'
            test/controllers/location_controller_test.rb:395:in `test_construct_location_screwy_names'

[0m[1000D[K[31mERROR[0m["test_create_location_description", #<Minitest::Reporters::Suite:0x00000000102f7ca8 @name="LocationControllerTest">, 117.8140376]
 test_create_location_description#LocationControllerTest (117.81s)
Minitest::UnexpectedError:         ActionView::Template::Error: wrong number of arguments (given 1, expected 0)
            app/views/layouts/application.html.erb:66:in `_app_views_layouts_application_html_erb__39940670809711777_59906580'
            app/controllers/application_controller.rb:224:in `catch_errors_and_log_request_stats'
            test/functional_test_case.rb:24:in `get'
            test/controller_extensions.rb:112:in `get_with_dump'
            test/controller_extensions.rb:469:in `assert_request'
            test/controller_extensions.rb:213:in `either_requires_either'
            test/controller_extensions.rb:135:in `requires_login'
            test/controllers/location_controller_test.rb:273:in `test_create_location_description'

[0m[1000D[K[31mERROR[0m["test_list_locations", #<Minitest::Reporters::Suite:0x00000000107a3f68 @name="LocationControllerTest">, 117.96580281000001]
 test_list_locations#LocationControllerTest (117.97s)
Minitest::UnexpectedError:         ActionView::Template::Error: undefined method `safe_join' for "":ActiveSupport::SafeBuffer
        Did you mean?  safe_concat
            app/helpers/pagination_helper.rb:118:in `block (2 levels) in pagination_numbers'
            app/helpers/pagination_helper.rb:117:in `block in pagination_numbers'
            app/helpers/pagination_helper.rb:116:in `pagination_numbers'
            app/helpers/pagination_helper.rb:15:in `paginate_block'
            app/views/location/list_locations.html.erb:30:in `_app_views_location_list_locations_html_erb__1036380760256741520_139192740'
            app/controllers/application_controller.rb:1498:in `show_index_of_objects'
            app/controllers/location_controller.rb:180:in `show_selected_locations'
            app/controllers/location_controller.rb:77:in `list_locations'
            app/controllers/application_controller.rb:224:in `catch_errors_and_log_request_stats'
            test/functional_test_case.rb:24:in `get'
            test/controller_extensions.rb:112:in `get_with_dump'
            test/controllers/location_controller_test.rb:109:in `test_list_locations'

[0m[1000D[K[31mERROR[0m["test_interest_in_show_location", #<Minitest::Reporters::Suite:0x000000000956af28 @name="LocationControllerTest">, 118.084314098]
 test_interest_in_show_location#LocationControllerTest (118.08s)
Minitest::UnexpectedError:         ActionView::Template::Error: wrong number of arguments (given 1, expected 0)
            app/views/layouts/application.html.erb:66:in `_app_views_layouts_application_html_erb__39940670809711777_59906580'
            app/controllers/application_controller.rb:224:in `catch_errors_and_log_request_stats'
            test/functional_test_case.rb:24:in `get'
            test/controllers/location_controller_test.rb:765:in `test_interest_in_show_location'

[0m[1000D[K[31mERROR[0m["test_update_location_name_errors", #<Minitest::Reporters::Suite:0x000000000c4f0ba8 @name="LocationControllerTest">, 118.15351979299999]
 test_update_location_name_errors#LocationControllerTest (118.15s)
Minitest::UnexpectedError:         ActionView::Template::Error: wrong number of arguments (given 1, expected 0)
            app/views/layouts/application.html.erb:66:in `_app_views_layouts_application_html_erb__39940670809711777_59906580'
            app/controllers/application_controller.rb:224:in `catch_errors_and_log_request_stats'
            test/functional_test_case.rb:30:in `post'
            test/controller_extensions.rb:125:in `post_with_dump'
            test/controller_extensions.rb:469:in `assert_request'
            test/controller_extensions.rb:213:in `either_requires_either'
            test/controller_extensions.rb:144:in `post_requires_login'
            test/controllers/location_controller_test.rb:51:in `location_error'
            test/controllers/location_controller_test.rb:66:in `update_location_error'
            test/controllers/location_controller_test.rb:530:in `test_update_location_name_errors'

[32m=[0m[32m=[0m[0m[1000D[K[31mERROR[0m["test_list_countries", #<Minitest::Reporters::Suite:0x000000000e4d6990 @name="LocationControllerTest">, 118.27113542500001]
 test_list_countries#LocationControllerTest (118.27s)
Minitest::UnexpectedError:         ActionView::Template::Error: wrong number of arguments (given 1, expected 0)
            app/views/layouts/application.html.erb:66:in `_app_views_layouts_application_html_erb__39940670809711777_59906580'
            app/controllers/application_controller.rb:224:in `catch_errors_and_log_request_stats'
            test/functional_test_case.rb:24:in `get'
            test/controller_extensions.rb:112:in `get_with_dump'
            test/controllers/location_controller_test.rb:138:in `test_list_countries'

[0m[1000D[K[31mERROR[0m["test_location_help", #<Minitest::Reporters::Suite:0x000000000c35bec8 @name="LocationControllerTest">, 118.31090323800004]
 test_location_help#LocationControllerTest (118.31s)
Minitest::UnexpectedError:         ActionView::Template::Error: wrong number of arguments (given 1, expected 0)
            app/views/layouts/application.html.erb:66:in `_app_views_layouts_application_html_erb__39940670809711777_59906580'
            app/controllers/application_controller.rb:224:in `catch_errors_and_log_request_stats'
            test/functional_test_case.rb:24:in `get'
            test/controller_extensions.rb:112:in `get_with_dump'
            test/controllers/location_controller_test.rb:72:in `test_location_help'

[0m[1000D[K[31mERROR[0m["test_create_location", #<Minitest::Reporters::Suite:0x000000000b94e548 @name="LocationControllerTest">, 118.345430868]
 test_create_location#LocationControllerTest (118.35s)
Minitest::UnexpectedError:         NoMethodError: undefined method `new' for Geocoder:Module
            app/controllers/location_controller.rb:515:in `create_location'
            app/controllers/application_controller.rb:224:in `catch_errors_and_log_request_stats'
            test/functional_test_case.rb:24:in `get'
            test/controller_extensions.rb:112:in `get_with_dump'
            test/controller_extensions.rb:469:in `assert_request'
            test/controller_extensions.rb:213:in `either_requires_either'
            test/controller_extensions.rb:135:in `requires_login'
            test/controllers/location_controller_test.rb:344:in `test_create_location'

[0m[1000D[K[31mERROR[0m["test_post_edit_location_locked", #<Minitest::Reporters::Suite:0x000000000e538668 @name="LocationControllerTest">, 118.38415563500001]
 test_post_edit_location_locked#LocationControllerTest (118.38s)
Minitest::UnexpectedError:         ActionView::Template::Error: wrong number of arguments (given 1, expected 0)
            app/views/layouts/application.html.erb:66:in `_app_views_layouts_application_html_erb__39940670809711777_59906580'
            app/controllers/application_controller.rb:224:in `catch_errors_and_log_request_stats'
            test/functional_test_case.rb:24:in `get'
            test/controllers/location_controller_test.rb:637:in `test_post_edit_location_locked'

[0m[1000D[K[31mERROR[0m["test_list_merge_options", #<Minitest::Reporters::Suite:0x000000000c421f88 @name="LocationControllerTest">, 118.465161002]
 test_list_merge_options#LocationControllerTest (118.47s)
Minitest::UnexpectedError:         ActionView::Template::Error: wrong number of arguments (given 1, expected 0)
            app/views/layouts/application.html.erb:66:in `_app_views_layouts_application_html_erb__39940670809711777_59906580'
            app/controllers/application_controller.rb:224:in `catch_errors_and_log_request_stats'
            test/functional_test_case.rb:24:in `get'
            test/controller_extensions.rb:112:in `get_with_dump'
            test/controller_extensions.rb:469:in `assert_request'
            test/controller_extensions.rb:213:in `either_requires_either'
            test/controller_extensions.rb:135:in `requires_login'
            test/controllers/location_controller_test.rb:686:in `test_list_merge_options'

[0m[1000D[K[31mERROR[0m["test_show_location", #<Minitest::Reporters::Suite:0x000000000d364fe0 @name="LocationControllerTest">, 118.55106336099999]
 test_show_location#LocationControllerTest (118.55s)
Minitest::UnexpectedError:         ActionView::Template::Error: wrong number of arguments (given 1, expected 0)
            app/views/layouts/application.html.erb:66:in `_app_views_layouts_application_html_erb__39940670809711777_59906580'
            app/controllers/application_controller.rb:224:in `catch_errors_and_log_request_stats'
            test/functional_test_case.rb:24:in `get'
            test/controller_extensions.rb:112:in `get_with_dump'
            test/controllers/location_controller_test.rb:79:in `test_show_location'

[0m[1000D[K[31mERROR[0m["test_location_descriptions_by_editor", #<Minitest::Reporters::Suite:0x000000000d085608 @name="LocationControllerTest">, 118.57815016900003]
 test_location_descriptions_by_editor#LocationControllerTest (118.58s)
Minitest::UnexpectedError:         ActionView::Template::Error: undefined method `safe_join' for "":ActiveSupport::SafeBuffer
        Did you mean?  safe_concat
            app/helpers/pagination_helper.rb:118:in `block (2 levels) in pagination_numbers'
            app/helpers/pagination_helper.rb:117:in `block in pagination_numbers'
            app/helpers/pagination_helper.rb:116:in `pagination_numbers'
            app/helpers/pagination_helper.rb:15:in `paginate_block'
            app/views/location/list_location_descriptions.html.erb:12:in `_app_views_location_list_location_descriptions_html_erb__873872294106021049_102544320'
            app/controllers/application_controller.rb:1498:in `show_index_of_objects'
            app/controllers/location_controller.rb:334:in `show_selected_location_descriptions'
            app/controllers/location_controller.rb:310:in `location_descriptions_by_editor'
            app/controllers/application_controller.rb:224:in `catch_errors_and_log_request_stats'
            test/functional_test_case.rb:24:in `get'
            test/controller_extensions.rb:112:in `get_with_dump'
            test/controllers/location_controller_test.rb:223:in `test_location_descriptions_by_editor'

[0m[1000D[K[31mERROR[0m["test_update_location_with_scientific_names", #<Minitest::Reporters::Suite:0x000000000c053f78 @name="LocationControllerTest">, 118.69133252300003]
 test_update_location_with_scientific_names#LocationControllerTest (118.69s)
Minitest::UnexpectedError:         ActionView::Template::Error: wrong number of arguments (given 1, expected 0)
            app/views/layouts/application.html.erb:66:in `_app_views_layouts_application_html_erb__39940670809711777_59906580'
            app/controllers/application_controller.rb:224:in `catch_errors_and_log_request_stats'
            test/functional_test_case.rb:24:in `get'
            test/controllers/location_controller_test.rb:556:in `test_update_location_with_scientific_names'

[32m=[0m[0m[1000D[K[31mERROR[0m["test_email_tracking_template_no_email_address_symbol", #<Minitest::Reporters::Suite:0x000000000f3703c0 @name="NameControllerSupplementalTest">, 119.05701140500003]
 test_email_tracking_template_no_email_address_symbol#NameControllerSupplementalTest (119.06s)
Minitest::UnexpectedError:         NoMethodError: undefined method `device' for #<Browser::Bot:0x000000000f35cd70>
            app/extensions/browser_extensions.rb:5:in `bot?'
            app/controllers/application_controller.rb:236:in `request_stats'
            app/controllers/application_controller.rb:223:in `catch_errors_and_log_request_stats'
            test/integration/name_controller_supplemental_test.rb:9:in `test_email_tracking_template_no_email_address_symbol'

[32m=[0m[32m=[0m[0m[1000D[K[31mERROR[0m["test_create_herbarium_record", #<Minitest::Reporters::Suite:0x00000000103e0318 @name="HerbariumRecordControllerTest">, 119.43553043899999]
 test_create_herbarium_record#HerbariumRecordControllerTest (119.44s)
Minitest::UnexpectedError:         ActionView::Template::Error: wrong number of arguments (given 1, expected 0)
            app/views/layouts/application.html.erb:66:in `_app_views_layouts_application_html_erb__39940670809711777_59906580'
            app/controllers/application_controller.rb:224:in `catch_errors_and_log_request_stats'
            test/functional_test_case.rb:24:in `get'
            test/controller_extensions.rb:112:in `get_with_dump'
            test/controllers/herbarium_record_controller_test.rb:98:in `test_create_herbarium_record'

[0m[1000D[K[31mERROR[0m["test_show_herbarium_record_with_notes", #<Minitest::Reporters::Suite:0x000000000c497a58 @name="HerbariumRecordControllerTest">, 119.749450137]
 test_show_herbarium_record_with_notes#HerbariumRecordControllerTest (119.75s)
Minitest::UnexpectedError:         ActionView::Template::Error: wrong number of arguments (given 1, expected 0)
            app/views/layouts/application.html.erb:66:in `_app_views_layouts_application_html_erb__39940670809711777_59906580'
            app/controllers/application_controller.rb:224:in `catch_errors_and_log_request_stats'
            test/functional_test_case.rb:24:in `get'
            test/controller_extensions.rb:112:in `get_with_dump'
            test/controllers/herbarium_record_controller_test.rb:75:in `test_show_herbarium_record_with_notes'

[0m[1000D[K[31mERROR[0m["test_herbarium_record_search", #<Minitest::Reporters::Suite:0x000000000c875be8 @name="HerbariumRecordControllerTest">, 119.84845686900002]
 test_herbarium_record_search#HerbariumRecordControllerTest (119.85s)
Minitest::UnexpectedError:         ActionView::Template::Error: undefined method `safe_join' for "":ActiveSupport::SafeBuffer
        Did you mean?  safe_concat
            app/helpers/pagination_helper.rb:118:in `block (2 levels) in pagination_numbers'
            app/helpers/pagination_helper.rb:117:in `block in pagination_numbers'
            app/helpers/pagination_helper.rb:116:in `pagination_numbers'
            app/helpers/pagination_helper.rb:15:in `paginate_block'
            app/views/herbarium_record/list_herbarium_records.html.erb:11:in `_app_views_herbarium_record_list_herbarium_records_html_erb___1518509989649603574_104884180'
            app/controllers/application_controller.rb:1498:in `show_index_of_objects'
            app/controllers/herbarium_record_controller.rb:159:in `show_selected_herbarium_records'
            app/controllers/herbarium_record_controller.rb:36:in `herbarium_record_search'
            app/controllers/application_controller.rb:224:in `catch_errors_and_log_request_stats'
            test/functional_test_case.rb:24:in `get'
            test/controllers/herbarium_record_controller_test.rb:43:in `test_herbarium_record_search'

[0m[1000D[K[31mERROR[0m["test_show_herbarium_record_without_notes", #<Minitest::Reporters::Suite:0x000000000c1d53b0 @name="HerbariumRecordControllerTest">, 119.97470177500003]
 test_show_herbarium_record_without_notes#HerbariumRecordControllerTest (119.97s)
Minitest::UnexpectedError:         ActionView::Template::Error: wrong number of arguments (given 1, expected 0)
            app/views/layouts/application.html.erb:66:in `_app_views_layouts_application_html_erb__39940670809711777_59906580'
            app/controllers/application_controller.rb:224:in `catch_errors_and_log_request_stats'
            test/functional_test_case.rb:24:in `get'
            test/controller_extensions.rb:112:in `get_with_dump'
            test/controllers/herbarium_record_controller_test.rb:68:in `test_show_herbarium_record_without_notes'

[32m=[0m[0m[1000D[K[31mERROR[0m["test_herbarium_index", #<Minitest::Reporters::Suite:0x000000000cc65230 @name="HerbariumRecordControllerTest">, 120.06742699099999]
 test_herbarium_index#HerbariumRecordControllerTest (120.07s)
Minitest::UnexpectedError:         ActionView::Template::Error: undefined method `safe_join' for "":ActiveSupport::SafeBuffer
        Did you mean?  safe_concat
            app/helpers/pagination_helper.rb:118:in `block (2 levels) in pagination_numbers'
            app/helpers/pagination_helper.rb:117:in `block in pagination_numbers'
            app/helpers/pagination_helper.rb:116:in `pagination_numbers'
            app/helpers/pagination_helper.rb:15:in `paginate_block'
            app/views/herbarium_record/list_herbarium_records.html.erb:11:in `_app_views_herbarium_record_list_herbarium_records_html_erb___1518509989649603574_104884180'
            app/controllers/application_controller.rb:1498:in `show_index_of_objects'
            app/controllers/herbarium_record_controller.rb:159:in `show_selected_herbarium_records'
            app/controllers/herbarium_record_controller.rb:44:in `herbarium_index'
            app/controllers/application_controller.rb:224:in `catch_errors_and_log_request_stats'
            test/functional_test_case.rb:24:in `get'
            test/controller_extensions.rb:112:in `get_with_dump'
            test/controllers/herbarium_record_controller_test.rb:17:in `test_herbarium_index'

[0m[1000D[K[31mERROR[0m["test_herbarium_with_no_herbarium_records_index", #<Minitest::Reporters::Suite:0x000000000cc16dd8 @name="HerbariumRecordControllerTest">, 120.09667170700004]
 test_herbarium_with_no_herbarium_records_index#HerbariumRecordControllerTest (120.10s)
Minitest::UnexpectedError:         ActionView::Template::Error: undefined method `safe_join' for "":ActiveSupport::SafeBuffer
        Did you mean?  safe_concat
            app/helpers/pagination_helper.rb:118:in `block (2 levels) in pagination_numbers'
            app/helpers/pagination_helper.rb:117:in `block in pagination_numbers'
            app/helpers/pagination_helper.rb:116:in `pagination_numbers'
            app/helpers/pagination_helper.rb:15:in `paginate_block'
            app/views/herbarium_record/list_herbarium_records.html.erb:11:in `_app_views_herbarium_record_list_herbarium_records_html_erb___1518509989649603574_104884180'
            app/controllers/application_controller.rb:1498:in `show_index_of_objects'
            app/controllers/herbarium_record_controller.rb:159:in `show_selected_herbarium_records'
            app/controllers/herbarium_record_controller.rb:44:in `herbarium_index'
            app/controllers/application_controller.rb:224:in `catch_errors_and_log_request_stats'
            test/functional_test_case.rb:24:in `get'
            test/controller_extensions.rb:112:in `get_with_dump'
            test/controllers/herbarium_record_controller_test.rb:22:in `test_herbarium_with_no_herbarium_records_index'

[0m[1000D[K[31mERROR[0m["test_observation_index", #<Minitest::Reporters::Suite:0x000000000d358ab0 @name="HerbariumRecordControllerTest">, 120.12825940100004]
 test_observation_index#HerbariumRecordControllerTest (120.13s)
Minitest::UnexpectedError:         ActionView::Template::Error: undefined method `safe_join' for "":ActiveSupport::SafeBuffer
        Did you mean?  safe_concat
            app/helpers/pagination_helper.rb:118:in `block (2 levels) in pagination_numbers'
            app/helpers/pagination_helper.rb:117:in `block in pagination_numbers'
            app/helpers/pagination_helper.rb:116:in `pagination_numbers'
            app/helpers/pagination_helper.rb:15:in `paginate_block'
            app/views/herbarium_record/list_herbarium_records.html.erb:11:in `_app_views_herbarium_record_list_herbarium_records_html_erb___1518509989649603574_104884180'
            app/controllers/application_controller.rb:1498:in `show_index_of_objects'
            app/controllers/herbarium_record_controller.rb:159:in `show_selected_herbarium_records'
            app/controllers/herbarium_record_controller.rb:57:in `observation_index'
            app/controllers/application_controller.rb:224:in `catch_errors_and_log_request_stats'
            test/functional_test_case.rb:24:in `get'
            test/controller_extensions.rb:112:in `get_with_dump'
            test/controllers/herbarium_record_controller_test.rb:28:in `test_observation_index'

[0m[1000D[K[31mERROR[0m["test_edit_herbarium_record", #<Minitest::Reporters::Suite:0x000000000d1a5498 @name="HerbariumRecordControllerTest">, 120.21665794]
 test_edit_herbarium_record#HerbariumRecordControllerTest (120.22s)
Minitest::UnexpectedError:         ActionView::Template::Error: wrong number of arguments (given 1, expected 0)
            app/views/layouts/application.html.erb:66:in `_app_views_layouts_application_html_erb__39940670809711777_59906580'
            app/controllers/application_controller.rb:224:in `catch_errors_and_log_request_stats'
            test/functional_test_case.rb:24:in `get'
            test/controller_extensions.rb:112:in `get_with_dump'
            test/controllers/herbarium_record_controller_test.rb:211:in `test_edit_herbarium_record'

[0m[1000D[K[31mERROR[0m["test_create_herbarium_record_redirect", #<Minitest::Reporters::Suite:0x000000000c06e378 @name="HerbariumRecordControllerTest">, 120.29090447700003]
 test_create_herbarium_record_redirect#HerbariumRecordControllerTest (120.29s)
Minitest::UnexpectedError:         ActionView::Template::Error: wrong number of arguments (given 1, expected 0)
            app/views/layouts/application.html.erb:66:in `_app_views_layouts_application_html_erb__39940670809711777_59906580'
            app/controllers/application_controller.rb:224:in `catch_errors_and_log_request_stats'
            test/functional_test_case.rb:24:in `get'
            test/controllers/herbarium_record_controller_test.rb:192:in `test_create_herbarium_record_redirect'

[0m[1000D[K[31mERROR[0m["test_observation_with_no_herbarium_records_index", #<Minitest::Reporters::Suite:0x000000000d143720 @name="HerbariumRecordControllerTest">, 120.318890195]
 test_observation_with_no_herbarium_records_index#HerbariumRecordControllerTest (120.32s)
Minitest::UnexpectedError:         ActionView::Template::Error: undefined method `safe_join' for "":ActiveSupport::SafeBuffer
        Did you mean?  safe_concat
            app/helpers/pagination_helper.rb:118:in `block (2 levels) in pagination_numbers'
            app/helpers/pagination_helper.rb:117:in `block in pagination_numbers'
            app/helpers/pagination_helper.rb:116:in `pagination_numbers'
            app/helpers/pagination_helper.rb:15:in `paginate_block'
            app/views/herbarium_record/list_herbarium_records.html.erb:11:in `_app_views_herbarium_record_list_herbarium_records_html_erb___1518509989649603574_104884180'
            app/controllers/application_controller.rb:1498:in `show_index_of_objects'
            app/controllers/herbarium_record_controller.rb:159:in `show_selected_herbarium_records'
            app/controllers/herbarium_record_controller.rb:57:in `observation_index'
            app/controllers/application_controller.rb:224:in `catch_errors_and_log_request_stats'
            test/functional_test_case.rb:24:in `get'
            test/controller_extensions.rb:112:in `get_with_dump'
            test/controllers/herbarium_record_controller_test.rb:34:in `test_observation_with_no_herbarium_records_index'

[0m[1000D[K[31mERROR[0m["test_edit_herbarium_record_redirect", #<Minitest::Reporters::Suite:0x000000000d8ecb48 @name="HerbariumRecordControllerTest">, 120.38959111600002]
 test_edit_herbarium_record_redirect#HerbariumRecordControllerTest (120.39s)
Minitest::UnexpectedError:         ActionView::Template::Error: wrong number of arguments (given 1, expected 0)
            app/views/layouts/application.html.erb:66:in `_app_views_layouts_application_html_erb__39940670809711777_59906580'
            app/controllers/application_controller.rb:224:in `catch_errors_and_log_request_stats'
            test/functional_test_case.rb:24:in `get'
            test/controllers/herbarium_record_controller_test.rb:264:in `test_edit_herbarium_record_redirect'

[0m[1000D[K[31mERROR[0m["test_index_herbarium_record", #<Minitest::Reporters::Suite:0x000000000e2458c0 @name="HerbariumRecordControllerTest">, 120.473781126]
 test_index_herbarium_record#HerbariumRecordControllerTest (120.47s)
Minitest::UnexpectedError:         ActionView::Template::Error: undefined method `safe_join' for "":ActiveSupport::SafeBuffer
        Did you mean?  safe_concat
            app/helpers/pagination_helper.rb:118:in `block (2 levels) in pagination_numbers'
            app/helpers/pagination_helper.rb:117:in `block in pagination_numbers'
            app/helpers/pagination_helper.rb:116:in `pagination_numbers'
            app/helpers/pagination_helper.rb:15:in `paginate_block'
            app/views/herbarium_record/list_herbarium_records.html.erb:11:in `_app_views_herbarium_record_list_herbarium_records_html_erb___1518509989649603574_104884180'
            app/controllers/application_controller.rb:1498:in `show_index_of_objects'
            app/controllers/herbarium_record_controller.rb:159:in `show_selected_herbarium_records'
            app/controllers/herbarium_record_controller.rb:17:in `index_herbarium_record'
            app/controllers/application_controller.rb:224:in `catch_errors_and_log_request_stats'
            test/functional_test_case.rb:24:in `get'
            test/controllers/herbarium_record_controller_test.rb:58:in `test_index_herbarium_record'

[0m[1000D[K[31mERROR[0m["test_edit_herbarium_record_post_no_specimen", #<Minitest::Reporters::Suite:0x000000000f4be128 @name="HerbariumRecordControllerTest">, 120.73175875100003]
 test_edit_herbarium_record_post_no_specimen#HerbariumRecordControllerTest (120.73s)
Minitest::UnexpectedError:         ActionView::Template::Error: wrong number of arguments (given 1, expected 0)
            app/views/layouts/application.html.erb:66:in `_app_views_layouts_application_html_erb__39940670809711777_59906580'
            app/controllers/application_controller.rb:224:in `catch_errors_and_log_request_stats'
            test/functional_test_case.rb:30:in `post'
            test/controllers/herbarium_record_controller_test.rb:243:in `test_edit_herbarium_record_post_no_specimen'

[32m=[0m[32m=[0m[32m=[0m[32m=[0m[0m[1000D[K[31mERROR[0m["test_edit_translation_form_post_reload_greek", #<Minitest::Reporters::Suite:0x000000000c65afe8 @name="TranslationControllerTest">, 121.29874534999999]
 test_edit_translation_form_post_reload_greek#TranslationControllerTest (121.30s)
Minitest::UnexpectedError:         ActionView::Template::Error: wrong number of arguments (given 1, expected 0)
            app/views/layouts/application.html.erb:66:in `_app_views_layouts_application_html_erb__39940670809711777_59906580'
            app/controllers/application_controller.rb:224:in `catch_errors_and_log_request_stats'
            test/functional_test_case.rb:30:in `post'
            test/controllers/translation_controller_test.rb:233:in `test_edit_translation_form_post_reload_greek'

[0m[1000D[K[31mERROR[0m["test_edit_translation_form_get", #<Minitest::Reporters::Suite:0x000000000e6e6708 @name="TranslationControllerTest">, 121.353795144]
 test_edit_translation_form_get#TranslationControllerTest (121.35s)
Minitest::UnexpectedError:         ActionView::Template::Error: wrong number of arguments (given 1, expected 0)
            app/views/layouts/application.html.erb:66:in `_app_views_layouts_application_html_erb__39940670809711777_59906580'
            app/controllers/application_controller.rb:224:in `catch_errors_and_log_request_stats'
            test/functional_test_case.rb:24:in `get'
            test/controllers/translation_controller_test.rb:165:in `test_edit_translation_form_get'

[0m[1000D[K[31mERROR[0m["test_edit_translation_form_post_save_z", #<Minitest::Reporters::Suite:0x000000000cbbca40 @name="TranslationControllerTest">, 121.41667784700002]
 test_edit_translation_form_post_save_z#TranslationControllerTest (121.42s)
Minitest::UnexpectedError:         ActionView::Template::Error: wrong number of arguments (given 1, expected 0)
            app/views/layouts/application.html.erb:66:in `_app_views_layouts_application_html_erb__39940670809711777_59906580'
            app/controllers/application_controller.rb:224:in `catch_errors_and_log_request_stats'
            test/functional_test_case.rb:30:in `post'
            test/controllers/translation_controller_test.rb:196:in `translation_for_one'
            test/controllers/translation_controller_test.rb:207:in `block in test_edit_translation_form_post_save_z'
            app/models/language_exporter.rb:51:in `alt_locales_path'
            test/general_extensions.rb:84:in `use_test_locales'
            test/controllers/translation_controller_test.rb:204:in `test_edit_translation_form_post_save_z'

[0m[1000D[K[31mERROR[0m["test_edit_translation_form_get_tag", #<Minitest::Reporters::Suite:0x000000000d3e9e48 @name="TranslationControllerTest">, 121.479082038]
 test_edit_translation_form_get_tag#TranslationControllerTest (121.48s)
Minitest::UnexpectedError:         ActionView::Template::Error: wrong number of arguments (given 1, expected 0)
            app/views/layouts/application.html.erb:66:in `_app_views_layouts_application_html_erb__39940670809711777_59906580'
            app/controllers/application_controller.rb:224:in `catch_errors_and_log_request_stats'
            test/functional_test_case.rb:24:in `get'
            test/controllers/translation_controller_test.rb:173:in `test_edit_translation_form_get_tag'

[0m[1000D[K[31mERROR[0m["test_authorization_admin_en", #<Minitest::Reporters::Suite:0x000000000e185318 @name="TranslationControllerTest">, 121.56152063600001]
 test_authorization_admin_en#TranslationControllerTest (121.56s)
Minitest::UnexpectedError:         ActionView::Template::Error: wrong number of arguments (given 1, expected 0)
            app/views/layouts/application.html.erb:66:in `_app_views_layouts_application_html_erb__39940670809711777_59906580'
            app/controllers/application_controller.rb:224:in `catch_errors_and_log_request_stats'
            test/functional_test_case.rb:24:in `get'
            test/controllers/translation_controller_test.rb:158:in `test_authorization_admin_en'

[32m=[0m[32m=[0m[0m[1000D[K[31mERROR[0m["test_authorization_user_el", #<Minitest::Reporters::Suite:0x000000000f0cab20 @name="TranslationControllerTest">, 121.619386426]
 test_authorization_user_el#TranslationControllerTest (121.62s)
Minitest::UnexpectedError:         ActionView::Template::Error: wrong number of arguments (given 1, expected 0)
            app/views/layouts/application.html.erb:66:in `_app_views_layouts_application_html_erb__39940670809711777_59906580'
            app/controllers/application_controller.rb:224:in `catch_errors_and_log_request_stats'
            test/functional_test_case.rb:24:in `get'
            test/controllers/translation_controller_test.rb:151:in `test_authorization_user_el'

[0m[1000D[K[31mERROR[0m["test_edit_translation_form_post_cancel", #<Minitest::Reporters::Suite:0x000000000f8e02d8 @name="TranslationControllerTest">, 121.704924979]
 test_edit_translation_form_post_cancel#TranslationControllerTest (121.70s)
Minitest::UnexpectedError:         ActionView::Template::Error: wrong number of arguments (given 1, expected 0)
            app/views/layouts/application.html.erb:66:in `_app_views_layouts_application_html_erb__39940670809711777_59906580'
            app/controllers/application_controller.rb:224:in `catch_errors_and_log_request_stats'
            test/functional_test_case.rb:30:in `post'
            test/controllers/translation_controller_test.rb:220:in `test_edit_translation_form_post_cancel'

[0m[1000D[K[31mERROR[0m["test_edit_translation_form_post_save_greek", #<Minitest::Reporters::Suite:0x000000000fc48bc8 @name="TranslationControllerTest">, 121.78041021799999]
 test_edit_translation_form_post_save_greek#TranslationControllerTest (121.78s)
Minitest::UnexpectedError:         ActionView::Template::Error: wrong number of arguments (given 1, expected 0)
            app/views/layouts/application.html.erb:66:in `_app_views_layouts_application_html_erb__39940670809711777_59906580'
            app/controllers/application_controller.rb:224:in `catch_errors_and_log_request_stats'
            test/functional_test_case.rb:30:in `post'
            test/controllers/translation_controller_test.rb:196:in `translation_for_one'
            test/controllers/translation_controller_test.rb:251:in `block in test_edit_translation_form_post_save_greek'
            app/models/language_exporter.rb:51:in `alt_locales_path'
            test/general_extensions.rb:84:in `use_test_locales'
            test/controllers/translation_controller_test.rb:245:in `test_edit_translation_form_post_save_greek'

[0m[1000D[K[31m FAIL[0m["test_edit_translation_ajax_form", #<Minitest::Reporters::Suite:0x00000000101151b0 @name="TranslationControllerTest">, 121.91456366700004]
 test_edit_translation_ajax_form#TranslationControllerTest (121.91s)
        Expected: "one"
          Actual: "uno"
        test/controllers/translation_controller_test.rb:306:in `block in test_edit_translation_ajax_form'
        app/models/language_exporter.rb:51:in `alt_locales_path'
        test/general_extensions.rb:84:in `use_test_locales'
        test/controllers/translation_controller_test.rb:264:in `test_edit_translation_ajax_form'

[0m[1000D[K[31mERROR[0m["test_edit_translation_form_get_tag_two", #<Minitest::Reporters::Suite:0x00000000108e39a0 @name="TranslationControllerTest">, 121.97836590899999]
 test_edit_translation_form_get_tag_two#TranslationControllerTest (121.98s)
Minitest::UnexpectedError:         ActionView::Template::Error: wrong number of arguments (given 1, expected 0)
            app/views/layouts/application.html.erb:66:in `_app_views_layouts_application_html_erb__39940670809711777_59906580'
            app/controllers/application_controller.rb:224:in `catch_errors_and_log_request_stats'
            test/functional_test_case.rb:24:in `get'
            test/controller_extensions.rb:112:in `get_with_dump'
            test/controllers/translation_controller_test.rb:181:in `test_edit_translation_form_get_tag_two'

[0m[1000D[K[31mERROR[0m["test_page_expired", #<Minitest::Reporters::Suite:0x000000000d516578 @name="TranslationControllerTest">, 122.12769444500003]
 test_page_expired#TranslationControllerTest (122.13s)
Minitest::UnexpectedError:         ActionView::Template::Error: wrong number of arguments (given 1, expected 0)
            app/views/layouts/application.html.erb:66:in `_app_views_layouts_application_html_erb__39940670809711777_59906580'
            app/controllers/application_controller.rb:224:in `catch_errors_and_log_request_stats'
            test/functional_test_case.rb:24:in `get'
            test/controllers/translation_controller_test.rb:330:in `test_page_expired'

[0m[1000D[K[31mERROR[0m["test_add_members", #<Minitest::Reporters::Suite:0x000000000d01cbf8 @name="ProjectControllerTest">, 122.318594415]
 test_add_members#ProjectControllerTest (122.32s)
Minitest::UnexpectedError:         ActionView::Template::Error: wrong number of arguments (given 1, expected 0)
            app/views/layouts/application.html.erb:66:in `_app_views_layouts_application_html_erb__39940670809711777_59906580'
            app/controllers/application_controller.rb:224:in `catch_errors_and_log_request_stats'
            test/functional_test_case.rb:24:in `get'
            test/controller_extensions.rb:112:in `get_with_dump'
            test/controller_extensions.rb:469:in `assert_request'
            test/controller_extensions.rb:213:in `either_requires_either'
            test/controller_extensions.rb:135:in `requires_login'
            test/controllers/project_controller_test.rb:360:in `test_add_members'

[0m[1000D[K[31mERROR[0m["test_add_project_empty_name", #<Minitest::Reporters::Suite:0x000000000e5b1450 @name="ProjectControllerTest">, 122.38368634599999]
 test_add_project_empty_name#ProjectControllerTest (122.38s)
Minitest::UnexpectedError:         ActionView::Template::Error: wrong number of arguments (given 1, expected 0)
            app/views/layouts/application.html.erb:66:in `_app_views_layouts_application_html_erb__39940670809711777_59906580'
            app/controllers/application_controller.rb:224:in `catch_errors_and_log_request_stats'
            test/functional_test_case.rb:30:in `post'
            test/controller_extensions.rb:125:in `post_with_dump'
            test/controller_extensions.rb:469:in `assert_request'
            test/controller_extensions.rb:213:in `either_requires_either'
            test/controller_extensions.rb:144:in `post_requires_login'
            test/controllers/project_controller_test.rb:12:in `add_project_helper'
            test/controllers/project_controller_test.rb:132:in `test_add_project_empty_name'

[0m[1000D[K[31mERROR[0m["test_edit_project", #<Minitest::Reporters::Suite:0x000000000d2f7f08 @name="ProjectControllerTest">, 122.50321893]
 test_edit_project#ProjectControllerTest (122.50s)
Minitest::UnexpectedError:         ActionView::Template::Error: wrong number of arguments (given 1, expected 0)
            app/views/layouts/application.html.erb:66:in `_app_views_layouts_application_html_erb__39940670809711777_59906580'
            app/controllers/application_controller.rb:224:in `catch_errors_and_log_request_stats'
            test/functional_test_case.rb:24:in `get'
            test/controller_extensions.rb:112:in `get_with_dump'
            test/controller_extensions.rb:469:in `assert_request'
            test/controller_extensions.rb:213:in `either_requires_either'
            test/controller_extensions.rb:155:in `requires_user'
            test/controllers/project_controller_test.rb:142:in `test_edit_project'

[0m[1000D[K[31mERROR[0m["test_add_project_existing", #<Minitest::Reporters::Suite:0x000000000d3d0948 @name="ProjectControllerTest">, 122.54489777999999]
 test_add_project_existing#ProjectControllerTest (122.54s)
Minitest::UnexpectedError:         ActionView::Template::Error: wrong number of arguments (given 1, expected 0)
            app/views/layouts/application.html.erb:66:in `_app_views_layouts_application_html_erb__39940670809711777_59906580'
            app/controllers/application_controller.rb:224:in `catch_errors_and_log_request_stats'
            test/functional_test_case.rb:30:in `post'
            test/controller_extensions.rb:125:in `post_with_dump'
            test/controller_extensions.rb:469:in `assert_request'
            test/controller_extensions.rb:213:in `either_requires_either'
            test/controller_extensions.rb:144:in `post_requires_login'
            test/controllers/project_controller_test.rb:12:in `add_project_helper'
            test/controllers/project_controller_test.rb:66:in `test_add_project_existing'

[32m=[0m[0m[1000D[K[31mERROR[0m["test_show_project", #<Minitest::Reporters::Suite:0x000000000de92f20 @name="ProjectControllerTest">, 122.772550535]
 test_show_project#ProjectControllerTest (122.77s)
Minitest::UnexpectedError:         ActionView::Template::Error: wrong number of arguments (given 1, expected 0)
            app/views/layouts/application.html.erb:66:in `_app_views_layouts_application_html_erb__39940670809711777_59906580'
            app/controllers/application_controller.rb:224:in `catch_errors_and_log_request_stats'
            test/functional_test_case.rb:24:in `get'
            test/controller_extensions.rb:112:in `get_with_dump'
            test/controllers/project_controller_test.rb:72:in `test_show_project'

[0m[1000D[K[31mERROR[0m["test_add_project", #<Minitest::Reporters::Suite:0x000000000e828788 @name="ProjectControllerTest">, 122.84456454600002]
 test_add_project#ProjectControllerTest (122.84s)
Minitest::UnexpectedError:         ActionView::Template::Error: wrong number of arguments (given 1, expected 0)
            app/views/layouts/application.html.erb:66:in `_app_views_layouts_application_html_erb__39940670809711777_59906580'
            app/controllers/application_controller.rb:224:in `catch_errors_and_log_request_stats'
            test/functional_test_case.rb:24:in `get'
            test/controller_extensions.rb:112:in `get_with_dump'
            test/controller_extensions.rb:469:in `assert_request'
            test/controller_extensions.rb:213:in `either_requires_either'
            test/controller_extensions.rb:135:in `requires_login'
            test/controllers/project_controller_test.rb:97:in `test_add_project'

[0m[1000D[K[31mERROR[0m["test_edit_project_existing", #<Minitest::Reporters::Suite:0x000000000f226aa0 @name="ProjectControllerTest">, 123.00812591300001]
 test_edit_project_existing#ProjectControllerTest (123.01s)
Minitest::UnexpectedError:         ActionView::Template::Error: wrong number of arguments (given 1, expected 0)
            app/views/layouts/application.html.erb:66:in `_app_views_layouts_application_html_erb__39940670809711777_59906580'
            app/controllers/application_controller.rb:224:in `catch_errors_and_log_request_stats'
            test/functional_test_case.rb:30:in `post'
            test/controller_extensions.rb:125:in `post_with_dump'
            test/controller_extensions.rb:469:in `assert_request'
            test/controller_extensions.rb:213:in `either_requires_either'
            test/controller_extensions.rb:167:in `post_requires_user'
            test/controllers/project_controller_test.rb:24:in `edit_project_helper'
            test/controllers/project_controller_test.rb:171:in `test_edit_project_existing'

[0m[1000D[K[31mERROR[0m["test_admin_request", #<Minitest::Reporters::Suite:0x000000000f34ae90 @name="ProjectControllerTest">, 123.066815899]
 test_admin_request#ProjectControllerTest (123.07s)
Minitest::UnexpectedError:         ActionView::Template::Error: wrong number of arguments (given 1, expected 0)
            app/views/layouts/application.html.erb:66:in `_app_views_layouts_application_html_erb__39940670809711777_59906580'
            app/controllers/application_controller.rb:224:in `catch_errors_and_log_request_stats'
            test/functional_test_case.rb:24:in `get'
            test/controller_extensions.rb:112:in `get_with_dump'
            test/controller_extensions.rb:469:in `assert_request'
            test/controller_extensions.rb:213:in `either_requires_either'
            test/controller_extensions.rb:135:in `requires_login'
            test/controllers/project_controller_test.rb:258:in `test_admin_request'

[0m[1000D[K[31mERROR[0m["test_change_member_status", #<Minitest::Reporters::Suite:0x000000000fccbf28 @name="ProjectControllerTest">, 123.28275690100003]
 test_change_member_status#ProjectControllerTest (123.28s)
Minitest::UnexpectedError:         ActionView::Template::Error: wrong number of arguments (given 1, expected 0)
            app/views/layouts/application.html.erb:66:in `_app_views_layouts_application_html_erb__39940670809711777_59906580'
            app/controllers/application_controller.rb:224:in `catch_errors_and_log_request_stats'
            test/functional_test_case.rb:24:in `get'
            test/controller_extensions.rb:112:in `get_with_dump'
            test/controller_extensions.rb:469:in `assert_request'
            test/controller_extensions.rb:213:in `either_requires_either'
            test/controller_extensions.rb:135:in `requires_login'
            test/controllers/project_controller_test.rb:268:in `test_change_member_status'

[0m[1000D[K[31mERROR[0m["test_add_member_admin", #<Minitest::Reporters::Suite:0x0000000010048958 @name="ProjectControllerTest">, 123.36029585700004]
 test_add_member_admin#ProjectControllerTest (123.36s)
Minitest::UnexpectedError:         ActionView::Template::Error: wrong number of arguments (given 1, expected 0)
            app/views/layouts/application.html.erb:66:in `_app_views_layouts_application_html_erb__39940670809711777_59906580'
            app/controllers/application_controller.rb:224:in `catch_errors_and_log_request_stats'
            test/functional_test_case.rb:24:in `get'
            test/controller_extensions.rb:112:in `get_with_dump'
            test/controller_extensions.rb:469:in `assert_request'
            test/controller_extensions.rb:213:in `either_requires_either'
            test/controller_extensions.rb:135:in `requires_login'
            test/controllers/project_controller_test.rb:380:in `test_add_member_admin'

[32m=[0m[32m=[0m[0m[1000D[K[31mERROR[0m["test_edit_project_empty_name", #<Minitest::Reporters::Suite:0x00000000103b5a28 @name="ProjectControllerTest">, 123.46951392400001]
 test_edit_project_empty_name#ProjectControllerTest (123.47s)
Minitest::UnexpectedError:         ActionView::Template::Error: wrong number of arguments (given 1, expected 0)
            app/views/layouts/application.html.erb:66:in `_app_views_layouts_application_html_erb__39940670809711777_59906580'
            app/controllers/application_controller.rb:224:in `catch_errors_and_log_request_stats'
            test/functional_test_case.rb:30:in `post'
            test/controller_extensions.rb:125:in `post_with_dump'
            test/controller_extensions.rb:469:in `assert_request'
            test/controller_extensions.rb:213:in `either_requires_either'
            test/controller_extensions.rb:167:in `post_requires_user'
            test/controllers/project_controller_test.rb:24:in `edit_project_helper'
            test/controllers/project_controller_test.rb:167:in `test_edit_project_empty_name'

[0m[1000D[K[31mERROR[0m["test_list_projects", #<Minitest::Reporters::Suite:0x00000000105eab40 @name="ProjectControllerTest">, 123.55848246599999]
 test_list_projects#ProjectControllerTest (123.56s)
Minitest::UnexpectedError:         ActionView::Template::Error: undefined method `safe_join' for "":ActiveSupport::SafeBuffer
        Did you mean?  safe_concat
            app/helpers/pagination_helper.rb:118:in `block (2 levels) in pagination_numbers'
            app/helpers/pagination_helper.rb:117:in `block in pagination_numbers'
            app/helpers/pagination_helper.rb:116:in `pagination_numbers'
            app/helpers/pagination_helper.rb:15:in `paginate_block'
            app/views/projects/list_projects.html.erb:14:in `_app_views_project_list_projects_html_erb__481009873799760550_137170840'
            app/controllers/application_controller.rb:1498:in `show_index_of_objects'
            app/controllers/project_controller.rb:95:in `show_selected_projects'
            app/controllers/project_controller.rb:63:in `list_projects'
            app/controllers/application_controller.rb:224:in `catch_errors_and_log_request_stats'
            test/functional_test_case.rb:24:in `get'
            test/controller_extensions.rb:112:in `get_with_dump'
            test/controllers/project_controller_test.rb:92:in `test_list_projects'

[0m[1000D[K[31mERROR[0m["test_add_project_existing_user_group", #<Minitest::Reporters::Suite:0x000000000c4bdd20 @name="ProjectControllerTest">, 123.79150183799999]
 test_add_project_existing_user_group#ProjectControllerTest (123.79s)
Minitest::UnexpectedError:         ActionView::Template::Error: wrong number of arguments (given 1, expected 0)
            app/views/layouts/application.html.erb:66:in `_app_views_layouts_application_html_erb__39940670809711777_59906580'
            app/controllers/application_controller.rb:224:in `catch_errors_and_log_request_stats'
            test/functional_test_case.rb:30:in `post'
            test/controller_extensions.rb:125:in `post_with_dump'
            test/controller_extensions.rb:469:in `assert_request'
            test/controller_extensions.rb:213:in `either_requires_either'
            test/controller_extensions.rb:144:in `post_requires_login'
            test/controllers/project_controller_test.rb:12:in `add_project_helper'
            test/controllers/project_controller_test.rb:136:in `test_add_project_existing_user_group'

[0m[1000D[K[31mERROR[0m["test_show_project_logged_in", #<Minitest::Reporters::Suite:0x000000000da1e408 @name="ProjectControllerTest">, 123.93722576100004]
 test_show_project_logged_in#ProjectControllerTest (123.94s)
Minitest::UnexpectedError:         ActionView::Template::Error: wrong number of arguments (given 1, expected 0)
            app/views/layouts/application.html.erb:66:in `_app_views_layouts_application_html_erb__39940670809711777_59906580'
            app/controllers/application_controller.rb:224:in `catch_errors_and_log_request_stats'
            test/functional_test_case.rb:24:in `get'
            test/controller_extensions.rb:112:in `get_with_dump'
            test/controller_extensions.rb:469:in `assert_request'
            test/controller_extensions.rb:213:in `either_requires_either'
            test/controller_extensions.rb:135:in `requires_login'
            test/controllers/project_controller_test.rb:82:in `test_show_project_logged_in'

[0m[1000D[K[31mERROR[0m["test_edit_collection_number_post", #<Minitest::Reporters::Suite:0x000000000e4947e8 @name="CollectionNumberControllerTest">, 124.069061196]
 test_edit_collection_number_post#CollectionNumberControllerTest (124.07s)
Minitest::UnexpectedError:         ActionView::Template::Error: wrong number of arguments (given 1, expected 0)
            app/views/layouts/application.html.erb:66:in `_app_views_layouts_application_html_erb__39940670809711777_59906580'
            app/controllers/application_controller.rb:224:in `catch_errors_and_log_request_stats'
            test/functional_test_case.rb:30:in `post'
            test/controllers/collection_number_controller_test.rb:270:in `test_edit_collection_number_post'

[0m[1000D[K[31mERROR[0m["test_observation_index_with_no_collection_numbers", #<Minitest::Reporters::Suite:0x000000000d974a20 @name="CollectionNumberControllerTest">, 124.23577564800001]
 test_observation_index_with_no_collection_numbers#CollectionNumberControllerTest (124.24s)
Minitest::UnexpectedError:         ActionView::Template::Error: undefined method `safe_join' for "":ActiveSupport::SafeBuffer
        Did you mean?  safe_concat
            app/helpers/pagination_helper.rb:118:in `block (2 levels) in pagination_numbers'
            app/helpers/pagination_helper.rb:117:in `block in pagination_numbers'
            app/helpers/pagination_helper.rb:116:in `pagination_numbers'
            app/helpers/pagination_helper.rb:15:in `paginate_block'
            app/views/collection_number/list_collection_numbers.html.erb:10:in `_app_views_collection_number_list_collection_numbers_html_erb__1790375939198678221_120987520'
            app/controllers/application_controller.rb:1498:in `show_index_of_objects'
            app/controllers/collection_number_controller.rb:149:in `show_selected_collection_numbers'
            app/controllers/collection_number_controller.rb:49:in `observation_index'
            app/controllers/application_controller.rb:224:in `catch_errors_and_log_request_stats'
            test/functional_test_case.rb:24:in `get'
            test/controller_extensions.rb:112:in `get_with_dump'
            test/controllers/collection_number_controller_test.rb:28:in `test_observation_index_with_no_collection_numbers'

[0m[1000D[K[31mERROR[0m["test_collection_index", #<Minitest::Reporters::Suite:0x000000000ca53d98 @name="CollectionNumberControllerTest">, 124.265719472]
 test_collection_index#CollectionNumberControllerTest (124.27s)
Minitest::UnexpectedError:         ActionView::Template::Error: undefined method `safe_join' for "":ActiveSupport::SafeBuffer
        Did you mean?  safe_concat
            app/helpers/pagination_helper.rb:118:in `block (2 levels) in pagination_numbers'
            app/helpers/pagination_helper.rb:117:in `block in pagination_numbers'
            app/helpers/pagination_helper.rb:116:in `pagination_numbers'
            app/helpers/pagination_helper.rb:15:in `paginate_block'
            app/views/collection_number/list_collection_numbers.html.erb:10:in `_app_views_collection_number_list_collection_numbers_html_erb__1790375939198678221_120987520'
            app/controllers/application_controller.rb:1498:in `show_index_of_objects'
            app/controllers/collection_number_controller.rb:149:in `show_selected_collection_numbers'
            app/controllers/collection_number_controller.rb:24:in `list_collection_numbers'
            app/controllers/application_controller.rb:224:in `catch_errors_and_log_request_stats'
            test/functional_test_case.rb:24:in `get'
            test/controller_extensions.rb:112:in `get_with_dump'
            test/controllers/collection_number_controller_test.rb:5:in `test_collection_index'

[32m=[0m[0m[1000D[K[31mERROR[0m["test_create_collection_number", #<Minitest::Reporters::Suite:0x000000000f0be230 @name="CollectionNumberControllerTest">, 124.73997242600001]
 test_create_collection_number#CollectionNumberControllerTest (124.74s)
Minitest::UnexpectedError:         ActionView::Template::Error: wrong number of arguments (given 1, expected 0)
            app/views/layouts/application.html.erb:66:in `_app_views_layouts_application_html_erb__39940670809711777_59906580'
            app/controllers/application_controller.rb:224:in `catch_errors_and_log_request_stats'
            test/functional_test_case.rb:24:in `get'
            test/controller_extensions.rb:112:in `get_with_dump'
            test/controllers/collection_number_controller_test.rb:98:in `test_create_collection_number'

[0m[1000D[K[31mERROR[0m["test_collection_number_search", #<Minitest::Reporters::Suite:0x000000000f1e6cc0 @name="CollectionNumberControllerTest">, 124.767520214]
 test_collection_number_search#CollectionNumberControllerTest (124.77s)
Minitest::UnexpectedError:         ActionView::Template::Error: undefined method `safe_join' for "":ActiveSupport::SafeBuffer
        Did you mean?  safe_concat
            app/helpers/pagination_helper.rb:118:in `block (2 levels) in pagination_numbers'
            app/helpers/pagination_helper.rb:117:in `block in pagination_numbers'
            app/helpers/pagination_helper.rb:116:in `pagination_numbers'
            app/helpers/pagination_helper.rb:15:in `paginate_block'
            app/views/collection_number/list_collection_numbers.html.erb:10:in `_app_views_collection_number_list_collection_numbers_html_erb__1790375939198678221_120987520'
            app/controllers/application_controller.rb:1498:in `show_index_of_objects'
            app/controllers/collection_number_controller.rb:149:in `show_selected_collection_numbers'
            app/controllers/collection_number_controller.rb:35:in `collection_number_search'
            app/controllers/application_controller.rb:224:in `catch_errors_and_log_request_stats'
            test/functional_test_case.rb:24:in `get'
            test/controllers/collection_number_controller_test.rb:36:in `test_collection_number_search'

[0m[1000D[K[31mERROR[0m["test_observation_index_with_multiple_collection_numbers", #<Minitest::Reporters::Suite:0x000000000f437a60 @name="CollectionNumberControllerTest">, 124.85095311700002]
 test_observation_index_with_multiple_collection_numbers#CollectionNumberControllerTest (124.85s)
Minitest::UnexpectedError:         ActionView::Template::Error: undefined method `safe_join' for "":ActiveSupport::SafeBuffer
        Did you mean?  safe_concat
            app/helpers/pagination_helper.rb:118:in `block (2 levels) in pagination_numbers'
            app/helpers/pagination_helper.rb:117:in `block in pagination_numbers'
            app/helpers/pagination_helper.rb:116:in `pagination_numbers'
            app/helpers/pagination_helper.rb:15:in `paginate_block'
            app/views/collection_number/list_collection_numbers.html.erb:10:in `_app_views_collection_number_list_collection_numbers_html_erb__1790375939198678221_120987520'
            app/controllers/application_controller.rb:1498:in `show_index_of_objects'
            app/controllers/collection_number_controller.rb:149:in `show_selected_collection_numbers'
            app/controllers/collection_number_controller.rb:49:in `observation_index'
            app/controllers/application_controller.rb:224:in `catch_errors_and_log_request_stats'
            test/functional_test_case.rb:24:in `get'
            test/controller_extensions.rb:112:in `get_with_dump'
            test/controllers/collection_number_controller_test.rb:20:in `test_observation_index_with_multiple_collection_numbers'

[0m[1000D[K[31mERROR[0m["test_show_collection_number", #<Minitest::Reporters::Suite:0x000000000f56c3b8 @name="CollectionNumberControllerTest">, 124.92627674700003]
 test_show_collection_number#CollectionNumberControllerTest (124.93s)
Minitest::UnexpectedError:         ActionView::Template::Error: wrong number of arguments (given 1, expected 0)
            app/views/layouts/application.html.erb:66:in `_app_views_layouts_application_html_erb__39940670809711777_59906580'
            app/controllers/application_controller.rb:224:in `catch_errors_and_log_request_stats'
            test/functional_test_case.rb:24:in `get'
            test/controller_extensions.rb:112:in `get_with_dump'
            test/controllers/collection_number_controller_test.rb:68:in `test_show_collection_number'

[0m[1000D[K[31mERROR[0m["test_create_collection_number_post", #<Minitest::Reporters::Suite:0x000000000f896e58 @name="CollectionNumberControllerTest">, 124.985547849]
 test_create_collection_number_post#CollectionNumberControllerTest (124.99s)
Minitest::UnexpectedError:         ActionView::Template::Error: wrong number of arguments (given 1, expected 0)
            app/views/layouts/application.html.erb:66:in `_app_views_layouts_application_html_erb__39940670809711777_59906580'
            app/controllers/application_controller.rb:224:in `catch_errors_and_log_request_stats'
            test/functional_test_case.rb:30:in `post'
            test/controllers/collection_number_controller_test.rb:128:in `test_create_collection_number_post'

[0m[1000D[K[31mERROR[0m["test_observation_index_with_one_collection_number", #<Minitest::Reporters::Suite:0x000000000f9b6540 @name="CollectionNumberControllerTest">, 125.02423787800001]
 test_observation_index_with_one_collection_number#CollectionNumberControllerTest (125.02s)
Minitest::UnexpectedError:         ActionView::Template::Error: undefined method `safe_join' for "":ActiveSupport::SafeBuffer
        Did you mean?  safe_concat
            app/helpers/pagination_helper.rb:118:in `block (2 levels) in pagination_numbers'
            app/helpers/pagination_helper.rb:117:in `block in pagination_numbers'
            app/helpers/pagination_helper.rb:116:in `pagination_numbers'
            app/helpers/pagination_helper.rb:15:in `paginate_block'
            app/views/collection_number/list_collection_numbers.html.erb:10:in `_app_views_collection_number_list_collection_numbers_html_erb__1790375939198678221_120987520'
            app/controllers/application_controller.rb:1498:in `show_index_of_objects'
            app/controllers/collection_number_controller.rb:149:in `show_selected_collection_numbers'
            app/controllers/collection_number_controller.rb:49:in `observation_index'
            app/controllers/application_controller.rb:224:in `catch_errors_and_log_request_stats'
            test/functional_test_case.rb:24:in `get'
            test/controller_extensions.rb:112:in `get_with_dump'
            test/controllers/collection_number_controller_test.rb:12:in `test_observation_index_with_one_collection_number'

[0m[1000D[K[31mERROR[0m["test_create_collection_number_redirect", #<Minitest::Reporters::Suite:0x000000000ff287f8 @name="CollectionNumberControllerTest">, 125.133792067]
 test_create_collection_number_redirect#CollectionNumberControllerTest (125.13s)
Minitest::UnexpectedError:         ActionView::Template::Error: wrong number of arguments (given 1, expected 0)
            app/views/layouts/application.html.erb:66:in `_app_views_layouts_application_html_erb__39940670809711777_59906580'
            app/controllers/application_controller.rb:224:in `catch_errors_and_log_request_stats'
            test/functional_test_case.rb:24:in `get'
            test/controllers/collection_number_controller_test.rb:209:in `test_create_collection_number_redirect'

[0m[1000D[K[31mERROR[0m["test_index_collection_number", #<Minitest::Reporters::Suite:0x000000001004aaa0 @name="CollectionNumberControllerTest">, 125.16177923200001]
 test_index_collection_number#CollectionNumberControllerTest (125.16s)
Minitest::UnexpectedError:         ActionView::Template::Error: undefined method `safe_join' for "":ActiveSupport::SafeBuffer
        Did you mean?  safe_concat
            app/helpers/pagination_helper.rb:118:in `block (2 levels) in pagination_numbers'
            app/helpers/pagination_helper.rb:117:in `block in pagination_numbers'
            app/helpers/pagination_helper.rb:116:in `pagination_numbers'
            app/helpers/pagination_helper.rb:15:in `paginate_block'
            app/views/collection_number/list_collection_numbers.html.erb:10:in `_app_views_collection_number_list_collection_numbers_html_erb__1790375939198678221_120987520'
            app/controllers/application_controller.rb:1498:in `show_index_of_objects'
            app/controllers/collection_number_controller.rb:149:in `show_selected_collection_numbers'
            app/controllers/collection_number_controller.rb:16:in `index_collection_number'
            app/controllers/application_controller.rb:224:in `catch_errors_and_log_request_stats'
            test/functional_test_case.rb:24:in `get'
            test/controllers/collection_number_controller_test.rb:56:in `test_index_collection_number'

[0m[1000D[K[31mERROR[0m["test_edit_collection_number", #<Minitest::Reporters::Suite:0x0000000010400410 @name="CollectionNumberControllerTest">, 125.27379657900002]
 test_edit_collection_number#CollectionNumberControllerTest (125.27s)
Minitest::UnexpectedError:         ActionView::Template::Error: wrong number of arguments (given 1, expected 0)
            app/views/layouts/application.html.erb:66:in `_app_views_layouts_application_html_erb__39940670809711777_59906580'
            app/controllers/application_controller.rb:224:in `catch_errors_and_log_request_stats'
            test/functional_test_case.rb:24:in `get'
            test/controller_extensions.rb:112:in `get_with_dump'
            test/controllers/collection_number_controller_test.rb:230:in `test_edit_collection_number'

[0m[1000D[K[31mERROR[0m["test_edit_collection_number_redirect", #<Minitest::Reporters::Suite:0x00000000106186d0 @name="CollectionNumberControllerTest">, 125.342032233]
 test_edit_collection_number_redirect#CollectionNumberControllerTest (125.34s)
Minitest::UnexpectedError:         ActionView::Template::Error: wrong number of arguments (given 1, expected 0)
            app/views/layouts/application.html.erb:66:in `_app_views_layouts_application_html_erb__39940670809711777_59906580'
            app/controllers/application_controller.rb:224:in `catch_errors_and_log_request_stats'
            test/functional_test_case.rb:24:in `get'
            test/controllers/collection_number_controller_test.rb:339:in `test_edit_collection_number_redirect'

[32m=[0m[32m=[0m|

Finished in 125.34478s
1722 tests, 19606 assertions, [31m4 failures, 443 errors, [0m[33m0 skips[0m
Coverage report generated for MiniTest to /vagrant/mushroom-observer/coverage. 18801 / 21330 LOC (88.14%) covered.
[33m[Coveralls] Outside the CI environment, not sending data.[0m
